18:06:25 **** Build of configuration Debug for project misc_lcd_helloworld ****
make -r all 
Building file: ../example/src/cr_startup_lpc43xx.c
Invoking: MCU C Compiler
arm-none-eabi-gcc -D__MULTICORE_NONE -DDEBUG -D__CODE_RED -D__USE_LPCOPEN -D__REDLIB__ -DCORE_M4 -I"/home/michele/Scrivania/SE_project/Project/lpc_chip_43xx/inc" -I"/home/michele/Scrivania/SE_project/Project/lpc_board_nxp_lpcxpresso_4337/inc" -I"/home/michele/Scrivania/SE_project/Project/misc_lcd_helloworld/example/inc" -O0 -g3 -Wall -c -fmessage-length=0 -fno-builtin -ffunction-sections -fdata-sections -fsingle-precision-constant -mcpu=cortex-m4 -mfpu=fpv4-sp-d16 -mfloat-abi=softfp -mthumb -specs=redlib.specs -MMD -MP -MF"example/src/cr_startup_lpc43xx.d" -MT"example/src/cr_startup_lpc43xx.o" -MT"example/src/cr_startup_lpc43xx.d" -o "example/src/cr_startup_lpc43xx.o" "../example/src/cr_startup_lpc43xx.c"
Finished building: ../example/src/cr_startup_lpc43xx.c
 
Building file: ../example/src/lcd_helloworld.c
Invoking: MCU C Compiler
arm-none-eabi-gcc -D__MULTICORE_NONE -DDEBUG -D__CODE_RED -D__USE_LPCOPEN -D__REDLIB__ -DCORE_M4 -I"/home/michele/Scrivania/SE_project/Project/lpc_chip_43xx/inc" -I"/home/michele/Scrivania/SE_project/Project/lpc_board_nxp_lpcxpresso_4337/inc" -I"/home/michele/Scrivania/SE_project/Project/misc_lcd_helloworld/example/inc" -O0 -g3 -Wall -c -fmessage-length=0 -fno-builtin -ffunction-sections -fdata-sections -fsingle-precision-constant -mcpu=cortex-m4 -mfpu=fpv4-sp-d16 -mfloat-abi=softfp -mthumb -specs=redlib.specs -MMD -MP -MF"example/src/lcd_helloworld.d" -MT"example/src/lcd_helloworld.o" -MT"example/src/lcd_helloworld.d" -o "example/src/lcd_helloworld.o" "../example/src/lcd_helloworld.c"
Finished building: ../example/src/lcd_helloworld.c
 
Building file: ../example/src/lpc_rom8x8.c
Invoking: MCU C Compiler
arm-none-eabi-gcc -D__MULTICORE_NONE -DDEBUG -D__CODE_RED -D__USE_LPCOPEN -D__REDLIB__ -DCORE_M4 -I"/home/michele/Scrivania/SE_project/Project/lpc_chip_43xx/inc" -I"/home/michele/Scrivania/SE_project/Project/lpc_board_nxp_lpcxpresso_4337/inc" -I"/home/michele/Scrivania/SE_project/Project/misc_lcd_helloworld/example/inc" -O0 -g3 -Wall -c -fmessage-length=0 -fno-builtin -ffunction-sections -fdata-sections -fsingle-precision-constant -mcpu=cortex-m4 -mfpu=fpv4-sp-d16 -mfloat-abi=softfp -mthumb -specs=redlib.specs -MMD -MP -MF"example/src/lpc_rom8x8.d" -MT"example/src/lpc_rom8x8.o" -MT"example/src/lpc_rom8x8.d" -o "example/src/lpc_rom8x8.o" "../example/src/lpc_rom8x8.c"
Finished building: ../example/src/lpc_rom8x8.c
 
Building file: ../example/src/sysinit.c
Invoking: MCU C Compiler
arm-none-eabi-gcc -D__MULTICORE_NONE -DDEBUG -D__CODE_RED -D__USE_LPCOPEN -D__REDLIB__ -DCORE_M4 -I"/home/michele/Scrivania/SE_project/Project/lpc_chip_43xx/inc" -I"/home/michele/Scrivania/SE_project/Project/lpc_board_nxp_lpcxpresso_4337/inc" -I"/home/michele/Scrivania/SE_project/Project/misc_lcd_helloworld/example/inc" -O0 -g3 -Wall -c -fmessage-length=0 -fno-builtin -ffunction-sections -fdata-sections -fsingle-precision-constant -mcpu=cortex-m4 -mfpu=fpv4-sp-d16 -mfloat-abi=softfp -mthumb -specs=redlib.specs -MMD -MP -MF"example/src/sysinit.d" -MT"example/src/sysinit.o" -MT"example/src/sysinit.d" -o "example/src/sysinit.o" "../example/src/sysinit.c"
Finished building: ../example/src/sysinit.c
 
Building target: misc_lcd_helloworld.axf
Invoking: MCU Linker
arm-none-eabi-gcc -nostdlib -L"/home/michele/Scrivania/SE_project/Project/lpc_chip_43xx/Debug" -L"/home/michele/Scrivania/SE_project/Project/lpc_board_nxp_lpcxpresso_4337/Debug" -Xlinker -Map="misc_lcd_helloworld.map" -Xlinker --gc-sections -mcpu=cortex-m4 -mfpu=fpv4-sp-d16 -mfloat-abi=softfp -mthumb -T "misc_lcd_helloworld_Debug.ld" -o "misc_lcd_helloworld.axf"  ./example/src/cr_startup_lpc43xx.o ./example/src/lcd_helloworld.o ./example/src/lpc_rom8x8.o ./example/src/sysinit.o   -llpc_board_nxp_lpcxpresso_4337 -llpc_chip_43xx
Finished building target: misc_lcd_helloworld.axf
 
make --no-print-directory post-build
Performing post-build steps
arm-none-eabi-size "misc_lcd_helloworld.axf"; # arm-none-eabi-objcopy -v -O binary "misc_lcd_helloworld.axf" "misc_lcd_helloworld.bin" ; # checksum -p LPC4337 -d "misc_lcd_helloworld.bin";
   text	   data	    bss	    dec	    hex	filename
   9452	   4612	   1396	  15460	   3c64	misc_lcd_helloworld.axf
 

18:06:26 Build Finished (took 326ms)

