18:06:26 **** Build of configuration Debug for project misc_otp_funcs ****
make -r all 
Building file: ../example/src/cr_startup_lpc43xx.c
Invoking: MCU C Compiler
arm-none-eabi-gcc -D__MULTICORE_NONE -DDEBUG -D__CODE_RED -D__USE_LPCOPEN -D__REDLIB__ -DCORE_M4 -I"/home/michele/Scrivania/SE_project/Project/lpc_chip_43xx/inc" -I"/home/michele/Scrivania/SE_project/Project/lpc_board_nxp_lpcxpresso_4337/inc" -O0 -g3 -Wall -c -fmessage-length=0 -fno-builtin -ffunction-sections -fdata-sections -fsingle-precision-constant -mcpu=cortex-m4 -mfpu=fpv4-sp-d16 -mfloat-abi=softfp -mthumb -specs=redlib.specs -MMD -MP -MF"example/src/cr_startup_lpc43xx.d" -MT"example/src/cr_startup_lpc43xx.o" -MT"example/src/cr_startup_lpc43xx.d" -o "example/src/cr_startup_lpc43xx.o" "../example/src/cr_startup_lpc43xx.c"
Finished building: ../example/src/cr_startup_lpc43xx.c
 
Building file: ../example/src/otp_funcs.c
Invoking: MCU C Compiler
arm-none-eabi-gcc -D__MULTICORE_NONE -DDEBUG -D__CODE_RED -D__USE_LPCOPEN -D__REDLIB__ -DCORE_M4 -I"/home/michele/Scrivania/SE_project/Project/lpc_chip_43xx/inc" -I"/home/michele/Scrivania/SE_project/Project/lpc_board_nxp_lpcxpresso_4337/inc" -O0 -g3 -Wall -c -fmessage-length=0 -fno-builtin -ffunction-sections -fdata-sections -fsingle-precision-constant -mcpu=cortex-m4 -mfpu=fpv4-sp-d16 -mfloat-abi=softfp -mthumb -specs=redlib.specs -MMD -MP -MF"example/src/otp_funcs.d" -MT"example/src/otp_funcs.o" -MT"example/src/otp_funcs.d" -o "example/src/otp_funcs.o" "../example/src/otp_funcs.c"
../example/src/otp_funcs.c: In function 'main':
../example/src/otp_funcs.c:64:20: warning: variable 'status' set but not used [-Wunused-but-set-variable]
  volatile uint32_t status;
                    ^
Finished building: ../example/src/otp_funcs.c
 
Building file: ../example/src/sysinit.c
Invoking: MCU C Compiler
arm-none-eabi-gcc -D__MULTICORE_NONE -DDEBUG -D__CODE_RED -D__USE_LPCOPEN -D__REDLIB__ -DCORE_M4 -I"/home/michele/Scrivania/SE_project/Project/lpc_chip_43xx/inc" -I"/home/michele/Scrivania/SE_project/Project/lpc_board_nxp_lpcxpresso_4337/inc" -O0 -g3 -Wall -c -fmessage-length=0 -fno-builtin -ffunction-sections -fdata-sections -fsingle-precision-constant -mcpu=cortex-m4 -mfpu=fpv4-sp-d16 -mfloat-abi=softfp -mthumb -specs=redlib.specs -MMD -MP -MF"example/src/sysinit.d" -MT"example/src/sysinit.o" -MT"example/src/sysinit.d" -o "example/src/sysinit.o" "../example/src/sysinit.c"
Finished building: ../example/src/sysinit.c
 
Building target: misc_otp_funcs.axf
Invoking: MCU Linker
arm-none-eabi-gcc -nostdlib -L"/home/michele/Scrivania/SE_project/Project/lpc_chip_43xx/Debug" -L"/home/michele/Scrivania/SE_project/Project/lpc_board_nxp_lpcxpresso_4337/Debug" -Xlinker -Map="misc_otp_funcs.map" -Xlinker --gc-sections -mcpu=cortex-m4 -mfpu=fpv4-sp-d16 -mfloat-abi=softfp -mthumb -T "misc_otp_funcs_Debug.ld" -o "misc_otp_funcs.axf"  ./example/src/cr_startup_lpc43xx.o ./example/src/otp_funcs.o ./example/src/sysinit.o   -llpc_board_nxp_lpcxpresso_4337 -llpc_chip_43xx
Finished building target: misc_otp_funcs.axf
 
make --no-print-directory post-build
Performing post-build steps
arm-none-eabi-size "misc_otp_funcs.axf"; # arm-none-eabi-objcopy -v -O binary "misc_otp_funcs.axf" "misc_otp_funcs.bin" ; # checksum -p LPC4337 -d "misc_otp_funcs.bin";
   text	   data	    bss	    dec	    hex	filename
   6716	      0	    388	   7104	   1bc0	misc_otp_funcs.axf
 

18:06:26 Build Finished (took 273ms)

