18:06:25 **** Build of configuration Debug for project misc_clock_apis ****
make -r all 
Building file: ../example/src/clock_apis.c
Invoking: MCU C Compiler
arm-none-eabi-gcc -D__MULTICORE_NONE -DDEBUG -D__CODE_RED -D__USE_LPCOPEN -D__REDLIB__ -DCORE_M4 -I"/home/michele/Scrivania/SE_project/Project/lpc_chip_43xx/inc" -I"/home/michele/Scrivania/SE_project/Project/lpc_board_nxp_lpcxpresso_4337/inc" -O0 -g3 -Wall -c -fmessage-length=0 -fno-builtin -ffunction-sections -fdata-sections -fsingle-precision-constant -mcpu=cortex-m4 -mfpu=fpv4-sp-d16 -mfloat-abi=softfp -mthumb -specs=redlib.specs -MMD -MP -MF"example/src/clock_apis.d" -MT"example/src/clock_apis.o" -MT"example/src/clock_apis.d" -o "example/src/clock_apis.o" "../example/src/clock_apis.c"
Finished building: ../example/src/clock_apis.c
 
Building file: ../example/src/cr_startup_lpc43xx.c
Invoking: MCU C Compiler
arm-none-eabi-gcc -D__MULTICORE_NONE -DDEBUG -D__CODE_RED -D__USE_LPCOPEN -D__REDLIB__ -DCORE_M4 -I"/home/michele/Scrivania/SE_project/Project/lpc_chip_43xx/inc" -I"/home/michele/Scrivania/SE_project/Project/lpc_board_nxp_lpcxpresso_4337/inc" -O0 -g3 -Wall -c -fmessage-length=0 -fno-builtin -ffunction-sections -fdata-sections -fsingle-precision-constant -mcpu=cortex-m4 -mfpu=fpv4-sp-d16 -mfloat-abi=softfp -mthumb -specs=redlib.specs -MMD -MP -MF"example/src/cr_startup_lpc43xx.d" -MT"example/src/cr_startup_lpc43xx.o" -MT"example/src/cr_startup_lpc43xx.d" -o "example/src/cr_startup_lpc43xx.o" "../example/src/cr_startup_lpc43xx.c"
Finished building: ../example/src/cr_startup_lpc43xx.c
 
Building file: ../example/src/sysinit.c
Invoking: MCU C Compiler
arm-none-eabi-gcc -D__MULTICORE_NONE -DDEBUG -D__CODE_RED -D__USE_LPCOPEN -D__REDLIB__ -DCORE_M4 -I"/home/michele/Scrivania/SE_project/Project/lpc_chip_43xx/inc" -I"/home/michele/Scrivania/SE_project/Project/lpc_board_nxp_lpcxpresso_4337/inc" -O0 -g3 -Wall -c -fmessage-length=0 -fno-builtin -ffunction-sections -fdata-sections -fsingle-precision-constant -mcpu=cortex-m4 -mfpu=fpv4-sp-d16 -mfloat-abi=softfp -mthumb -specs=redlib.specs -MMD -MP -MF"example/src/sysinit.d" -MT"example/src/sysinit.o" -MT"example/src/sysinit.d" -o "example/src/sysinit.o" "../example/src/sysinit.c"
Finished building: ../example/src/sysinit.c
 
Building target: misc_clock_apis.axf
Invoking: MCU Linker
arm-none-eabi-gcc -nostdlib -L"/home/michele/Scrivania/SE_project/Project/lpc_chip_43xx/Debug" -L"/home/michele/Scrivania/SE_project/Project/lpc_board_nxp_lpcxpresso_4337/Debug" -Xlinker -Map="misc_clock_apis.map" -Xlinker --gc-sections -mcpu=cortex-m4 -mfpu=fpv4-sp-d16 -mfloat-abi=softfp -mthumb -T "misc_clock_apis_Debug.ld" -o "misc_clock_apis.axf"  ./example/src/clock_apis.o ./example/src/cr_startup_lpc43xx.o ./example/src/sysinit.o   -llpc_board_nxp_lpcxpresso_4337 -llpc_chip_43xx
Finished building target: misc_clock_apis.axf
 
make --no-print-directory post-build
Performing post-build steps
arm-none-eabi-size "misc_clock_apis.axf"; # arm-none-eabi-objcopy -v -O binary "misc_clock_apis.axf" "misc_clock_apis.bin" ; # checksum -p LPC4337 -d "misc_clock_apis.bin";
   text	   data	    bss	    dec	    hex	filename
  16360	   1928	    348	  18636	   48cc	misc_clock_apis.axf
 

18:06:25 Build Finished (took 274ms)

