18:06:27 **** Build of configuration Debug for project multicore_mc_sa_blinky_m4 ****
make -r all 
Building file: ../example/src/blinky_m4.c
Invoking: MCU C Compiler
arm-none-eabi-gcc -D__MULTICORE_NONE -DDEBUG -D__CODE_RED -D__USE_LPCOPEN -D__REDLIB__ -DCORE_M4 -I"/home/michele/Scrivania/SE_project/Project/lpc_chip_43xx/inc" -I"/home/michele/Scrivania/SE_project/Project/lpc_board_nxp_lpcxpresso_4337/inc" -I"/home/michele/Scrivania/SE_project/Project/multicore_mc_sa_blinky_m4/example/inc" -O0 -g3 -Wall -c -fmessage-length=0 -fno-builtin -ffunction-sections -fdata-sections -fsingle-precision-constant -mcpu=cortex-m4 -mfpu=fpv4-sp-d16 -mfloat-abi=softfp -mthumb -specs=redlib.specs -MMD -MP -MF"example/src/blinky_m4.d" -MT"example/src/blinky_m4.o" -MT"example/src/blinky_m4.d" -o "example/src/blinky_m4.o" "../example/src/blinky_m4.c"
Finished building: ../example/src/blinky_m4.c
 
Building file: ../example/src/cr_startup_lpc43xx.c
Invoking: MCU C Compiler
arm-none-eabi-gcc -D__MULTICORE_NONE -DDEBUG -D__CODE_RED -D__USE_LPCOPEN -D__REDLIB__ -DCORE_M4 -I"/home/michele/Scrivania/SE_project/Project/lpc_chip_43xx/inc" -I"/home/michele/Scrivania/SE_project/Project/lpc_board_nxp_lpcxpresso_4337/inc" -I"/home/michele/Scrivania/SE_project/Project/multicore_mc_sa_blinky_m4/example/inc" -O0 -g3 -Wall -c -fmessage-length=0 -fno-builtin -ffunction-sections -fdata-sections -fsingle-precision-constant -mcpu=cortex-m4 -mfpu=fpv4-sp-d16 -mfloat-abi=softfp -mthumb -specs=redlib.specs -MMD -MP -MF"example/src/cr_startup_lpc43xx.d" -MT"example/src/cr_startup_lpc43xx.o" -MT"example/src/cr_startup_lpc43xx.d" -o "example/src/cr_startup_lpc43xx.o" "../example/src/cr_startup_lpc43xx.c"
Finished building: ../example/src/cr_startup_lpc43xx.c
 
Building file: ../example/src/ipc_example.c
Invoking: MCU C Compiler
arm-none-eabi-gcc -D__MULTICORE_NONE -DDEBUG -D__CODE_RED -D__USE_LPCOPEN -D__REDLIB__ -DCORE_M4 -I"/home/michele/Scrivania/SE_project/Project/lpc_chip_43xx/inc" -I"/home/michele/Scrivania/SE_project/Project/lpc_board_nxp_lpcxpresso_4337/inc" -I"/home/michele/Scrivania/SE_project/Project/multicore_mc_sa_blinky_m4/example/inc" -O0 -g3 -Wall -c -fmessage-length=0 -fno-builtin -ffunction-sections -fdata-sections -fsingle-precision-constant -mcpu=cortex-m4 -mfpu=fpv4-sp-d16 -mfloat-abi=softfp -mthumb -specs=redlib.specs -MMD -MP -MF"example/src/ipc_example.d" -MT"example/src/ipc_example.o" -MT"example/src/ipc_example.d" -o "example/src/ipc_example.o" "../example/src/ipc_example.c"
Finished building: ../example/src/ipc_example.c
 
Building file: ../example/src/ipc_msg.c
Invoking: MCU C Compiler
arm-none-eabi-gcc -D__MULTICORE_NONE -DDEBUG -D__CODE_RED -D__USE_LPCOPEN -D__REDLIB__ -DCORE_M4 -I"/home/michele/Scrivania/SE_project/Project/lpc_chip_43xx/inc" -I"/home/michele/Scrivania/SE_project/Project/lpc_board_nxp_lpcxpresso_4337/inc" -I"/home/michele/Scrivania/SE_project/Project/multicore_mc_sa_blinky_m4/example/inc" -O0 -g3 -Wall -c -fmessage-length=0 -fno-builtin -ffunction-sections -fdata-sections -fsingle-precision-constant -mcpu=cortex-m4 -mfpu=fpv4-sp-d16 -mfloat-abi=softfp -mthumb -specs=redlib.specs -MMD -MP -MF"example/src/ipc_msg.d" -MT"example/src/ipc_msg.o" -MT"example/src/ipc_msg.d" -o "example/src/ipc_msg.o" "../example/src/ipc_msg.c"
Finished building: ../example/src/ipc_msg.c
 
Building file: ../example/src/m0_img_ldr.c
Invoking: MCU C Compiler
arm-none-eabi-gcc -D__MULTICORE_NONE -DDEBUG -D__CODE_RED -D__USE_LPCOPEN -D__REDLIB__ -DCORE_M4 -I"/home/michele/Scrivania/SE_project/Project/lpc_chip_43xx/inc" -I"/home/michele/Scrivania/SE_project/Project/lpc_board_nxp_lpcxpresso_4337/inc" -I"/home/michele/Scrivania/SE_project/Project/multicore_mc_sa_blinky_m4/example/inc" -O0 -g3 -Wall -c -fmessage-length=0 -fno-builtin -ffunction-sections -fdata-sections -fsingle-precision-constant -mcpu=cortex-m4 -mfpu=fpv4-sp-d16 -mfloat-abi=softfp -mthumb -specs=redlib.specs -MMD -MP -MF"example/src/m0_img_ldr.d" -MT"example/src/m0_img_ldr.o" -MT"example/src/m0_img_ldr.d" -o "example/src/m0_img_ldr.o" "../example/src/m0_img_ldr.c"
Finished building: ../example/src/m0_img_ldr.c
 
Building file: ../example/src/sysinit.c
Invoking: MCU C Compiler
arm-none-eabi-gcc -D__MULTICORE_NONE -DDEBUG -D__CODE_RED -D__USE_LPCOPEN -D__REDLIB__ -DCORE_M4 -I"/home/michele/Scrivania/SE_project/Project/lpc_chip_43xx/inc" -I"/home/michele/Scrivania/SE_project/Project/lpc_board_nxp_lpcxpresso_4337/inc" -I"/home/michele/Scrivania/SE_project/Project/multicore_mc_sa_blinky_m4/example/inc" -O0 -g3 -Wall -c -fmessage-length=0 -fno-builtin -ffunction-sections -fdata-sections -fsingle-precision-constant -mcpu=cortex-m4 -mfpu=fpv4-sp-d16 -mfloat-abi=softfp -mthumb -specs=redlib.specs -MMD -MP -MF"example/src/sysinit.d" -MT"example/src/sysinit.o" -MT"example/src/sysinit.d" -o "example/src/sysinit.o" "../example/src/sysinit.c"
Finished building: ../example/src/sysinit.c
 
Building target: multicore_mc_sa_blinky_m4.axf
Invoking: MCU Linker
arm-none-eabi-gcc -nostdlib -L"/home/michele/Scrivania/SE_project/Project/lpc_chip_43xx/Debug" -L"/home/michele/Scrivania/SE_project/Project/lpc_board_nxp_lpcxpresso_4337/Debug" -Xlinker -Map="multicore_mc_sa_blinky_m4.map" -Xlinker --gc-sections -mcpu=cortex-m4 -mfpu=fpv4-sp-d16 -mfloat-abi=softfp -mthumb -T "multicore_mc_sa_blinky_m4_Debug.ld" -o "multicore_mc_sa_blinky_m4.axf"  ./example/src/blinky_m4.o ./example/src/cr_startup_lpc43xx.o ./example/src/ipc_example.o ./example/src/ipc_msg.o ./example/src/m0_img_ldr.o ./example/src/sysinit.o   -llpc_board_nxp_lpcxpresso_4337 -llpc_chip_43xx
Finished building target: multicore_mc_sa_blinky_m4.axf
 
make --no-print-directory post-build
Performing post-build steps
arm-none-eabi-size "multicore_mc_sa_blinky_m4.axf"; # arm-none-eabi-objcopy -v -O binary "multicore_mc_sa_blinky_m4.axf" "multicore_mc_sa_blinky_m4.bin" ; # checksum -p LPC4337 -d "multicore_mc_sa_blinky_m4.bin";
   text	   data	    bss	    dec	    hex	filename
  16544	      4	   1244	  17792	   4580	multicore_mc_sa_blinky_m4.axf
 

18:06:27 Build Finished (took 469ms)

