Archive member included to satisfy reference by file (symbol)

/home/michele/Scrivania/SE_project/Project/lpc_board_nxp_lpcxpresso_4337/Debug/liblpc_board_nxp_lpcxpresso_4337.a(board.o)
                              ./example/src/otp_funcs.o (Board_Init)
/home/michele/Scrivania/SE_project/Project/lpc_board_nxp_lpcxpresso_4337/Debug/liblpc_board_nxp_lpcxpresso_4337.a(board_sysinit.o)
                              ./example/src/sysinit.o (Board_SystemInit)
/home/michele/Scrivania/SE_project/Project/lpc_board_nxp_lpcxpresso_4337/Debug/liblpc_board_nxp_lpcxpresso_4337.a(wm8904.o)
                              /home/michele/Scrivania/SE_project/Project/lpc_board_nxp_lpcxpresso_4337/Debug/liblpc_board_nxp_lpcxpresso_4337.a(board.o) (WM8904_Init)
/home/michele/Scrivania/SE_project/Project/lpc_chip_43xx/Debug/liblpc_chip_43xx.a(chip_18xx_43xx.o)
                              ./example/src/otp_funcs.o (SystemCoreClockUpdate)
/home/michele/Scrivania/SE_project/Project/lpc_chip_43xx/Debug/liblpc_chip_43xx.a(clock_18xx_43xx.o)
                              /home/michele/Scrivania/SE_project/Project/lpc_chip_43xx/Debug/liblpc_chip_43xx.a(chip_18xx_43xx.o) (Chip_Clock_GetClockInputHz)
/home/michele/Scrivania/SE_project/Project/lpc_chip_43xx/Debug/liblpc_chip_43xx.a(fpu_init.o)
                              ./example/src/sysinit.o (fpuInit)
/home/michele/Scrivania/SE_project/Project/lpc_chip_43xx/Debug/liblpc_chip_43xx.a(gpio_18xx_43xx.o)
                              /home/michele/Scrivania/SE_project/Project/lpc_board_nxp_lpcxpresso_4337/Debug/liblpc_board_nxp_lpcxpresso_4337.a(board.o) (Chip_GPIO_Init)
/home/michele/Scrivania/SE_project/Project/lpc_chip_43xx/Debug/liblpc_chip_43xx.a(i2c_18xx_43xx.o)
                              /home/michele/Scrivania/SE_project/Project/lpc_board_nxp_lpcxpresso_4337/Debug/liblpc_board_nxp_lpcxpresso_4337.a(wm8904.o) (Chip_I2C_EventHandlerPolling)
/home/michele/Scrivania/SE_project/Project/lpc_chip_43xx/Debug/liblpc_chip_43xx.a(otp_18xx_43xx.o)
                              ./example/src/otp_funcs.o (Chip_OTP_Init)
/home/michele/Scrivania/SE_project/Project/lpc_chip_43xx/Debug/liblpc_chip_43xx.a(ssp_18xx_43xx.o)
                              /home/michele/Scrivania/SE_project/Project/lpc_board_nxp_lpcxpresso_4337/Debug/liblpc_board_nxp_lpcxpresso_4337.a(board.o) (Chip_SSP_WriteFrames_Blocking)
/home/michele/Scrivania/SE_project/Project/lpc_chip_43xx/Debug/liblpc_chip_43xx.a(sysinit_18xx_43xx.o)
                              /home/michele/Scrivania/SE_project/Project/lpc_board_nxp_lpcxpresso_4337/Debug/liblpc_board_nxp_lpcxpresso_4337.a(board_sysinit.o) (Chip_SetupCoreClock)
/home/michele/Scrivania/SE_project/Project/lpc_chip_43xx/Debug/liblpc_chip_43xx.a(uart_18xx_43xx.o)
                              /home/michele/Scrivania/SE_project/Project/lpc_board_nxp_lpcxpresso_4337/Debug/liblpc_board_nxp_lpcxpresso_4337.a(board.o) (Chip_UART_Init)
/home/michele/Scrivania/SE_project/Project/lpc_chip_43xx/Debug/liblpc_chip_43xx.a(ring_buffer.o)
                              /home/michele/Scrivania/SE_project/Project/lpc_chip_43xx/Debug/liblpc_chip_43xx.a(uart_18xx_43xx.o) (RingBuffer_Insert)
/usr/local/lpcxpresso_8.2.2_650/lpcxpresso/tools/bin/../lib/gcc/arm-none-eabi/5.4.1/../../../../arm-none-eabi/lib/armv7e-m/softfp/libcr_nohost.a(_cr__main.o)
                              ./example/src/cr_startup_lpc43xx.o (__main)
/usr/local/lpcxpresso_8.2.2_650/lpcxpresso/tools/bin/../lib/gcc/arm-none-eabi/5.4.1/../../../../arm-none-eabi/lib/armv7e-m/softfp/libcr_c.a(memcpy.o)
                              /home/michele/Scrivania/SE_project/Project/lpc_board_nxp_lpcxpresso_4337/Debug/liblpc_board_nxp_lpcxpresso_4337.a(board.o) (memcpy)
/usr/local/lpcxpresso_8.2.2_650/lpcxpresso/tools/bin/../lib/gcc/arm-none-eabi/5.4.1/../../../../arm-none-eabi/lib/armv7e-m/softfp/libcr_c.a(memset.o)
                              /home/michele/Scrivania/SE_project/Project/lpc_chip_43xx/Debug/liblpc_chip_43xx.a(clock_18xx_43xx.o) (memset)
/usr/local/lpcxpresso_8.2.2_650/lpcxpresso/tools/bin/../lib/gcc/arm-none-eabi/5.4.1/../../../../arm-none-eabi/lib/armv7e-m/softfp/libcr_c.a(initio.o)
                              /usr/local/lpcxpresso_8.2.2_650/lpcxpresso/tools/bin/../lib/gcc/arm-none-eabi/5.4.1/../../../../arm-none-eabi/lib/armv7e-m/softfp/libcr_nohost.a(_cr__main.o) (_initio)
/usr/local/lpcxpresso_8.2.2_650/lpcxpresso/tools/bin/../lib/gcc/arm-none-eabi/5.4.1/../../../../arm-none-eabi/lib/armv7e-m/softfp/libcr_c.a(setvbuf.o)
                              /usr/local/lpcxpresso_8.2.2_650/lpcxpresso/tools/bin/../lib/gcc/arm-none-eabi/5.4.1/../../../../arm-none-eabi/lib/armv7e-m/softfp/libcr_c.a(initio.o) (setvbuf)
/usr/local/lpcxpresso_8.2.2_650/lpcxpresso/tools/bin/../lib/gcc/arm-none-eabi/5.4.1/../../../../arm-none-eabi/lib/armv7e-m/softfp/libcr_c.a(stdio.o)
[...]
Memory Configuration

Name             Origin             Length             Attributes
MFlashA512       0x1a000000         0x00080000         xr
MFlashB512       0x1b000000         0x00080000         xr
RamLoc32         0x10000000         0x00008000         xrw
RamLoc40         0x10080000         0x0000a000         xrw
RamAHB32         0x20000000         0x00008000         xrw
RamAHB16         0x20008000         0x00004000         xrw
RamAHB_ETB16     0x2000c000         0x00004000         xrw
*default*        0x00000000         0xffffffff

Linker script and memory map

LOAD ./example/src/cr_startup_lpc43xx.o
LOAD ./example/src/otp_funcs.o
LOAD ./example/src/sysinit.o
LOAD /home/michele/Scrivania/SE_project/Project/lpc_board_nxp_lpcxpresso_4337/Debug/liblpc_board_nxp_lpcxpresso_4337.a
LOAD /home/michele/Scrivania/SE_project/Project/lpc_chip_43xx/Debug/liblpc_chip_43xx.a
START GROUP
LOAD /usr/local/lpcxpresso_8.2.2_650/lpcxpresso/tools/bin/../lib/gcc/arm-none-eabi/5.4.1/../../../../arm-none-eabi/lib/armv7e-m/softfp/libcr_nohost.a
LOAD /usr/local/lpcxpresso_8.2.2_650/lpcxpresso/tools/bin/../lib/gcc/arm-none-eabi/5.4.1/../../../../arm-none-eabi/lib/armv7e-m/softfp/libcr_c.a
LOAD /usr/local/lpcxpresso_8.2.2_650/lpcxpresso/tools/bin/../lib/gcc/arm-none-eabi/5.4.1/armv7e-m/softfp/libcr_eabihelpers.a
END GROUP
                0x1a000000                __base_MFlashA512 = 0x1a000000
                0x1a000000                __base_Flash = 0x1a000000
                0x1a080000                __top_MFlashA512 = 0x1a080000
                0x1a080000                __top_Flash = 0x1a080000
                0x1b000000                __base_MFlashB512 = 0x1b000000
                0x1b000000                __base_Flash2 = 0x1b000000
                0x1b080000                __top_MFlashB512 = 0x1b080000
                0x1b080000                __top_Flash2 = 0x1b080000
                0x10000000                __base_RamLoc32 = 0x10000000
                0x10000000                __base_RAM = 0x10000000
                0x10008000                __top_RamLoc32 = 0x10008000
                0x10008000                __top_RAM = 0x10008000
                0x10080000                __base_RamLoc40 = 0x10080000
                0x10080000                __base_RAM2 = 0x10080000
                0x1008a000                __top_RamLoc40 = 0x1008a000
                0x1008a000                __top_RAM2 = 0x1008a000
                0x20000000                __base_RamAHB32 = 0x20000000
                0x20000000                __base_RAM3 = 0x20000000
                0x20008000                __top_RamAHB32 = 0x20008000
                0x20008000                __top_RAM3 = 0x20008000
                0x20008000                __base_RamAHB16 = 0x20008000
                0x20008000                __base_RAM4 = 0x20008000
                0x2000c000                __top_RamAHB16 = 0x2000c000
                0x2000c000                __top_RAM4 = 0x2000c000
                0x2000c000                __base_RamAHB_ETB16 = 0x2000c000
                0x2000c000                __base_RAM5 = 0x2000c000
                0x20010000                __top_RamAHB_ETB16 = 0x20010000
                0x20010000                __top_RAM5 = 0x20010000

.text_Flash2    0x1b000000        0x0
 FILL mask 0xff
 *(.text_Flash2*)
 *(.text_MFlashB512*)
 *(.text.$Flash2*)
 *(.text.$MFlashB512*)
 *(.rodata.$Flash2*)
 *(.rodata.$MFlashB512*)

.text           0x1a000000     0x1a3c
 FILL mask 0xff
                0x1a000000                __vectors_start__ = ABSOLUTE (.)
 *(.isr_vector)
 .isr_vector    0x1a000000      0x114 ./example/src/cr_startup_lpc43xx.o
                0x1a000000                g_pfnVectors
                0x1a000114                . = ALIGN (0x4)
                0x1a000114                __section_table_start = .
                0x1a000114                __data_section_table = .
                0x1a000114        0x4 LONG 0x1a001a3c LOADADDR (.data)
                0x1a000118        0x4 LONG 0x10000000 ADDR (.data)
                0x1a00011c        0x4 LONG 0x0 SIZEOF (.data)
                0x1a000120        0x4 LONG 0x1a001a3c LOADADDR (.data_RAM2)
                0x1a000124        0x4 LONG 0x10080000 ADDR (.data_RAM2)
                0x1a000128        0x4 LONG 0x0 SIZEOF (.data_RAM2)
                0x1a00012c        0x4 LONG 0x1a001a3c LOADADDR (.data_RAM3)
                0x1a000130        0x4 LONG 0x20000000 ADDR (.data_RAM3)
                0x1a000134        0x4 LONG 0x0 SIZEOF (.data_RAM3)
                0x1a000138        0x4 LONG 0x1a001a3c LOADADDR (.data_RAM4)
                0x1a00013c        0x4 LONG 0x20008000 ADDR (.data_RAM4)
                0x1a000140        0x4 LONG 0x0 SIZEOF (.data_RAM4)
                0x1a000144        0x4 LONG 0x1a001a3c LOADADDR (.data_RAM5)
                0x1a000148        0x4 LONG 0x2000c000 ADDR (.data_RAM5)
                0x1a00014c        0x4 LONG 0x0 SIZEOF (.data_RAM5)
                0x1a000150                __data_section_table_end = .
                0x1a000150                __bss_section_table = .
                0x1a000150        0x4 LONG 0x10000000 ADDR (.bss)
                0x1a000154        0x4 LONG 0x184 SIZEOF (.bss)
                0x1a000158        0x4 LONG 0x10080000 ADDR (.bss_RAM2)
                0x1a00015c        0x4 LONG 0x0 SIZEOF (.bss_RAM2)
                0x1a000160        0x4 LONG 0x20000000 ADDR (.bss_RAM3)
                0x1a000164        0x4 LONG 0x0 SIZEOF (.bss_RAM3)
                0x1a000168        0x4 LONG 0x20008000 ADDR (.bss_RAM4)
                0x1a00016c        0x4 LONG 0x0 SIZEOF (.bss_RAM4)
                0x1a000170        0x4 LONG 0x2000c000 ADDR (.bss_RAM5)
                0x1a000174        0x4 LONG 0x0 SIZEOF (.bss_RAM5)
                0x1a000178                __bss_section_table_end = .
                0x1a000178                __section_table_end = .
 *(.after_vectors*)
 .after_vectors
                0x1a000178       0xcc ./example/src/cr_startup_lpc43xx.o
                0x1a000178                data_init
                0x1a0001bc                bss_init
                0x1a0001f4                NMI_Handler
                0x1a0001fc                HardFault_Handler
                0x1a000204                MemManage_Handler
                0x1a00020c                BusFault_Handler
                0x1a000214                UsageFault_Handler
                0x1a00021c                SVC_Handler
                0x1a000224                DebugMon_Handler
                0x1a00022c                PendSV_Handler
                0x1a000234                SysTick_Handler
                0x1a00023c                TIMER2_IRQHandler
                0x1a00023c                RIT_IRQHandler
                0x1a00023c                ADCHS_IRQHandler
                0x1a00023c                FLASH_EEPROM_IRQHandler
                0x1a00023c                I2C0_IRQHandler
                0x1a00023c                SDIO_IRQHandler
                0x1a00023c                ATIMER_IRQHandler
                0x1a00023c                I2C1_IRQHandler
                0x1a00023c                UART1_IRQHandler
                0x1a00023c                GPIO5_IRQHandler
                0x1a00023c                CAN1_IRQHandler
                0x1a00023c                USB1_IRQHandler
                0x1a00023c                I2S0_IRQHandler
                0x1a00023c                TIMER3_IRQHandler
                0x1a00023c                UART0_IRQHandler
                0x1a00023c                SGPIO_IRQHandler
                0x1a00023c                ADC0_IRQHandler
                0x1a00023c                GPIO6_IRQHandler
                0x1a00023c                IntDefaultHandler
                0x1a00023c                GPIO1_IRQHandler
                0x1a00023c                SSP0_IRQHandler
                0x1a00023c                ADC1_IRQHandler
                0x1a00023c                RTC_IRQHandler
                0x1a00023c                TIMER0_IRQHandler
                0x1a00023c                SPI_IRQHandler
                0x1a00023c                LCD_IRQHandler
                0x1a00023c                TIMER1_IRQHandler
                0x1a00023c                UART2_IRQHandler
                0x1a00023c                GPIO2_IRQHandler
                0x1a00023c                I2S1_IRQHandler
                0x1a00023c                SSP1_IRQHandler
                0x1a00023c                USB0_IRQHandler
                0x1a00023c                GPIO3_IRQHandler
                0x1a00023c                SCT_IRQHandler
                0x1a00023c                WDT_IRQHandler
                0x1a00023c                GPIO7_IRQHandler
                0x1a00023c                SPIFI_IRQHandler
                0x1a00023c                QEI_IRQHandler
                0x1a00023c                ETH_IRQHandler
                0x1a00023c                CAN0_IRQHandler
                0x1a00023c                GINT0_IRQHandler
                0x1a00023c                DAC_IRQHandler
                0x1a00023c                M0SUB_IRQHandler
                0x1a00023c                GPIO0_IRQHandler
                0x1a00023c                DMA_IRQHandler
                0x1a00023c                EVRT_IRQHandler
                0x1a00023c                UART3_IRQHandler
                0x1a00023c                MCPWM_IRQHandler
                0x1a00023c                M0APP_IRQHandler
                0x1a00023c                GINT1_IRQHandler
                0x1a00023c                GPIO4_IRQHandler
 *(.text*)
 .text.ResetISR
                0x1a000244       0xc4 ./example/src/cr_startup_lpc43xx.o
                0x1a000244                ResetISR
 .text.OTP_fix  0x1a000308       0x1c ./example/src/otp_funcs.o
 .text.main     0x1a000324       0x24 ./example/src/otp_funcs.o
                0x1a000324                main
 .text.SystemInit
                0x1a000348       0x28 ./example/src/sysinit.o
                0x1a000348                SystemInit
 .text.Chip_ENET_RMIIEnable
                0x1a000370       0x28 /home/michele/Scrivania/SE_project/Project/lpc_board_nxp_lpcxpresso_4337/Debug/liblpc_board_nxp_lpcxpresso_4337.a(board.o)
 .text.Chip_GPIO_SetPinState
                0x1a000398       0x38 /home/michele/Scrivania/SE_project/Project/lpc_board_nxp_lpcxpresso_4337/Debug/liblpc_board_nxp_lpcxpresso_4337.a(board.o)
 .text.Chip_GPIO_SetPinDIROutput
                0x1a0003d0       0x40 /home/michele/Scrivania/SE_project/Project/lpc_board_nxp_lpcxpresso_4337/Debug/liblpc_board_nxp_lpcxpresso_4337.a(board.o)
 .text.Board_LED_Init
                0x1a000410       0x5c /home/michele/Scrivania/SE_project/Project/lpc_board_nxp_lpcxpresso_4337/Debug/liblpc_board_nxp_lpcxpresso_4337.a(board.o)
 .text.Board_Init
                0x1a00046c       0x20 /home/michele/Scrivania/SE_project/Project/lpc_board_nxp_lpcxpresso_4337/Debug/liblpc_board_nxp_lpcxpresso_4337.a(board.o)
                0x1a00046c                Board_Init
 .text.Chip_SCU_PinMuxSet
                0x1a00048c       0x34 /home/michele/Scrivania/SE_project/Project/lpc_board_nxp_lpcxpresso_4337/Debug/liblpc_board_nxp_lpcxpresso_4337.a(board_sysinit.o)
 .text.Chip_SCU_SetPinMuxing
                0x1a0004c0       0x4c /home/michele/Scrivania/SE_project/Project/lpc_board_nxp_lpcxpresso_4337/Debug/liblpc_board_nxp_lpcxpresso_4337.a(board_sysinit.o)
 .text.Chip_CREG_SetFlashAcceleration
                0x1a00050c       0x54 /home/michele/Scrivania/SE_project/Project/lpc_board_nxp_lpcxpresso_4337/Debug/liblpc_board_nxp_lpcxpresso_4337.a(board_sysinit.o)
 .text.Board_SetupMuxing
                0x1a000560       0x14 /home/michele/Scrivania/SE_project/Project/lpc_board_nxp_lpcxpresso_4337/Debug/liblpc_board_nxp_lpcxpresso_4337.a(board_sysinit.o)
                0x1a000560                Board_SetupMuxing
 .text.Board_SetupClocking
                0x1a000574       0x80 /home/michele/Scrivania/SE_project/Project/lpc_board_nxp_lpcxpresso_4337/Debug/liblpc_board_nxp_lpcxpresso_4337.a(board_sysinit.o)
                0x1a000574                Board_SetupClocking
 .text.Board_SystemInit
                0x1a0005f4       0x10 /home/michele/Scrivania/SE_project/Project/lpc_board_nxp_lpcxpresso_4337/Debug/liblpc_board_nxp_lpcxpresso_4337.a(board_sysinit.o)
                0x1a0005f4                Board_SystemInit
 .text.SystemCoreClockUpdate
                0x1a000604       0x18 /home/michele/Scrivania/SE_project/Project/lpc_chip_43xx/Debug/liblpc_chip_43xx.a(chip_18xx_43xx.o)
                0x1a000604                SystemCoreClockUpdate
 .text.ABS      0x1a00061c       0x24 /home/michele/Scrivania/SE_project/Project/lpc_chip_43xx/Debug/liblpc_chip_43xx.a(clock_18xx_43xx.o)
 .text.pll_calc_divs
                0x1a000640      0x124 /home/michele/Scrivania/SE_project/Project/lpc_chip_43xx/Debug/liblpc_chip_43xx.a(clock_18xx_43xx.o)
 .text.pll_get_frac
                0x1a000764      0x178 /home/michele/Scrivania/SE_project/Project/lpc_chip_43xx/Debug/liblpc_chip_43xx.a(clock_18xx_43xx.o)
 .text.Chip_Clock_GetDivRate
                0x1a0008dc       0x40 /home/michele/Scrivania/SE_project/Project/lpc_chip_43xx/Debug/liblpc_chip_43xx.a(clock_18xx_43xx.o)
 .text.Chip_Clock_FindBaseClock
                0x1a00091c       0x90 /home/michele/Scrivania/SE_project/Project/lpc_chip_43xx/Debug/liblpc_chip_43xx.a(clock_18xx_43xx.o)
 .text.Chip_Clock_EnableCrystal
                0x1a0009ac       0x70 /home/michele/Scrivania/SE_project/Project/lpc_chip_43xx/Debug/liblpc_chip_43xx.a(clock_18xx_43xx.o)
                0x1a0009ac                Chip_Clock_EnableCrystal
 .text.Chip_Clock_CalcMainPLLValue
                0x1a000a1c       0xd8 /home/michele/Scrivania/SE_project/Project/lpc_chip_43xx/Debug/liblpc_chip_43xx.a(clock_18xx_43xx.o)
                0x1a000a1c                Chip_Clock_CalcMainPLLValue
 .text.Chip_Clock_GetMainPLLHz
                0x1a000af4       0xc0 /home/michele/Scrivania/SE_project/Project/lpc_chip_43xx/Debug/liblpc_chip_43xx.a(clock_18xx_43xx.o)
                0x1a000af4                Chip_Clock_GetMainPLLHz
 .text.Chip_Clock_GetDividerSource
                0x1a000bb4       0x40 /home/michele/Scrivania/SE_project/Project/lpc_chip_43xx/Debug/liblpc_chip_43xx.a(clock_18xx_43xx.o)
                0x1a000bb4                Chip_Clock_GetDividerSource
 .text.Chip_Clock_GetDividerDivisor
                0x1a000bf4       0x38 /home/michele/Scrivania/SE_project/Project/lpc_chip_43xx/Debug/liblpc_chip_43xx.a(clock_18xx_43xx.o)
                0x1a000bf4                Chip_Clock_GetDividerDivisor
 .text.Chip_Clock_GetClockInputHz
                0x1a000c2c      0x140 /home/michele/Scrivania/SE_project/Project/lpc_chip_43xx/Debug/liblpc_chip_43xx.a(clock_18xx_43xx.o)
                0x1a000c2c                Chip_Clock_GetClockInputHz
 .text.Chip_Clock_GetBaseClocktHz
                0x1a000d6c       0x24 /home/michele/Scrivania/SE_project/Project/lpc_chip_43xx/Debug/liblpc_chip_43xx.a(clock_18xx_43xx.o)
                0x1a000d6c                Chip_Clock_GetBaseClocktHz
 .text.Chip_Clock_SetBaseClock
                0x1a000d90       0x9c /home/michele/Scrivania/SE_project/Project/lpc_chip_43xx/Debug/liblpc_chip_43xx.a(clock_18xx_43xx.o)
                0x1a000d90                Chip_Clock_SetBaseClock
 .text.Chip_Clock_GetBaseClock
                0x1a000e2c       0x4c /home/michele/Scrivania/SE_project/Project/lpc_chip_43xx/Debug/liblpc_chip_43xx.a(clock_18xx_43xx.o)
                0x1a000e2c                Chip_Clock_GetBaseClock
 .text.Chip_Clock_GetRate
                0x1a000e78       0x88 /home/michele/Scrivania/SE_project/Project/lpc_chip_43xx/Debug/liblpc_chip_43xx.a(clock_18xx_43xx.o)
                0x1a000e78                Chip_Clock_GetRate
 .text.fpuInit  0x1a000f00       0x74 /home/michele/Scrivania/SE_project/Project/lpc_chip_43xx/Debug/liblpc_chip_43xx.a(fpu_init.o)
                0x1a000f00                fpuInit
 .text.Chip_GPIO_Init
                0x1a000f74       0x14 /home/michele/Scrivania/SE_project/Project/lpc_chip_43xx/Debug/liblpc_chip_43xx.a(gpio_18xx_43xx.o)
                0x1a000f74                Chip_GPIO_Init
 .text.Chip_OTP_Init
                0x1a000f88       0xd0 /home/michele/Scrivania/SE_project/Project/lpc_chip_43xx/Debug/liblpc_chip_43xx.a(otp_18xx_43xx.o)
                0x1a000f88                Chip_OTP_Init
 .text.Chip_Clock_DisableMainPLL
                0x1a001058       0x20 /home/michele/Scrivania/SE_project/Project/lpc_chip_43xx/Debug/liblpc_chip_43xx.a(sysinit_18xx_43xx.o)
 .text.Chip_Clock_SetupMainPLL
                0x1a001078       0x44 /home/michele/Scrivania/SE_project/Project/lpc_chip_43xx/Debug/liblpc_chip_43xx.a(sysinit_18xx_43xx.o)
 .text.Chip_Clock_MainPLLLocked
                0x1a0010bc       0x24 /home/michele/Scrivania/SE_project/Project/lpc_chip_43xx/Debug/liblpc_chip_43xx.a(sysinit_18xx_43xx.o)
 .text.Chip_SetupCoreClock
                0x1a0010e0      0x15c /home/michele/Scrivania/SE_project/Project/lpc_chip_43xx/Debug/liblpc_chip_43xx.a(sysinit_18xx_43xx.o)
                0x1a0010e0                Chip_SetupCoreClock
 .text.__main   0x1a00123c       0x14 /usr/local/lpcxpresso_8.2.2_650/lpcxpresso/tools/bin/../lib/gcc/arm-none-eabi/5.4.1/../../../../arm-none-eabi/lib/armv7e-m/softfp/libcr_nohost.a(_cr__main.o)
                0x1a00123c                __main
 .text.memset   0x1a001250        0x4 /usr/local/lpcxpresso_8.2.2_650/lpcxpresso/tools/bin/../lib/gcc/arm-none-eabi/5.4.1/../../../../arm-none-eabi/lib/armv7e-m/softfp/libcr_c.a(memset.o)
                0x1a001250                memset
 .text._initio  0x1a001254       0xa4 /usr/local/lpcxpresso_8.2.2_650/lpcxpresso/tools/bin/../lib/gcc/arm-none-eabi/5.4.1/../../../../arm-none-eabi/lib/armv7e-m/softfp/libcr_c.a(initio.o)
                0x1a001254                _initio
 .text.setvbuf  0x1a0012f8       0x40 /usr/local/lpcxpresso_8.2.2_650/lpcxpresso/tools/bin/../lib/gcc/arm-none-eabi/5.4.1/../../../../arm-none-eabi/lib/armv7e-m/softfp/libcr_c.a(setvbuf.o)
                0x1a0012f8                setvbuf
 .text._deferredlazyseek
                0x1a001338       0x44 /usr/local/lpcxpresso_8.2.2_650/lpcxpresso/tools/bin/../lib/gcc/arm-none-eabi/5.4.1/../../../../arm-none-eabi/lib/armv7e-m/softfp/libcr_c.a(_deferredlazyseek.o)
                0x1a001338                _deferredlazyseek
 .text._fdopen  0x1a00137c       0x6a /usr/local/lpcxpresso_8.2.2_650/lpcxpresso/tools/bin/../lib/gcc/arm-none-eabi/5.4.1/../../../../arm-none-eabi/lib/armv7e-m/softfp/libcr_c.a(_fdopen.o)
                0x1a00137c                _fdopen
 .text._fflush  0x1a0013e6       0x58 /usr/local/lpcxpresso_8.2.2_650/lpcxpresso/tools/bin/../lib/gcc/arm-none-eabi/5.4.1/../../../../arm-none-eabi/lib/armv7e-m/softfp/libcr_c.a(_fflush.o)
                0x1a0013e6                _fflush
 *fill*         0x1a00143e        0x2 ff
 .text._Cwritebuf
                0x1a001440       0x68 /usr/local/lpcxpresso_8.2.2_650/lpcxpresso/tools/bin/../lib/gcc/arm-none-eabi/5.4.1/../../../../arm-none-eabi/lib/armv7e-m/softfp/libcr_c.a(_writebuf.o)
                0x1a001440                _Cwritebuf
 .text.malloc   0x1a0014a8       0xc8 /usr/local/lpcxpresso_8.2.2_650/lpcxpresso/tools/bin/../lib/gcc/arm-none-eabi/5.4.1/../../../../arm-none-eabi/lib/armv7e-m/softfp/libcr_c.a(alloc.o)
                0x1a0014a8                malloc
 .text.free     0x1a001570       0x30 /usr/local/lpcxpresso_8.2.2_650/lpcxpresso/tools/bin/../lib/gcc/arm-none-eabi/5.4.1/../../../../arm-none-eabi/lib/armv7e-m/softfp/libcr_c.a(alloc.o)
                0x1a001570                free
 .text._Csys_alloc
                0x1a0015a0       0x20 /usr/local/lpcxpresso_8.2.2_650/lpcxpresso/tools/bin/../lib/gcc/arm-none-eabi/5.4.1/../../../../arm-none-eabi/lib/armv7e-m/softfp/libcr_c.a(alloc.o)
                0x1a0015a0                _Csys_alloc
 .text.fclose   0x1a0015c0       0x6c /usr/local/lpcxpresso_8.2.2_650/lpcxpresso/tools/bin/../lib/gcc/arm-none-eabi/5.4.1/../../../../arm-none-eabi/lib/armv7e-m/softfp/libcr_c.a(fclose.o)
                0x1a0015c0                fclose
 .text.fflush   0x1a00162c       0x30 /usr/local/lpcxpresso_8.2.2_650/lpcxpresso/tools/bin/../lib/gcc/arm-none-eabi/5.4.1/../../../../arm-none-eabi/lib/armv7e-m/softfp/libcr_c.a(fflush.o)
                0x1a00162c                fflush
 .text.fseek    0x1a00165c      0x110 /usr/local/lpcxpresso_8.2.2_650/lpcxpresso/tools/bin/../lib/gcc/arm-none-eabi/5.4.1/../../../../arm-none-eabi/lib/armv7e-m/softfp/libcr_c.a(fseek.o)
                0x1a00165c                fseek
 .text.ftell    0x1a00176c       0x4c /usr/local/lpcxpresso_8.2.2_650/lpcxpresso/tools/bin/../lib/gcc/arm-none-eabi/5.4.1/../../../../arm-none-eabi/lib/armv7e-m/softfp/libcr_c.a(ftell.o)
                0x1a00176c                ftell
 .text.remove   0x1a0017b8       0x14 /usr/local/lpcxpresso_8.2.2_650/lpcxpresso/tools/bin/../lib/gcc/arm-none-eabi/5.4.1/../../../../arm-none-eabi/lib/armv7e-m/softfp/libcr_c.a(remove.o)
                0x1a0017b8                remove
 .text.strlen   0x1a0017cc       0x4a /usr/local/lpcxpresso_8.2.2_650/lpcxpresso/tools/bin/../lib/gcc/arm-none-eabi/5.4.1/../../../../arm-none-eabi/lib/armv7e-m/softfp/libcr_c.a(strlen.o)
                0x1a0017cc                strlen
 *fill*         0x1a001816        0x2 ff
 .text._sbrk    0x1a001818       0x40 /usr/local/lpcxpresso_8.2.2_650/lpcxpresso/tools/bin/../lib/gcc/arm-none-eabi/5.4.1/../../../../arm-none-eabi/lib/armv7e-m/softfp/libcr_c.a(_cr_sbrk.o)
                0x1a001818                _sbrk
 .text._do_fflush
                0x1a001858       0x44 /usr/local/lpcxpresso_8.2.2_650/lpcxpresso/tools/bin/../lib/gcc/arm-none-eabi/5.4.1/../../../../arm-none-eabi/lib/armv7e-m/softfp/libcr_c.a(_do_fflush.o)
                0x1a001858                _do_fflush
 .text.__check_heap_overflow
                0x1a00189c       0x18 /usr/local/lpcxpresso_8.2.2_650/lpcxpresso/tools/bin/../lib/gcc/arm-none-eabi/5.4.1/../../../../arm-none-eabi/lib/armv7e-m/softfp/libcr_c.a(_cr_check_heap.o)
                0x1a00189c                __check_heap_overflow
 .text.__aeabi_memset_lowlevel
                0x1a0018b4       0x32 /usr/local/lpcxpresso_8.2.2_650/lpcxpresso/tools/bin/../lib/gcc/arm-none-eabi/5.4.1/armv7e-m/softfp/libcr_eabihelpers.a(memcpy.o)
                0x1a0018b4                __aeabi_lowlevel_memset
 .text.__sys_appexit
                0x1a0018e6        0x2 /usr/local/lpcxpresso_8.2.2_650/lpcxpresso/tools/bin/../lib/gcc/arm-none-eabi/5.4.1/../../../../arm-none-eabi/lib/armv7e-m/softfp/libcr_nohost.a(__sys_appexit.o)
                0x1a0018e6                __exit
                0x1a0018e6                __sys_appexit
 .text.__sys_close
                0x1a0018e8        0x6 /usr/local/lpcxpresso_8.2.2_650/lpcxpresso/tools/bin/../lib/gcc/arm-none-eabi/5.4.1/../../../../arm-none-eabi/lib/armv7e-m/softfp/libcr_nohost.a(__sys_close.o)
                0x1a0018e8                __sys_close
 .text.__sys_flen
                0x1a0018ee        0x6 /usr/local/lpcxpresso_8.2.2_650/lpcxpresso/tools/bin/../lib/gcc/arm-none-eabi/5.4.1/../../../../arm-none-eabi/lib/armv7e-m/softfp/libcr_nohost.a(__sys_flen.o)
                0x1a0018ee                __sys_flen
 .text.__sys_istty
                0x1a0018f4        0x6 /usr/local/lpcxpresso_8.2.2_650/lpcxpresso/tools/bin/../lib/gcc/arm-none-eabi/5.4.1/../../../../arm-none-eabi/lib/armv7e-m/softfp/libcr_nohost.a(__sys_istty.o)
                0x1a0018f4                __sys_istty
 .text.__sys_remove
                0x1a0018fa        0x6 /usr/local/lpcxpresso_8.2.2_650/lpcxpresso/tools/bin/../lib/gcc/arm-none-eabi/5.4.1/../../../../arm-none-eabi/lib/armv7e-m/softfp/libcr_nohost.a(__sys_remove.o)
                0x1a0018fa                __sys_remove
 .text.__sys_seek
                0x1a001900        0x6 /usr/local/lpcxpresso_8.2.2_650/lpcxpresso/tools/bin/../lib/gcc/arm-none-eabi/5.4.1/../../../../arm-none-eabi/lib/armv7e-m/softfp/libcr_nohost.a(__sys_seek.o)
                0x1a001900                __sys_seek
 .text.__sys_tmpnam
                0x1a001906        0x6 /usr/local/lpcxpresso_8.2.2_650/lpcxpresso/tools/bin/../lib/gcc/arm-none-eabi/5.4.1/../../../../arm-none-eabi/lib/armv7e-m/softfp/libcr_nohost.a(__sys_tmpnam.o)
                0x1a001906                __sys_tmpnam
 .text.__sys_write
                0x1a00190c        0x4 /usr/local/lpcxpresso_8.2.2_650/lpcxpresso/tools/bin/../lib/gcc/arm-none-eabi/5.4.1/../../../../arm-none-eabi/lib/armv7e-m/softfp/libcr_nohost.a(__sys_write.o)
                0x1a00190c                __write
                0x1a00190c                __sys_write
 *(.rodata .rodata.* .constdata .constdata.*)
 .rodata.ExtRateIn
                0x1a001910        0x4 /home/michele/Scrivania/SE_project/Project/lpc_board_nxp_lpcxpresso_4337/Debug/liblpc_board_nxp_lpcxpresso_4337.a(board.o)
                0x1a001910                ExtRateIn
 .rodata.OscRateIn
                0x1a001914        0x4 /home/michele/Scrivania/SE_project/Project/lpc_board_nxp_lpcxpresso_4337/Debug/liblpc_board_nxp_lpcxpresso_4337.a(board.o)
                0x1a001914                OscRateIn
 .rodata.gpioLEDBits
                0x1a001918        0x6 /home/michele/Scrivania/SE_project/Project/lpc_board_nxp_lpcxpresso_4337/Debug/liblpc_board_nxp_lpcxpresso_4337.a(board.o)
 *fill*         0x1a00191e        0x2 ff
 .rodata.InitClkStates
                0x1a001920        0xc /home/michele/Scrivania/SE_project/Project/lpc_board_nxp_lpcxpresso_4337/Debug/liblpc_board_nxp_lpcxpresso_4337.a(board_sysinit.o)
 .rodata.pinmuxing
                0x1a00192c       0x34 /home/michele/Scrivania/SE_project/Project/lpc_board_nxp_lpcxpresso_4337/Debug/liblpc_board_nxp_lpcxpresso_4337.a(board_sysinit.o)
 .rodata.periph_to_base
                0x1a001960       0x6c /home/michele/Scrivania/SE_project/Project/lpc_chip_43xx/Debug/liblpc_chip_43xx.a(clock_18xx_43xx.o)
 .rodata        0x1a0019cc        0xa /home/michele/Scrivania/SE_project/Project/lpc_chip_43xx/Debug/liblpc_chip_43xx.a(clock_18xx_43xx.o)
 *fill*         0x1a0019d6        0x2 ff
 .rodata.InitClkStates
                0x1a0019d8       0x48 /home/michele/Scrivania/SE_project/Project/lpc_chip_43xx/Debug/liblpc_chip_43xx.a(sysinit_18xx_43xx.o)
 .rodata.str1.1
                0x1a001a20        0x4 /usr/local/lpcxpresso_8.2.2_650/lpcxpresso/tools/bin/../lib/gcc/arm-none-eabi/5.4.1/../../../../arm-none-eabi/lib/armv7e-m/softfp/libcr_c.a(initio.o)
 .rodata.str1.1
                0x1a001a24       0x18 /usr/local/lpcxpresso_8.2.2_650/lpcxpresso/tools/bin/../lib/gcc/arm-none-eabi/5.4.1/../../../../arm-none-eabi/lib/armv7e-m/softfp/libcr_c.a(alloc.o)
                0x1a001a3c                . = ALIGN (0x4)

.glue_7         0x1a001a3c        0x0
 .glue_7        0x1a001a3c        0x0 linker stubs

.glue_7t        0x1a001a3c        0x0
 .glue_7t       0x1a001a3c        0x0 linker stubs

.vfp11_veneer   0x1a001a3c        0x0
 .vfp11_veneer  0x1a001a3c        0x0 linker stubs

.v4_bx          0x1a001a3c        0x0
 .v4_bx         0x1a001a3c        0x0 linker stubs

.iplt           0x1a001a3c        0x0
 .iplt          0x1a001a3c        0x0 ./example/src/cr_startup_lpc43xx.o

.rel.dyn        0x1a001a3c        0x0
 .rel.iplt      0x1a001a3c        0x0 ./example/src/cr_startup_lpc43xx.o

.ARM.extab
 *(.ARM.extab* .gnu.linkonce.armextab.*)
                0x1a001a3c                __exidx_start = .

.ARM.exidx
 *(.ARM.exidx* .gnu.linkonce.armexidx.*)
                0x1a001a3c                __exidx_end = .
                0x1a001a3c                _etext = .

.data_RAM2      0x10080000        0x0 load address 0x1a001a3c
 FILL mask 0xff
                [!provide]                PROVIDE (__start_data_RAM2, .)
 *(.ramfunc.$RAM2)
 *(.ramfunc.$RamLoc40)
 *(.data.$RAM2*)
 *(.data.$RamLoc40*)
                0x10080000                . = ALIGN (0x4)
                [!provide]                PROVIDE (__end_data_RAM2, .)

.data_RAM3      0x20000000        0x0 load address 0x1a001a3c
 FILL mask 0xff
                [!provide]                PROVIDE (__start_data_RAM3, .)
 *(.ramfunc.$RAM3)
 *(.ramfunc.$RamAHB32)
 *(.data.$RAM3*)
 *(.data.$RamAHB32*)
                0x20000000                . = ALIGN (0x4)
                [!provide]                PROVIDE (__end_data_RAM3, .)

.data_RAM4      0x20008000        0x0 load address 0x1a001a3c
 FILL mask 0xff
                [!provide]                PROVIDE (__start_data_RAM4, .)
 *(.ramfunc.$RAM4)
 *(.ramfunc.$RamAHB16)
 *(.data.$RAM4*)
 *(.data.$RamAHB16*)
                0x20008000                . = ALIGN (0x4)
                [!provide]                PROVIDE (__end_data_RAM4, .)

.data_RAM5      0x2000c000        0x0 load address 0x1a001a3c
 FILL mask 0xff
                [!provide]                PROVIDE (__start_data_RAM5, .)
 *(.ramfunc.$RAM5)
 *(.ramfunc.$RamAHB_ETB16)
 *(.data.$RAM5*)
 *(.data.$RamAHB_ETB16*)
                0x2000c000                . = ALIGN (0x4)
                [!provide]                PROVIDE (__end_data_RAM5, .)

.uninit_RESERVED
                0x10000000        0x0
 *(.bss.$RESERVED*)
                0x10000000                . = ALIGN (0x4)
                0x10000000                _end_uninit_RESERVED = .

.data           0x10000000        0x0 load address 0x1a001a3c
 FILL mask 0xff
                0x10000000                _data = .
 *(vtable)
 *(.ramfunc*)
 *(.data*)
                0x10000000                . = ALIGN (0x4)
                0x10000000                _edata = .

.igot.plt       0x10000000        0x0 load address 0x1a001a3c
 .igot.plt      0x10000000        0x0 ./example/src/cr_startup_lpc43xx.o

.bss_RAM2       0x10080000        0x0
                [!provide]                PROVIDE (__start_bss_RAM2, .)
 *(.bss.$RAM2*)
 *(.bss.$RamLoc40*)
                0x10080000                . = ALIGN ((. != 0x0)?0x4:0x1)
                [!provide]                PROVIDE (__end_bss_RAM2, .)

.bss_RAM3       0x20000000        0x0
                [!provide]                PROVIDE (__start_bss_RAM3, .)
 *(.bss.$RAM3*)
 *(.bss.$RamAHB32*)
                0x20000000                . = ALIGN ((. != 0x0)?0x4:0x1)
                [!provide]                PROVIDE (__end_bss_RAM3, .)

.bss_RAM4       0x20008000        0x0
                [!provide]                PROVIDE (__start_bss_RAM4, .)
 *(.bss.$RAM4*)
 *(.bss.$RamAHB16*)
                0x20008000                . = ALIGN ((. != 0x0)?0x4:0x1)
                [!provide]                PROVIDE (__end_bss_RAM4, .)

.bss_RAM5       0x2000c000        0x0
                [!provide]                PROVIDE (__start_bss_RAM5, .)
 *(.bss.$RAM5*)
 *(.bss.$RamAHB_ETB16*)
                0x2000c000                . = ALIGN ((. != 0x0)?0x4:0x1)
                [!provide]                PROVIDE (__end_bss_RAM5, .)

.bss            0x10000000      0x184
                0x10000000                _bss = .
 *(.bss*)
 .bss.audio_usb_pll_freq
                0x10000000        0x8 /home/michele/Scrivania/SE_project/Project/lpc_chip_43xx/Debug/liblpc_chip_43xx.a(clock_18xx_43xx.o)
 .bss.BOOTROM_API_TABLE
                0x10000008        0x4 /home/michele/Scrivania/SE_project/Project/lpc_chip_43xx/Debug/liblpc_chip_43xx.a(otp_18xx_43xx.o)
 .bss.Otp_ProgBootSrc
                0x1000000c        0x4 /home/michele/Scrivania/SE_project/Project/lpc_chip_43xx/Debug/liblpc_chip_43xx.a(otp_18xx_43xx.o)
 .bss.Otp_ProgJTAGDis
                0x10000010        0x4 /home/michele/Scrivania/SE_project/Project/lpc_chip_43xx/Debug/liblpc_chip_43xx.a(otp_18xx_43xx.o)
 .bss.Otp_ProgUSBID
                0x10000014        0x4 /home/michele/Scrivania/SE_project/Project/lpc_chip_43xx/Debug/liblpc_chip_43xx.a(otp_18xx_43xx.o)
 .bss.Otp_ProgGP0
                0x10000018        0x4 /home/michele/Scrivania/SE_project/Project/lpc_chip_43xx/Debug/liblpc_chip_43xx.a(otp_18xx_43xx.o)
 .bss.Otp_ProgGP1
                0x1000001c        0x4 /home/michele/Scrivania/SE_project/Project/lpc_chip_43xx/Debug/liblpc_chip_43xx.a(otp_18xx_43xx.o)
 .bss.Otp_ProgGP2
                0x10000020        0x4 /home/michele/Scrivania/SE_project/Project/lpc_chip_43xx/Debug/liblpc_chip_43xx.a(otp_18xx_43xx.o)
 .bss.Otp_ProgKey1
                0x10000024        0x4 /home/michele/Scrivania/SE_project/Project/lpc_chip_43xx/Debug/liblpc_chip_43xx.a(otp_18xx_43xx.o)
 .bss.Otp_ProgKey2
                0x10000028        0x4 /home/michele/Scrivania/SE_project/Project/lpc_chip_43xx/Debug/liblpc_chip_43xx.a(otp_18xx_43xx.o)
 .bss.Otp_GenRand
                0x1000002c        0x4 /home/michele/Scrivania/SE_project/Project/lpc_chip_43xx/Debug/liblpc_chip_43xx.a(otp_18xx_43xx.o)
 .bss._extra    0x10000030        0x4 /usr/local/lpcxpresso_8.2.2_650/lpcxpresso/tools/bin/../lib/gcc/arm-none-eabi/5.4.1/../../../../arm-none-eabi/lib/armv7e-m/softfp/libcr_c.a(initio.o)
                0x10000030                _extra
 .bss.__Ciob    0x10000034      0x140 /usr/local/lpcxpresso_8.2.2_650/lpcxpresso/tools/bin/../lib/gcc/arm-none-eabi/5.4.1/../../../../arm-none-eabi/lib/armv7e-m/softfp/libcr_c.a(stdio.o)
                0x10000034                __Ciob
 .bss.__heaps   0x10000174        0x4 /usr/local/lpcxpresso_8.2.2_650/lpcxpresso/tools/bin/../lib/gcc/arm-none-eabi/5.4.1/../../../../arm-none-eabi/lib/armv7e-m/softfp/libcr_c.a(__init_alloc.o)
                0x10000174                __heaps
 .bss.__end_of_heap
                0x10000178        0x4 /usr/local/lpcxpresso_8.2.2_650/lpcxpresso/tools/bin/../lib/gcc/arm-none-eabi/5.4.1/../../../../arm-none-eabi/lib/armv7e-m/softfp/libcr_c.a(__init_alloc.o)
                0x10000178                __end_of_heap
 .bss.errno     0x1000017c        0x4 /usr/local/lpcxpresso_8.2.2_650/lpcxpresso/tools/bin/../lib/gcc/arm-none-eabi/5.4.1/../../../../arm-none-eabi/lib/armv7e-m/softfp/libcr_c.a(errno.o)
                0x1000017c                errno
 *(COMMON)
 COMMON         0x10000180        0x4 /home/michele/Scrivania/SE_project/Project/lpc_chip_43xx/Debug/liblpc_chip_43xx.a(chip_18xx_43xx.o)
                0x10000180                SystemCoreClock
                0x10000184                . = ALIGN (0x4)
                0x10000184                _ebss = .
                [!provide]                PROVIDE (end, .)

.noinit_RAM2    0x10080000        0x0
 *(.noinit.$RAM2*)
 *(.noinit.$RamLoc40*)
                0x10080000                . = ALIGN (0x4)

.noinit_RAM3    0x20000000        0x0
 *(.noinit.$RAM3*)
 *(.noinit.$RamAHB32*)
                0x20000000                . = ALIGN (0x4)

.noinit_RAM4    0x20008000        0x0
 *(.noinit.$RAM4*)
 *(.noinit.$RamAHB16*)
                0x20008000                . = ALIGN (0x4)

.noinit_RAM5    0x2000c000        0x0
 *(.noinit.$RAM5*)
 *(.noinit.$RamAHB_ETB16*)
                0x2000c000                . = ALIGN (0x4)

.noinit         0x10000184        0x0
                0x10000184                _noinit = .
 *(.noinit*)
                0x10000184                . = ALIGN (0x4)
                0x10000184                _end_noinit = .
                0x10000184                PROVIDE (_pvHeapStart, DEFINED (__user_heap_base)?__user_heap_base:.)
                0x10008000                PROVIDE (_vStackTop, DEFINED (__user_stack_top)?__user_stack_top:(__top_RamLoc32 - 0x0))
                [!provide]                PROVIDE (__valid_user_code_checksum, (0x0 - ((((((_vStackTop + (ResetISR + 0x1)) + (NMI_Handler + 0x1)) + (HardFault_Handler + 0x1)) + (DEFINED (MemManage_Handler)?MemManage_Handler:0x0 + 0x1)) + (DEFINED (BusFault_Handler)?BusFault_Handler:0x0 + 0x1)) + (DEFINED (UsageFault_Handler)?UsageFault_Handler:0x0 + 0x1))))
OUTPUT(misc_otp_funcs.axf elf32-littlearm)

.debug_info     0x00000000     0x5d2d
 .debug_info    0x00000000      0x297 ./example/src/cr_startup_lpc43xx.o
 .debug_info    0x00000297      0x12e ./example/src/otp_funcs.o
 .debug_info    0x000003c5       0xea ./example/src/sysinit.o
 .debug_info    0x000004af     0x193f /home/michele/Scrivania/SE_project/Project/lpc_board_nxp_lpcxpresso_4337/Debug/liblpc_board_nxp_lpcxpresso_4337.a(board.o)
 .debug_info    0x00001dee      0xb56 /home/michele/Scrivania/SE_project/Project/lpc_board_nxp_lpcxpresso_4337/Debug/liblpc_board_nxp_lpcxpresso_4337.a(board_sysinit.o)
 .debug_info    0x00002944      0xa31 /home/michele/Scrivania/SE_project/Project/lpc_chip_43xx/Debug/liblpc_chip_43xx.a(chip_18xx_43xx.o)
 .debug_info    0x00003375     0x1590 /home/michele/Scrivania/SE_project/Project/lpc_chip_43xx/Debug/liblpc_chip_43xx.a(clock_18xx_43xx.o)
 .debug_info    0x00004905      0x128 /home/michele/Scrivania/SE_project/Project/lpc_chip_43xx/Debug/liblpc_chip_43xx.a(fpu_init.o)
 .debug_info    0x00004a2d      0x1fd /home/michele/Scrivania/SE_project/Project/lpc_chip_43xx/Debug/liblpc_chip_43xx.a(gpio_18xx_43xx.o)
 .debug_info    0x00004c2a      0x806 /home/michele/Scrivania/SE_project/Project/lpc_chip_43xx/Debug/liblpc_chip_43xx.a(otp_18xx_43xx.o)
 .debug_info    0x00005430      0x8fd /home/michele/Scrivania/SE_project/Project/lpc_chip_43xx/Debug/liblpc_chip_43xx.a(sysinit_18xx_43xx.o)

.debug_abbrev   0x00000000      0xef2
 .debug_abbrev  0x00000000       0xed ./example/src/cr_startup_lpc43xx.o
 .debug_abbrev  0x000000ed       0xa4 ./example/src/otp_funcs.o
 .debug_abbrev  0x00000191       0x9c ./example/src/sysinit.o
 .debug_abbrev  0x0000022d      0x31e /home/michele/Scrivania/SE_project/Project/lpc_board_nxp_lpcxpresso_4337/Debug/liblpc_board_nxp_lpcxpresso_4337.a(board.o)
 .debug_abbrev  0x0000054b      0x19a /home/michele/Scrivania/SE_project/Project/lpc_board_nxp_lpcxpresso_4337/Debug/liblpc_board_nxp_lpcxpresso_4337.a(board_sysinit.o)
 .debug_abbrev  0x000006e5      0x155 /home/michele/Scrivania/SE_project/Project/lpc_chip_43xx/Debug/liblpc_chip_43xx.a(chip_18xx_43xx.o)
 .debug_abbrev  0x0000083a      0x2cb /home/michele/Scrivania/SE_project/Project/lpc_chip_43xx/Debug/liblpc_chip_43xx.a(clock_18xx_43xx.o)
 .debug_abbrev  0x00000b05       0x84 /home/michele/Scrivania/SE_project/Project/lpc_chip_43xx/Debug/liblpc_chip_43xx.a(fpu_init.o)
 .debug_abbrev  0x00000b89       0xd0 /home/michele/Scrivania/SE_project/Project/lpc_chip_43xx/Debug/liblpc_chip_43xx.a(gpio_18xx_43xx.o)
 .debug_abbrev  0x00000c59      0x10b /home/michele/Scrivania/SE_project/Project/lpc_chip_43xx/Debug/liblpc_chip_43xx.a(otp_18xx_43xx.o)
 .debug_abbrev  0x00000d64      0x18e /home/michele/Scrivania/SE_project/Project/lpc_chip_43xx/Debug/liblpc_chip_43xx.a(sysinit_18xx_43xx.o)

.debug_aranges  0x00000000      0x4d0
 .debug_aranges
                0x00000000       0x80 ./example/src/cr_startup_lpc43xx.o
 .debug_aranges
                0x00000080       0x28 ./example/src/otp_funcs.o
 .debug_aranges
                0x000000a8       0x20 ./example/src/sysinit.o
 .debug_aranges
                0x000000c8      0x160 /home/michele/Scrivania/SE_project/Project/lpc_board_nxp_lpcxpresso_4337/Debug/liblpc_board_nxp_lpcxpresso_4337.a(board.o)
 .debug_aranges
                0x00000228       0x48 /home/michele/Scrivania/SE_project/Project/lpc_board_nxp_lpcxpresso_4337/Debug/liblpc_board_nxp_lpcxpresso_4337.a(board_sysinit.o)
 .debug_aranges
                0x00000270       0x40 /home/michele/Scrivania/SE_project/Project/lpc_chip_43xx/Debug/liblpc_chip_43xx.a(chip_18xx_43xx.o)
 .debug_aranges
                0x000002b0      0x138 /home/michele/Scrivania/SE_project/Project/lpc_chip_43xx/Debug/liblpc_chip_43xx.a(clock_18xx_43xx.o)
 .debug_aranges
                0x000003e8       0x20 /home/michele/Scrivania/SE_project/Project/lpc_chip_43xx/Debug/liblpc_chip_43xx.a(fpu_init.o)
 .debug_aranges
                0x00000408       0x28 /home/michele/Scrivania/SE_project/Project/lpc_chip_43xx/Debug/liblpc_chip_43xx.a(gpio_18xx_43xx.o)
 .debug_aranges
                0x00000430       0x50 /home/michele/Scrivania/SE_project/Project/lpc_chip_43xx/Debug/liblpc_chip_43xx.a(otp_18xx_43xx.o)
 .debug_aranges
                0x00000480       0x50 /home/michele/Scrivania/SE_project/Project/lpc_chip_43xx/Debug/liblpc_chip_43xx.a(sysinit_18xx_43xx.o)

.debug_ranges   0x00000000      0x438
 .debug_ranges  0x00000000       0x70 ./example/src/cr_startup_lpc43xx.o
 .debug_ranges  0x00000070       0x18 ./example/src/otp_funcs.o
 .debug_ranges  0x00000088       0x10 ./example/src/sysinit.o
 .debug_ranges  0x00000098      0x150 /home/michele/Scrivania/SE_project/Project/lpc_board_nxp_lpcxpresso_4337/Debug/liblpc_board_nxp_lpcxpresso_4337.a(board.o)
 .debug_ranges  0x000001e8       0x38 /home/michele/Scrivania/SE_project/Project/lpc_board_nxp_lpcxpresso_4337/Debug/liblpc_board_nxp_lpcxpresso_4337.a(board_sysinit.o)
 .debug_ranges  0x00000220       0x30 /home/michele/Scrivania/SE_project/Project/lpc_chip_43xx/Debug/liblpc_chip_43xx.a(chip_18xx_43xx.o)
 .debug_ranges  0x00000250      0x140 /home/michele/Scrivania/SE_project/Project/lpc_chip_43xx/Debug/liblpc_chip_43xx.a(clock_18xx_43xx.o)
 .debug_ranges  0x00000390       0x10 /home/michele/Scrivania/SE_project/Project/lpc_chip_43xx/Debug/liblpc_chip_43xx.a(fpu_init.o)
 .debug_ranges  0x000003a0       0x18 /home/michele/Scrivania/SE_project/Project/lpc_chip_43xx/Debug/liblpc_chip_43xx.a(gpio_18xx_43xx.o)
 .debug_ranges  0x000003b8       0x40 /home/michele/Scrivania/SE_project/Project/lpc_chip_43xx/Debug/liblpc_chip_43xx.a(otp_18xx_43xx.o)
 .debug_ranges  0x000003f8       0x40 /home/michele/Scrivania/SE_project/Project/lpc_chip_43xx/Debug/liblpc_chip_43xx.a(sysinit_18xx_43xx.o)

.debug_macro    0x00000000     0x6eb2
 .debug_macro   0x00000000       0x1d ./example/src/cr_startup_lpc43xx.o
 .debug_macro   0x0000001d      0x8a4 ./example/src/cr_startup_lpc43xx.o
 .debug_macro   0x000008c1      0x310 ./example/src/otp_funcs.o
 .debug_macro   0x00000bd1       0x10 ./example/src/otp_funcs.o
 .debug_macro   0x00000be1       0x10 ./example/src/otp_funcs.o
 .debug_macro   0x00000bf1      0x12d ./example/src/otp_funcs.o
 .debug_macro   0x00000d1e      0x5b2 ./example/src/otp_funcs.o
 .debug_macro   0x000012d0       0x22 ./example/src/otp_funcs.o
 .debug_macro   0x000012f2       0x7b ./example/src/otp_funcs.o
 .debug_macro   0x0000136d       0x28 ./example/src/otp_funcs.o
 .debug_macro   0x00001395       0x3b ./example/src/otp_funcs.o
 .debug_macro   0x000013d0       0x2d ./example/src/otp_funcs.o
 .debug_macro   0x000013fd       0x42 ./example/src/otp_funcs.o
 .debug_macro   0x0000143f      0xd39 ./example/src/otp_funcs.o
 .debug_macro   0x00002178      0x2bc ./example/src/otp_funcs.o
 .debug_macro   0x00002434      0x112 ./example/src/otp_funcs.o
 .debug_macro   0x00002546       0x11 ./example/src/otp_funcs.o
 .debug_macro   0x00002557       0x2a ./example/src/otp_funcs.o
 .debug_macro   0x00002581       0x16 ./example/src/otp_funcs.o
 .debug_macro   0x00002597      0x2e6 ./example/src/otp_funcs.o
 .debug_macro   0x0000287d       0x82 ./example/src/otp_funcs.o
 .debug_macro   0x000028ff      0x13d ./example/src/otp_funcs.o
 .debug_macro   0x00002a3c      0x198 ./example/src/otp_funcs.o
 .debug_macro   0x00002bd4       0x34 ./example/src/otp_funcs.o
 .debug_macro   0x00002c08       0x58 ./example/src/otp_funcs.o
 .debug_macro   0x00002c60      0x236 ./example/src/otp_funcs.o
 .debug_macro   0x00002e96      0x572 ./example/src/otp_funcs.o
 .debug_macro   0x00003408       0x16 ./example/src/otp_funcs.o
 .debug_macro   0x0000341e      0x18a ./example/src/otp_funcs.o
 .debug_macro   0x000035a8       0x88 ./example/src/otp_funcs.o
 .debug_macro   0x00003630      0x1b9 ./example/src/otp_funcs.o
 .debug_macro   0x000037e9      0x1da ./example/src/otp_funcs.o
 .debug_macro   0x000039c3       0x40 ./example/src/otp_funcs.o
 .debug_macro   0x00003a03       0x1c ./example/src/otp_funcs.o
 .debug_macro   0x00003a1f       0x2e ./example/src/otp_funcs.o
 .debug_macro   0x00003a4d       0x2e ./example/src/otp_funcs.o
 .debug_macro   0x00003a7b       0x22 ./example/src/otp_funcs.o
 .debug_macro   0x00003a9d      0x201 ./example/src/otp_funcs.o
 .debug_macro   0x00003c9e       0xe0 ./example/src/otp_funcs.o
 .debug_macro   0x00003d7e      0x34c ./example/src/otp_funcs.o
 .debug_macro   0x000040ca       0xdc ./example/src/otp_funcs.o
 .debug_macro   0x000041a6       0xc4 ./example/src/otp_funcs.o
 .debug_macro   0x0000426a       0x94 ./example/src/otp_funcs.o
 .debug_macro   0x000042fe       0xb8 ./example/src/otp_funcs.o
 .debug_macro   0x000043b6       0x4c ./example/src/otp_funcs.o
 .debug_macro   0x00004402       0x16 ./example/src/otp_funcs.o
 .debug_macro   0x00004418      0x328 ./example/src/otp_funcs.o
 .debug_macro   0x00004740       0x3a ./example/src/otp_funcs.o
 .debug_macro   0x0000477a       0xd0 ./example/src/otp_funcs.o
 .debug_macro   0x0000484a       0x18 ./example/src/otp_funcs.o
 .debug_macro   0x00004862       0x22 ./example/src/otp_funcs.o
 .debug_macro   0x00004884       0x40 ./example/src/otp_funcs.o
 .debug_macro   0x000048c4       0xfc ./example/src/otp_funcs.o
 .debug_macro   0x000049c0       0x9a ./example/src/otp_funcs.o
 .debug_macro   0x00004a5a       0x20 ./example/src/otp_funcs.o
 .debug_macro   0x00004a7a      0x310 ./example/src/sysinit.o
 .debug_macro   0x00004d8a      0x32d /home/michele/Scrivania/SE_project/Project/lpc_board_nxp_lpcxpresso_4337/Debug/liblpc_board_nxp_lpcxpresso_4337.a(board.o)
 .debug_macro   0x000050b7      0x89e /home/michele/Scrivania/SE_project/Project/lpc_board_nxp_lpcxpresso_4337/Debug/liblpc_board_nxp_lpcxpresso_4337.a(board.o)
 .debug_macro   0x00005955      0x339 /home/michele/Scrivania/SE_project/Project/lpc_board_nxp_lpcxpresso_4337/Debug/liblpc_board_nxp_lpcxpresso_4337.a(board.o)
 .debug_macro   0x00005c8e      0x310 /home/michele/Scrivania/SE_project/Project/lpc_board_nxp_lpcxpresso_4337/Debug/liblpc_board_nxp_lpcxpresso_4337.a(board_sysinit.o)
 .debug_macro   0x00005f9e      0x2da /home/michele/Scrivania/SE_project/Project/lpc_chip_43xx/Debug/liblpc_chip_43xx.a(chip_18xx_43xx.o)
 .debug_macro   0x00006278      0x2e0 /home/michele/Scrivania/SE_project/Project/lpc_chip_43xx/Debug/liblpc_chip_43xx.a(clock_18xx_43xx.o)
 .debug_macro   0x00006558       0xc0 /home/michele/Scrivania/SE_project/Project/lpc_chip_43xx/Debug/liblpc_chip_43xx.a(fpu_init.o)
 .debug_macro   0x00006618      0x2da /home/michele/Scrivania/SE_project/Project/lpc_chip_43xx/Debug/liblpc_chip_43xx.a(gpio_18xx_43xx.o)
 .debug_macro   0x000068f2      0x2e6 /home/michele/Scrivania/SE_project/Project/lpc_chip_43xx/Debug/liblpc_chip_43xx.a(otp_18xx_43xx.o)
 .debug_macro   0x00006bd8      0x2da /home/michele/Scrivania/SE_project/Project/lpc_chip_43xx/Debug/liblpc_chip_43xx.a(sysinit_18xx_43xx.o)

.debug_line     0x00000000     0x442b
 .debug_line    0x00000000      0x102 ./example/src/cr_startup_lpc43xx.o
 .debug_line    0x00000102      0x671 ./example/src/otp_funcs.o
 .debug_line    0x00000773      0x65a ./example/src/sysinit.o
 .debug_line    0x00000dcd      0x9e6 /home/michele/Scrivania/SE_project/Project/lpc_board_nxp_lpcxpresso_4337/Debug/liblpc_board_nxp_lpcxpresso_4337.a(board.o)
 .debug_line    0x000017b3      0x6e1 /home/michele/Scrivania/SE_project/Project/lpc_board_nxp_lpcxpresso_4337/Debug/liblpc_board_nxp_lpcxpresso_4337.a(board_sysinit.o)
 .debug_line    0x00001e94      0x64b /home/michele/Scrivania/SE_project/Project/lpc_chip_43xx/Debug/liblpc_chip_43xx.a(chip_18xx_43xx.o)
 .debug_line    0x000024df      0xa48 /home/michele/Scrivania/SE_project/Project/lpc_chip_43xx/Debug/liblpc_chip_43xx.a(clock_18xx_43xx.o)
 .debug_line    0x00002f27      0x1f7 /home/michele/Scrivania/SE_project/Project/lpc_chip_43xx/Debug/liblpc_chip_43xx.a(fpu_init.o)
 .debug_line    0x0000311e      0x5f1 /home/michele/Scrivania/SE_project/Project/lpc_chip_43xx/Debug/liblpc_chip_43xx.a(gpio_18xx_43xx.o)
 .debug_line    0x0000370f      0x663 /home/michele/Scrivania/SE_project/Project/lpc_chip_43xx/Debug/liblpc_chip_43xx.a(otp_18xx_43xx.o)
 .debug_line    0x00003d72      0x6b9 /home/michele/Scrivania/SE_project/Project/lpc_chip_43xx/Debug/liblpc_chip_43xx.a(sysinit_18xx_43xx.o)

.debug_str      0x00000000    0x188b4
 .debug_str     0x00000000     0x2740 ./example/src/cr_startup_lpc43xx.o
                               0x2758 (size before relaxing)
 .debug_str     0x00002740    0x130eb ./example/src/otp_funcs.o
                              0x15741 (size before relaxing)
 .debug_str     0x0001582b       0x23 ./example/src/sysinit.o
                              0x15728 (size before relaxing)
 .debug_str     0x0001584e     0x2432 /home/michele/Scrivania/SE_project/Project/lpc_board_nxp_lpcxpresso_4337/Debug/liblpc_board_nxp_lpcxpresso_4337.a(board.o)
                              0x17b58 (size before relaxing)
 .debug_str     0x00017c80      0x125 /home/michele/Scrivania/SE_project/Project/lpc_board_nxp_lpcxpresso_4337/Debug/liblpc_board_nxp_lpcxpresso_4337.a(board_sysinit.o)
                              0x164c9 (size before relaxing)
 .debug_str     0x00017da5       0xf0 /home/michele/Scrivania/SE_project/Project/lpc_chip_43xx/Debug/liblpc_chip_43xx.a(chip_18xx_43xx.o)
                              0x15deb (size before relaxing)
 .debug_str     0x00017e95      0x5f1 /home/michele/Scrivania/SE_project/Project/lpc_chip_43xx/Debug/liblpc_chip_43xx.a(clock_18xx_43xx.o)
                              0x1636e (size before relaxing)
 .debug_str     0x00018486       0xb5 /home/michele/Scrivania/SE_project/Project/lpc_chip_43xx/Debug/liblpc_chip_43xx.a(fpu_init.o)
                               0x9954 (size before relaxing)
 .debug_str     0x0001853b       0x38 /home/michele/Scrivania/SE_project/Project/lpc_chip_43xx/Debug/liblpc_chip_43xx.a(gpio_18xx_43xx.o)
                              0x15101 (size before relaxing)
 .debug_str     0x00018573      0x28d /home/michele/Scrivania/SE_project/Project/lpc_chip_43xx/Debug/liblpc_chip_43xx.a(otp_18xx_43xx.o)
                              0x15d75 (size before relaxing)
 .debug_str     0x00018800       0xb4 /home/michele/Scrivania/SE_project/Project/lpc_chip_43xx/Debug/liblpc_chip_43xx.a(sysinit_18xx_43xx.o)
                              0x15dba (size before relaxing)

.comment        0x00000000       0xdc
 .comment       0x00000000       0x6e ./example/src/cr_startup_lpc43xx.o
                                 0x6f (size before relaxing)
 .comment       0x0000006e       0x6f ./example/src/otp_funcs.o
 .comment       0x0000006e       0x6f ./example/src/sysinit.o
 .comment       0x0000006e       0x6f /home/michele/Scrivania/SE_project/Project/lpc_board_nxp_lpcxpresso_4337/Debug/liblpc_board_nxp_lpcxpresso_4337.a(board.o)
 .comment       0x0000006e       0x6f /home/michele/Scrivania/SE_project/Project/lpc_board_nxp_lpcxpresso_4337/Debug/liblpc_board_nxp_lpcxpresso_4337.a(board_sysinit.o)
 .comment       0x0000006e       0x6f /home/michele/Scrivania/SE_project/Project/lpc_chip_43xx/Debug/liblpc_chip_43xx.a(chip_18xx_43xx.o)
 .comment       0x0000006e       0x6f /home/michele/Scrivania/SE_project/Project/lpc_chip_43xx/Debug/liblpc_chip_43xx.a(clock_18xx_43xx.o)
 .comment       0x0000006e       0x6f /home/michele/Scrivania/SE_project/Project/lpc_chip_43xx/Debug/liblpc_chip_43xx.a(fpu_init.o)
 .comment       0x0000006e       0x6f /home/michele/Scrivania/SE_project/Project/lpc_chip_43xx/Debug/liblpc_chip_43xx.a(gpio_18xx_43xx.o)
 .comment       0x0000006e       0x6f /home/michele/Scrivania/SE_project/Project/lpc_chip_43xx/Debug/liblpc_chip_43xx.a(otp_18xx_43xx.o)
 .comment       0x0000006e       0x6f /home/michele/Scrivania/SE_project/Project/lpc_chip_43xx/Debug/liblpc_chip_43xx.a(sysinit_18xx_43xx.o)
 .comment       0x0000006e       0x6e /usr/local/lpcxpresso_8.2.2_650/lpcxpresso/tools/bin/../lib/gcc/arm-none-eabi/5.4.1/../../../../arm-none-eabi/lib/armv7e-m/softfp/libcr_nohost.a(_cr__main.o)
                                 0x6f (size before relaxing)
 .comment       0x000000dc       0x6f /usr/local/lpcxpresso_8.2.2_650/lpcxpresso/tools/bin/../lib/gcc/arm-none-eabi/5.4.1/../../../../arm-none-eabi/lib/armv7e-m/softfp/libcr_c.a(memset.o)
 .comment       0x000000dc       0x6f /usr/local/lpcxpresso_8.2.2_650/lpcxpresso/tools/bin/../lib/gcc/arm-none-eabi/5.4.1/../../../../arm-none-eabi/lib/armv7e-m/softfp/libcr_c.a(initio.o)
 .comment       0x000000dc       0x6f /usr/local/lpcxpresso_8.2.2_650/lpcxpresso/tools/bin/../lib/gcc/arm-none-eabi/5.4.1/../../../../arm-none-eabi/lib/armv7e-m/softfp/libcr_c.a(setvbuf.o)
 .comment       0x000000dc       0x6f /usr/local/lpcxpresso_8.2.2_650/lpcxpresso/tools/bin/../lib/gcc/arm-none-eabi/5.4.1/../../../../arm-none-eabi/lib/armv7e-m/softfp/libcr_c.a(stdio.o)
 .comment       0x000000dc       0x6f /usr/local/lpcxpresso_8.2.2_650/lpcxpresso/tools/bin/../lib/gcc/arm-none-eabi/5.4.1/../../../../arm-none-eabi/lib/armv7e-m/softfp/libcr_c.a(_deferredlazyseek.o)
 .comment       0x000000dc       0x6f /usr/local/lpcxpresso_8.2.2_650/lpcxpresso/tools/bin/../lib/gcc/arm-none-eabi/5.4.1/../../../../arm-none-eabi/lib/armv7e-m/softfp/libcr_c.a(_fdopen.o)
 .comment       0x000000dc       0x6f /usr/local/lpcxpresso_8.2.2_650/lpcxpresso/tools/bin/../lib/gcc/arm-none-eabi/5.4.1/../../../../arm-none-eabi/lib/armv7e-m/softfp/libcr_c.a(_fflush.o)
 .comment       0x000000dc       0x6f /usr/local/lpcxpresso_8.2.2_650/lpcxpresso/tools/bin/../lib/gcc/arm-none-eabi/5.4.1/../../../../arm-none-eabi/lib/armv7e-m/softfp/libcr_c.a(_writebuf.o)
 .comment       0x000000dc       0x6f /usr/local/lpcxpresso_8.2.2_650/lpcxpresso/tools/bin/../lib/gcc/arm-none-eabi/5.4.1/../../../../arm-none-eabi/lib/armv7e-m/softfp/libcr_c.a(alloc.o)
 .comment       0x000000dc       0x6f /usr/local/lpcxpresso_8.2.2_650/lpcxpresso/tools/bin/../lib/gcc/arm-none-eabi/5.4.1/../../../../arm-none-eabi/lib/armv7e-m/softfp/libcr_c.a(fclose.o)
 .comment       0x000000dc       0x6f /usr/local/lpcxpresso_8.2.2_650/lpcxpresso/tools/bin/../lib/gcc/arm-none-eabi/5.4.1/../../../../arm-none-eabi/lib/armv7e-m/softfp/libcr_c.a(fflush.o)
 .comment       0x000000dc       0x6f /usr/local/lpcxpresso_8.2.2_650/lpcxpresso/tools/bin/../lib/gcc/arm-none-eabi/5.4.1/../../../../arm-none-eabi/lib/armv7e-m/softfp/libcr_c.a(fseek.o)
 .comment       0x000000dc       0x6f /usr/local/lpcxpresso_8.2.2_650/lpcxpresso/tools/bin/../lib/gcc/arm-none-eabi/5.4.1/../../../../arm-none-eabi/lib/armv7e-m/softfp/libcr_c.a(ftell.o)
 .comment       0x000000dc       0x6f /usr/local/lpcxpresso_8.2.2_650/lpcxpresso/tools/bin/../lib/gcc/arm-none-eabi/5.4.1/../../../../arm-none-eabi/lib/armv7e-m/softfp/libcr_c.a(remove.o)
 .comment       0x000000dc       0x6f /usr/local/lpcxpresso_8.2.2_650/lpcxpresso/tools/bin/../lib/gcc/arm-none-eabi/5.4.1/../../../../arm-none-eabi/lib/armv7e-m/softfp/libcr_c.a(strlen.o)
 .comment       0x000000dc       0x6f /usr/local/lpcxpresso_8.2.2_650/lpcxpresso/tools/bin/../lib/gcc/arm-none-eabi/5.4.1/../../../../arm-none-eabi/lib/armv7e-m/softfp/libcr_c.a(__init_alloc.o)
 .comment       0x000000dc       0x6f /usr/local/lpcxpresso_8.2.2_650/lpcxpresso/tools/bin/../lib/gcc/arm-none-eabi/5.4.1/../../../../arm-none-eabi/lib/armv7e-m/softfp/libcr_c.a(_cr_sbrk.o)
 .comment       0x000000dc       0x6f /usr/local/lpcxpresso_8.2.2_650/lpcxpresso/tools/bin/../lib/gcc/arm-none-eabi/5.4.1/../../../../arm-none-eabi/lib/armv7e-m/softfp/libcr_c.a(_do_fflush.o)
 .comment       0x000000dc       0x6f /usr/local/lpcxpresso_8.2.2_650/lpcxpresso/tools/bin/../lib/gcc/arm-none-eabi/5.4.1/../../../../arm-none-eabi/lib/armv7e-m/softfp/libcr_c.a(errno.o)
 .comment       0x000000dc       0x6f /usr/local/lpcxpresso_8.2.2_650/lpcxpresso/tools/bin/../lib/gcc/arm-none-eabi/5.4.1/../../../../arm-none-eabi/lib/armv7e-m/softfp/libcr_c.a(_cr_check_heap.o)
 .comment       0x000000dc       0x6f /usr/local/lpcxpresso_8.2.2_650/lpcxpresso/tools/bin/../lib/gcc/arm-none-eabi/5.4.1/../../../../arm-none-eabi/lib/armv7e-m/softfp/libcr_nohost.a(__sys_appexit.o)
 .comment       0x000000dc       0x6f /usr/local/lpcxpresso_8.2.2_650/lpcxpresso/tools/bin/../lib/gcc/arm-none-eabi/5.4.1/../../../../arm-none-eabi/lib/armv7e-m/softfp/libcr_nohost.a(__sys_close.o)
 .comment       0x000000dc       0x6f /usr/local/lpcxpresso_8.2.2_650/lpcxpresso/tools/bin/../lib/gcc/arm-none-eabi/5.4.1/../../../../arm-none-eabi/lib/armv7e-m/softfp/libcr_nohost.a(__sys_flen.o)
 .comment       0x000000dc       0x6f /usr/local/lpcxpresso_8.2.2_650/lpcxpresso/tools/bin/../lib/gcc/arm-none-eabi/5.4.1/../../../../arm-none-eabi/lib/armv7e-m/softfp/libcr_nohost.a(__sys_istty.o)
 .comment       0x000000dc       0x6f /usr/local/lpcxpresso_8.2.2_650/lpcxpresso/tools/bin/../lib/gcc/arm-none-eabi/5.4.1/../../../../arm-none-eabi/lib/armv7e-m/softfp/libcr_nohost.a(__sys_remove.o)
 .comment       0x000000dc       0x6f /usr/local/lpcxpresso_8.2.2_650/lpcxpresso/tools/bin/../lib/gcc/arm-none-eabi/5.4.1/../../../../arm-none-eabi/lib/armv7e-m/softfp/libcr_nohost.a(__sys_seek.o)
 .comment       0x000000dc       0x6f /usr/local/lpcxpresso_8.2.2_650/lpcxpresso/tools/bin/../lib/gcc/arm-none-eabi/5.4.1/../../../../arm-none-eabi/lib/armv7e-m/softfp/libcr_nohost.a(__sys_tmpnam.o)
 .comment       0x000000dc       0x6f /usr/local/lpcxpresso_8.2.2_650/lpcxpresso/tools/bin/../lib/gcc/arm-none-eabi/5.4.1/../../../../arm-none-eabi/lib/armv7e-m/softfp/libcr_nohost.a(__sys_write.o)

.ARM.attributes
                0x00000000       0x35
 .ARM.attributes
                0x00000000       0x37 ./example/src/cr_startup_lpc43xx.o
 .ARM.attributes
                0x00000037       0x37 ./example/src/otp_funcs.o
 .ARM.attributes
                0x0000006e       0x37 ./example/src/sysinit.o
 .ARM.attributes
                0x000000a5       0x37 /home/michele/Scrivania/SE_project/Project/lpc_board_nxp_lpcxpresso_4337/Debug/liblpc_board_nxp_lpcxpresso_4337.a(board.o)
 .ARM.attributes
                0x000000dc       0x37 /home/michele/Scrivania/SE_project/Project/lpc_board_nxp_lpcxpresso_4337/Debug/liblpc_board_nxp_lpcxpresso_4337.a(board_sysinit.o)
 .ARM.attributes
                0x00000113       0x37 /home/michele/Scrivania/SE_project/Project/lpc_chip_43xx/Debug/liblpc_chip_43xx.a(chip_18xx_43xx.o)
 .ARM.attributes
                0x0000014a       0x37 /home/michele/Scrivania/SE_project/Project/lpc_chip_43xx/Debug/liblpc_chip_43xx.a(clock_18xx_43xx.o)
 .ARM.attributes
                0x00000181       0x37 /home/michele/Scrivania/SE_project/Project/lpc_chip_43xx/Debug/liblpc_chip_43xx.a(fpu_init.o)
 .ARM.attributes
                0x000001b8       0x37 /home/michele/Scrivania/SE_project/Project/lpc_chip_43xx/Debug/liblpc_chip_43xx.a(gpio_18xx_43xx.o)
 .ARM.attributes
                0x000001ef       0x37 /home/michele/Scrivania/SE_project/Project/lpc_chip_43xx/Debug/liblpc_chip_43xx.a(otp_18xx_43xx.o)
 .ARM.attributes
                0x00000226       0x37 /home/michele/Scrivania/SE_project/Project/lpc_chip_43xx/Debug/liblpc_chip_43xx.a(sysinit_18xx_43xx.o)
 .ARM.attributes
                0x0000025d       0x37 /usr/local/lpcxpresso_8.2.2_650/lpcxpresso/tools/bin/../lib/gcc/arm-none-eabi/5.4.1/../../../../arm-none-eabi/lib/armv7e-m/softfp/libcr_nohost.a(_cr__main.o)
 .ARM.attributes
                0x00000294       0x37 /usr/local/lpcxpresso_8.2.2_650/lpcxpresso/tools/bin/../lib/gcc/arm-none-eabi/5.4.1/../../../../arm-none-eabi/lib/armv7e-m/softfp/libcr_c.a(memset.o)
 .ARM.attributes
                0x000002cb       0x37 /usr/local/lpcxpresso_8.2.2_650/lpcxpresso/tools/bin/../lib/gcc/arm-none-eabi/5.4.1/../../../../arm-none-eabi/lib/armv7e-m/softfp/libcr_c.a(initio.o)
 .ARM.attributes
                0x00000302       0x37 /usr/local/lpcxpresso_8.2.2_650/lpcxpresso/tools/bin/../lib/gcc/arm-none-eabi/5.4.1/../../../../arm-none-eabi/lib/armv7e-m/softfp/libcr_c.a(setvbuf.o)
 .ARM.attributes
                0x00000339       0x37 /usr/local/lpcxpresso_8.2.2_650/lpcxpresso/tools/bin/../lib/gcc/arm-none-eabi/5.4.1/../../../../arm-none-eabi/lib/armv7e-m/softfp/libcr_c.a(stdio.o)
 .ARM.attributes
                0x00000370       0x37 /usr/local/lpcxpresso_8.2.2_650/lpcxpresso/tools/bin/../lib/gcc/arm-none-eabi/5.4.1/../../../../arm-none-eabi/lib/armv7e-m/softfp/libcr_c.a(_deferredlazyseek.o)
 .ARM.attributes
                0x000003a7       0x37 /usr/local/lpcxpresso_8.2.2_650/lpcxpresso/tools/bin/../lib/gcc/arm-none-eabi/5.4.1/../../../../arm-none-eabi/lib/armv7e-m/softfp/libcr_c.a(_fdopen.o)
 .ARM.attributes
                0x000003de       0x37 /usr/local/lpcxpresso_8.2.2_650/lpcxpresso/tools/bin/../lib/gcc/arm-none-eabi/5.4.1/../../../../arm-none-eabi/lib/armv7e-m/softfp/libcr_c.a(_fflush.o)
 .ARM.attributes
                0x00000415       0x37 /usr/local/lpcxpresso_8.2.2_650/lpcxpresso/tools/bin/../lib/gcc/arm-none-eabi/5.4.1/../../../../arm-none-eabi/lib/armv7e-m/softfp/libcr_c.a(_writebuf.o)
 .ARM.attributes
                0x0000044c       0x37 /usr/local/lpcxpresso_8.2.2_650/lpcxpresso/tools/bin/../lib/gcc/arm-none-eabi/5.4.1/../../../../arm-none-eabi/lib/armv7e-m/softfp/libcr_c.a(alloc.o)
 .ARM.attributes
                0x00000483       0x37 /usr/local/lpcxpresso_8.2.2_650/lpcxpresso/tools/bin/../lib/gcc/arm-none-eabi/5.4.1/../../../../arm-none-eabi/lib/armv7e-m/softfp/libcr_c.a(fclose.o)
 .ARM.attributes
                0x000004ba       0x37 /usr/local/lpcxpresso_8.2.2_650/lpcxpresso/tools/bin/../lib/gcc/arm-none-eabi/5.4.1/../../../../arm-none-eabi/lib/armv7e-m/softfp/libcr_c.a(fflush.o)
 .ARM.attributes
                0x000004f1       0x37 /usr/local/lpcxpresso_8.2.2_650/lpcxpresso/tools/bin/../lib/gcc/arm-none-eabi/5.4.1/../../../../arm-none-eabi/lib/armv7e-m/softfp/libcr_c.a(fseek.o)
 .ARM.attributes
                0x00000528       0x37 /usr/local/lpcxpresso_8.2.2_650/lpcxpresso/tools/bin/../lib/gcc/arm-none-eabi/5.4.1/../../../../arm-none-eabi/lib/armv7e-m/softfp/libcr_c.a(ftell.o)
 .ARM.attributes
                0x0000055f       0x37 /usr/local/lpcxpresso_8.2.2_650/lpcxpresso/tools/bin/../lib/gcc/arm-none-eabi/5.4.1/../../../../arm-none-eabi/lib/armv7e-m/softfp/libcr_c.a(remove.o)
 .ARM.attributes
                0x00000596       0x37 /usr/local/lpcxpresso_8.2.2_650/lpcxpresso/tools/bin/../lib/gcc/arm-none-eabi/5.4.1/../../../../arm-none-eabi/lib/armv7e-m/softfp/libcr_c.a(strlen.o)
 .ARM.attributes
                0x000005cd       0x37 /usr/local/lpcxpresso_8.2.2_650/lpcxpresso/tools/bin/../lib/gcc/arm-none-eabi/5.4.1/../../../../arm-none-eabi/lib/armv7e-m/softfp/libcr_c.a(__init_alloc.o)
 .ARM.attributes
                0x00000604       0x37 /usr/local/lpcxpresso_8.2.2_650/lpcxpresso/tools/bin/../lib/gcc/arm-none-eabi/5.4.1/../../../../arm-none-eabi/lib/armv7e-m/softfp/libcr_c.a(_cr_sbrk.o)
 .ARM.attributes
                0x0000063b       0x37 /usr/local/lpcxpresso_8.2.2_650/lpcxpresso/tools/bin/../lib/gcc/arm-none-eabi/5.4.1/../../../../arm-none-eabi/lib/armv7e-m/softfp/libcr_c.a(_do_fflush.o)
 .ARM.attributes
                0x00000672       0x37 /usr/local/lpcxpresso_8.2.2_650/lpcxpresso/tools/bin/../lib/gcc/arm-none-eabi/5.4.1/../../../../arm-none-eabi/lib/armv7e-m/softfp/libcr_c.a(errno.o)
 .ARM.attributes
                0x000006a9       0x37 /usr/local/lpcxpresso_8.2.2_650/lpcxpresso/tools/bin/../lib/gcc/arm-none-eabi/5.4.1/../../../../arm-none-eabi/lib/armv7e-m/softfp/libcr_c.a(_cr_check_heap.o)
 .ARM.attributes
                0x000006e0       0x25 /usr/local/lpcxpresso_8.2.2_650/lpcxpresso/tools/bin/../lib/gcc/arm-none-eabi/5.4.1/armv7e-m/softfp/libcr_eabihelpers.a(memcpy.o)
 .ARM.attributes
                0x00000705       0x37 /usr/local/lpcxpresso_8.2.2_650/lpcxpresso/tools/bin/../lib/gcc/arm-none-eabi/5.4.1/../../../../arm-none-eabi/lib/armv7e-m/softfp/libcr_nohost.a(__sys_appexit.o)
 .ARM.attributes
                0x0000073c       0x37 /usr/local/lpcxpresso_8.2.2_650/lpcxpresso/tools/bin/../lib/gcc/arm-none-eabi/5.4.1/../../../../arm-none-eabi/lib/armv7e-m/softfp/libcr_nohost.a(__sys_close.o)
 .ARM.attributes
                0x00000773       0x37 /usr/local/lpcxpresso_8.2.2_650/lpcxpresso/tools/bin/../lib/gcc/arm-none-eabi/5.4.1/../../../../arm-none-eabi/lib/armv7e-m/softfp/libcr_nohost.a(__sys_flen.o)
 .ARM.attributes
                0x000007aa       0x37 /usr/local/lpcxpresso_8.2.2_650/lpcxpresso/tools/bin/../lib/gcc/arm-none-eabi/5.4.1/../../../../arm-none-eabi/lib/armv7e-m/softfp/libcr_nohost.a(__sys_istty.o)
 .ARM.attributes
                0x000007e1       0x37 /usr/local/lpcxpresso_8.2.2_650/lpcxpresso/tools/bin/../lib/gcc/arm-none-eabi/5.4.1/../../../../arm-none-eabi/lib/armv7e-m/softfp/libcr_nohost.a(__sys_remove.o)
 .ARM.attributes
                0x00000818       0x37 /usr/local/lpcxpresso_8.2.2_650/lpcxpresso/tools/bin/../lib/gcc/arm-none-eabi/5.4.1/../../../../arm-none-eabi/lib/armv7e-m/softfp/libcr_nohost.a(__sys_seek.o)
 .ARM.attributes
                0x0000084f       0x37 /usr/local/lpcxpresso_8.2.2_650/lpcxpresso/tools/bin/../lib/gcc/arm-none-eabi/5.4.1/../../../../arm-none-eabi/lib/armv7e-m/softfp/libcr_nohost.a(__sys_tmpnam.o)
 .ARM.attributes
                0x00000886       0x37 /usr/local/lpcxpresso_8.2.2_650/lpcxpresso/tools/bin/../lib/gcc/arm-none-eabi/5.4.1/../../../../arm-none-eabi/lib/armv7e-m/softfp/libcr_nohost.a(__sys_write.o)

.debug_frame    0x00000000     0x1154
 .debug_frame   0x00000000      0x170 ./example/src/cr_startup_lpc43xx.o
 .debug_frame   0x00000170       0x58 ./example/src/otp_funcs.o
 .debug_frame   0x000001c8       0x34 ./example/src/sysinit.o
 .debug_frame   0x000001fc      0x5e4 /home/michele/Scrivania/SE_project/Project/lpc_board_nxp_lpcxpresso_4337/Debug/liblpc_board_nxp_lpcxpresso_4337.a(board.o)
 .debug_frame   0x000007e0       0xe4 /home/michele/Scrivania/SE_project/Project/lpc_board_nxp_lpcxpresso_4337/Debug/liblpc_board_nxp_lpcxpresso_4337.a(board_sysinit.o)
 .debug_frame   0x000008c4       0xa0 /home/michele/Scrivania/SE_project/Project/lpc_chip_43xx/Debug/liblpc_chip_43xx.a(chip_18xx_43xx.o)
 .debug_frame   0x00000964      0x568 /home/michele/Scrivania/SE_project/Project/lpc_chip_43xx/Debug/liblpc_chip_43xx.a(clock_18xx_43xx.o)
 .debug_frame   0x00000ecc       0x38 /home/michele/Scrivania/SE_project/Project/lpc_chip_43xx/Debug/liblpc_chip_43xx.a(fpu_init.o)
 .debug_frame   0x00000f04       0x60 /home/michele/Scrivania/SE_project/Project/lpc_chip_43xx/Debug/liblpc_chip_43xx.a(gpio_18xx_43xx.o)
 .debug_frame   0x00000f64       0xfc /home/michele/Scrivania/SE_project/Project/lpc_chip_43xx/Debug/liblpc_chip_43xx.a(otp_18xx_43xx.o)
 .debug_frame   0x00001060       0xf4 /home/michele/Scrivania/SE_project/Project/lpc_chip_43xx/Debug/liblpc_chip_43xx.a(sysinit_18xx_43xx.o)
