Archive member included to satisfy reference by file (symbol)

/home/michele/Scrivania/SE_project/Project/lpc_board_nxp_lpcxpresso_4337/Debug/liblpc_board_nxp_lpcxpresso_4337.a(board.o)
                              ./example/src/KeyboardHost.o (Board_Debug_Init)
/home/michele/Scrivania/SE_project/Project/lpc_board_nxp_lpcxpresso_4337/Debug/liblpc_board_nxp_lpcxpresso_4337.a(board_sysinit.o)
                              ./example/src/sysinit.o (Board_SystemInit)
/home/michele/Scrivania/SE_project/Project/lpc_board_nxp_lpcxpresso_4337/Debug/liblpc_board_nxp_lpcxpresso_4337.a(wm8904.o)
                              /home/michele/Scrivania/SE_project/Project/lpc_board_nxp_lpcxpresso_4337/Debug/liblpc_board_nxp_lpcxpresso_4337.a(board.o) (WM8904_Init)
/home/michele/Scrivania/SE_project/Project/lpc_chip_43xx/Debug/liblpc_chip_43xx.a(chip_18xx_43xx.o)
                              ./example/src/KeyboardHost.o (Chip_USB0_Init)
/home/michele/Scrivania/SE_project/Project/lpc_chip_43xx/Debug/liblpc_chip_43xx.a(clock_18xx_43xx.o)
                              /home/michele/Scrivania/SE_project/Project/lpc_chip_43xx/Debug/liblpc_chip_43xx.a(chip_18xx_43xx.o) (Chip_Clock_GetClockInputHz)
/home/michele/Scrivania/SE_project/Project/lpc_chip_43xx/Debug/liblpc_chip_43xx.a(fpu_init.o)
                              ./example/src/sysinit.o (fpuInit)
/home/michele/Scrivania/SE_project/Project/lpc_chip_43xx/Debug/liblpc_chip_43xx.a(gpio_18xx_43xx.o)
                              /home/michele/Scrivania/SE_project/Project/lpc_board_nxp_lpcxpresso_4337/Debug/liblpc_board_nxp_lpcxpresso_4337.a(board.o) (Chip_GPIO_Init)
/home/michele/Scrivania/SE_project/Project/lpc_chip_43xx/Debug/liblpc_chip_43xx.a(i2c_18xx_43xx.o)
                              /home/michele/Scrivania/SE_project/Project/lpc_board_nxp_lpcxpresso_4337/Debug/liblpc_board_nxp_lpcxpresso_4337.a(wm8904.o) (Chip_I2C_EventHandlerPolling)
/home/michele/Scrivania/SE_project/Project/lpc_chip_43xx/Debug/liblpc_chip_43xx.a(ssp_18xx_43xx.o)
                              /home/michele/Scrivania/SE_project/Project/lpc_board_nxp_lpcxpresso_4337/Debug/liblpc_board_nxp_lpcxpresso_4337.a(board.o) (Chip_SSP_WriteFrames_Blocking)
/home/michele/Scrivania/SE_project/Project/lpc_chip_43xx/Debug/liblpc_chip_43xx.a(sysinit_18xx_43xx.o)
                              /home/michele/Scrivania/SE_project/Project/lpc_board_nxp_lpcxpresso_4337/Debug/liblpc_board_nxp_lpcxpresso_4337.a(board_sysinit.o) (Chip_SetupCoreClock)
/home/michele/Scrivania/SE_project/Project/lpc_chip_43xx/Debug/liblpc_chip_43xx.a(uart_18xx_43xx.o)
                              /home/michele/Scrivania/SE_project/Project/lpc_board_nxp_lpcxpresso_4337/Debug/liblpc_board_nxp_lpcxpresso_4337.a(board.o) (Chip_UART_Init)
/home/michele/Scrivania/SE_project/Project/lpc_chip_43xx/Debug/liblpc_chip_43xx.a(ring_buffer.o)
                              /home/michele/Scrivania/SE_project/Project/lpc_chip_43xx/Debug/liblpc_chip_43xx.a(uart_18xx_43xx.o) (RingBuffer_Insert)
/usr/local/lpcxpresso_8.2.2_650/lpcxpresso/tools/bin/../lib/gcc/arm-none-eabi/5.4.1/../../../../arm-none-eabi/lib/armv7e-m/softfp/libcr_nohost.a(_cr__main.o)
                              ./example/src/cr_startup_lpc43xx.o (__main)
/usr/local/lpcxpresso_8.2.2_650/lpcxpresso/tools/bin/../lib/gcc/arm-none-eabi/5.4.1/../../../../arm-none-eabi/lib/armv7e-m/softfp/libcr_c.a(memcpy.o)
                              ./lpcusblib/Drivers/USB/Class/Common/HIDParser.o (memcpy)
/usr/local/lpcxpresso_8.2.2_650/lpcxpresso/tools/bin/../lib/gcc/arm-none-eabi/5.4.1/../../../../arm-none-eabi/lib/armv7e-m/softfp/libcr_c.a(memset.o)
                              ./lpcusblib/Drivers/USB/Core/HCD/EHCI/EHCI.o (memset)
/usr/local/lpcxpresso_8.2.2_650/lpcxpresso/tools/bin/../lib/gcc/arm-none-eabi/5.4.1/../../../../arm-none-eabi/lib/armv7e-m/softfp/libcr_c.a(_deferredlazyseek.o)
                              ./example/src/KeyboardHost.o (__flsbuf)
/usr/local/lpcxpresso_8.2.2_650/lpcxpresso/tools/bin/../lib/gcc/arm-none-eabi/5.4.1/../../../../arm-none-eabi/lib/armv7e-m/softfp/libcr_c.a(_fflush.o)
                              /usr/local/lpcxpresso_8.2.2_650/lpcxpresso/tools/bin/../lib/gcc/arm-none-eabi/5.4.1/../../../../arm-none-eabi/lib/armv7e-m/softfp/libcr_c.a(_deferredlazyseek.o) (_fflush)
/usr/local/lpcxpresso_8.2.2_650/lpcxpresso/tools/bin/../lib/gcc/arm-none-eabi/5.4.1/../../../../arm-none-eabi/lib/armv7e-m/softfp/libcr_c.a(_writebuf.o)
                              /usr/local/lpcxpresso_8.2.2_650/lpcxpresso/tools/bin/../lib/gcc/arm-none-eabi/5.4.1/../../../../arm-none-eabi/lib/armv7e-m/softfp/libcr_c.a(_deferredlazyseek.o) (_Cwritebuf)
/usr/local/lpcxpresso_8.2.2_650/lpcxpresso/tools/bin/../lib/gcc/arm-none-eabi/5.4.1/../../../../arm-none-eabi/lib/armv7e-m/softfp/libcr_c.a(alloc.o)
                              /usr/local/lpcxpresso_8.2.2_650/lpcxpresso/tools/bin/../lib/gcc/arm-none-eabi/5.4.1/../../../../arm-none-eabi/lib/armv7e-m/softfp/libcr_c.a(_deferredlazyseek.o) (_Csys_alloc)
[...]
Memory Configuration

Name             Origin             Length             Attributes
MFlashA512       0x1a000000         0x00080000         xr
MFlashB512       0x1b000000         0x00080000         xr
RamLoc32         0x10000000         0x00008000         xrw
RamLoc40         0x10080000         0x0000a000         xrw
RamAHB32         0x20000000         0x00008000         xrw
RamAHB16         0x20008000         0x00004000         xrw
RamAHB_ETB16     0x2000c000         0x00004000         xrw
*default*        0x00000000         0xffffffff

Linker script and memory map

LOAD ./lpcusblib/Drivers/USB/Core/HCD/EHCI/EHCI.o
LOAD ./lpcusblib/Drivers/USB/Core/HCD/HCD.o
LOAD ./lpcusblib/Drivers/USB/Core/HAL/LPC18XX/HAL_LPC18xx.o
LOAD ./lpcusblib/Drivers/USB/Core/ConfigDescriptor.o
LOAD ./lpcusblib/Drivers/USB/Core/Host.o
LOAD ./lpcusblib/Drivers/USB/Core/HostStandardReq.o
LOAD ./lpcusblib/Drivers/USB/Core/Pipe.o
LOAD ./lpcusblib/Drivers/USB/Core/PipeStream.o
LOAD ./lpcusblib/Drivers/USB/Core/USBController.o
LOAD ./lpcusblib/Drivers/USB/Core/USBMemory.o
LOAD ./lpcusblib/Drivers/USB/Core/USBTask.o
LOAD ./lpcusblib/Drivers/USB/Class/Host/HIDClassHost.o
LOAD ./lpcusblib/Drivers/USB/Class/Common/HIDParser.o
LOAD ./example/src/KeyboardHost.o
LOAD ./example/src/cr_startup_lpc43xx.o
LOAD ./example/src/sysinit.o
LOAD /home/michele/Scrivania/SE_project/Project/lpc_board_nxp_lpcxpresso_4337/Debug/liblpc_board_nxp_lpcxpresso_4337.a
LOAD /home/michele/Scrivania/SE_project/Project/lpc_chip_43xx/Debug/liblpc_chip_43xx.a
START GROUP
LOAD /usr/local/lpcxpresso_8.2.2_650/lpcxpresso/tools/bin/../lib/gcc/arm-none-eabi/5.4.1/../../../../arm-none-eabi/lib/armv7e-m/softfp/libcr_nohost.a
LOAD /usr/local/lpcxpresso_8.2.2_650/lpcxpresso/tools/bin/../lib/gcc/arm-none-eabi/5.4.1/../../../../arm-none-eabi/lib/armv7e-m/softfp/libcr_c.a
LOAD /usr/local/lpcxpresso_8.2.2_650/lpcxpresso/tools/bin/../lib/gcc/arm-none-eabi/5.4.1/armv7e-m/softfp/libcr_eabihelpers.a
END GROUP
                0x1a000000                __base_MFlashA512 = 0x1a000000
                0x1a000000                __base_Flash = 0x1a000000
                0x1a080000                __top_MFlashA512 = 0x1a080000
                0x1a080000                __top_Flash = 0x1a080000
                0x1b000000                __base_MFlashB512 = 0x1b000000
                0x1b000000                __base_Flash2 = 0x1b000000
                0x1b080000                __top_MFlashB512 = 0x1b080000
                0x1b080000                __top_Flash2 = 0x1b080000
                0x10000000                __base_RamLoc32 = 0x10000000
                0x10000000                __base_RAM = 0x10000000
                0x10008000                __top_RamLoc32 = 0x10008000
                0x10008000                __top_RAM = 0x10008000
                0x10080000                __base_RamLoc40 = 0x10080000
                0x10080000                __base_RAM2 = 0x10080000
                0x1008a000                __top_RamLoc40 = 0x1008a000
                0x1008a000                __top_RAM2 = 0x1008a000
                0x20000000                __base_RamAHB32 = 0x20000000
                0x20000000                __base_RAM3 = 0x20000000
                0x20008000                __top_RamAHB32 = 0x20008000
                0x20008000                __top_RAM3 = 0x20008000
                0x20008000                __base_RamAHB16 = 0x20008000
                0x20008000                __base_RAM4 = 0x20008000
                0x2000c000                __top_RamAHB16 = 0x2000c000
                0x2000c000                __top_RAM4 = 0x2000c000
                0x2000c000                __base_RamAHB_ETB16 = 0x2000c000
                0x2000c000                __base_RAM5 = 0x2000c000
                0x20010000                __top_RamAHB_ETB16 = 0x20010000
                0x20010000                __top_RAM5 = 0x20010000

.text_Flash2    0x1b000000        0x0
 FILL mask 0xff
 *(.text_Flash2*)
 *(.text_MFlashB512*)
 *(.text.$Flash2*)
 *(.text.$MFlashB512*)
 *(.rodata.$Flash2*)
 *(.rodata.$MFlashB512*)

.text           0x1a000000     0x8e50
 FILL mask 0xff
                0x1a000000                __vectors_start__ = ABSOLUTE (.)
 *(.isr_vector)
 .isr_vector    0x1a000000      0x114 ./example/src/cr_startup_lpc43xx.o
                0x1a000000                g_pfnVectors
                0x1a000114                . = ALIGN (0x4)
                0x1a000114                __section_table_start = .
                0x1a000114                __data_section_table = .
                0x1a000114        0x4 LONG 0x1a008e50 LOADADDR (.data)
                0x1a000118        0x4 LONG 0x10000000 ADDR (.data)
                0x1a00011c        0x4 LONG 0x20 SIZEOF (.data)
                0x1a000120        0x4 LONG 0x1a008e50 LOADADDR (.data_RAM2)
                0x1a000124        0x4 LONG 0x10080000 ADDR (.data_RAM2)
                0x1a000128        0x4 LONG 0x0 SIZEOF (.data_RAM2)
                0x1a00012c        0x4 LONG 0x1a008e50 LOADADDR (.data_RAM3)
                0x1a000130        0x4 LONG 0x20000000 ADDR (.data_RAM3)
                0x1a000134        0x4 LONG 0x0 SIZEOF (.data_RAM3)
                0x1a000138        0x4 LONG 0x1a008e50 LOADADDR (.data_RAM4)
                0x1a00013c        0x4 LONG 0x20008000 ADDR (.data_RAM4)
                0x1a000140        0x4 LONG 0x0 SIZEOF (.data_RAM4)
                0x1a000144        0x4 LONG 0x1a008e50 LOADADDR (.data_RAM5)
                0x1a000148        0x4 LONG 0x2000c000 ADDR (.data_RAM5)
                0x1a00014c        0x4 LONG 0x0 SIZEOF (.data_RAM5)
                0x1a000150                __data_section_table_end = .
                0x1a000150                __bss_section_table = .
                0x1a000150        0x4 LONG 0x10000020 ADDR (.bss)
                0x1a000154        0x4 LONG 0x298 SIZEOF (.bss)
                0x1a000158        0x4 LONG 0x10080000 ADDR (.bss_RAM2)
                0x1a00015c        0x4 LONG 0x3088 SIZEOF (.bss_RAM2)
                0x1a000160        0x4 LONG 0x20000000 ADDR (.bss_RAM3)
                0x1a000164        0x4 LONG 0x0 SIZEOF (.bss_RAM3)
                0x1a000168        0x4 LONG 0x20008000 ADDR (.bss_RAM4)
                0x1a00016c        0x4 LONG 0x0 SIZEOF (.bss_RAM4)
                0x1a000170        0x4 LONG 0x2000c000 ADDR (.bss_RAM5)
                0x1a000174        0x4 LONG 0x0 SIZEOF (.bss_RAM5)
                0x1a000178                __bss_section_table_end = .
                0x1a000178                __section_table_end = .
 *(.after_vectors*)
 .after_vectors
                0x1a000178       0xcc ./example/src/cr_startup_lpc43xx.o
                0x1a000178                data_init
                0x1a0001bc                bss_init
                0x1a0001f4                NMI_Handler
                0x1a0001fc                HardFault_Handler
                0x1a000204                MemManage_Handler
                0x1a00020c                BusFault_Handler
                0x1a000214                UsageFault_Handler
                0x1a00021c                SVC_Handler
                0x1a000224                DebugMon_Handler
                0x1a00022c                PendSV_Handler
                0x1a000234                SysTick_Handler
                0x1a00023c                TIMER2_IRQHandler
                0x1a00023c                RIT_IRQHandler
                0x1a00023c                ADCHS_IRQHandler
                0x1a00023c                FLASH_EEPROM_IRQHandler
                0x1a00023c                I2C0_IRQHandler
                0x1a00023c                SDIO_IRQHandler
                0x1a00023c                ATIMER_IRQHandler
                0x1a00023c                I2C1_IRQHandler
                0x1a00023c                UART1_IRQHandler
                0x1a00023c                GPIO5_IRQHandler
                0x1a00023c                CAN1_IRQHandler
                0x1a00023c                I2S0_IRQHandler
                0x1a00023c                TIMER3_IRQHandler
                0x1a00023c                UART0_IRQHandler
                0x1a00023c                SGPIO_IRQHandler
                0x1a00023c                ADC0_IRQHandler
                0x1a00023c                GPIO6_IRQHandler
                0x1a00023c                IntDefaultHandler
                0x1a00023c                GPIO1_IRQHandler
                0x1a00023c                SSP0_IRQHandler
                0x1a00023c                ADC1_IRQHandler
                0x1a00023c                RTC_IRQHandler
                0x1a00023c                TIMER0_IRQHandler
                0x1a00023c                SPI_IRQHandler
                0x1a00023c                LCD_IRQHandler
                0x1a00023c                TIMER1_IRQHandler
                0x1a00023c                UART2_IRQHandler
                0x1a00023c                GPIO2_IRQHandler
                0x1a00023c                I2S1_IRQHandler
                0x1a00023c                SSP1_IRQHandler
                0x1a00023c                GPIO3_IRQHandler
                0x1a00023c                SCT_IRQHandler
                0x1a00023c                WDT_IRQHandler
                0x1a00023c                GPIO7_IRQHandler
                0x1a00023c                SPIFI_IRQHandler
                0x1a00023c                QEI_IRQHandler
                0x1a00023c                ETH_IRQHandler
                0x1a00023c                CAN0_IRQHandler
                0x1a00023c                GINT0_IRQHandler
                0x1a00023c                DAC_IRQHandler
                0x1a00023c                M0SUB_IRQHandler
                0x1a00023c                GPIO0_IRQHandler
                0x1a00023c                DMA_IRQHandler
                0x1a00023c                EVRT_IRQHandler
                0x1a00023c                UART3_IRQHandler
                0x1a00023c                MCPWM_IRQHandler
                0x1a00023c                M0APP_IRQHandler
                0x1a00023c                GINT1_IRQHandler
                0x1a00023c                GPIO4_IRQHandler
 *(.text*)
 .text.Align32  0x1a000244       0x1c ./lpcusblib/Drivers/USB/Core/HCD/EHCI/EHCI.o
 .text.Align4k  0x1a000260       0x20 ./lpcusblib/Drivers/USB/Core/HCD/EHCI/EHCI.o
 .text.Offset4k
                0x1a000280       0x1c ./lpcusblib/Drivers/USB/Core/HCD/EHCI/EHCI.o
 .text.HcdInitDriver
                0x1a00029c       0x24 ./lpcusblib/Drivers/USB/Core/HCD/EHCI/EHCI.o
                0x1a00029c                HcdInitDriver
 .text.HcdDeInitDriver
                0x1a0002c0       0x58 ./lpcusblib/Drivers/USB/Core/HCD/EHCI/EHCI.o
                0x1a0002c0                HcdDeInitDriver
 .text.HcdRhPortReset
                0x1a000318       0x74 ./lpcusblib/Drivers/USB/Core/HCD/EHCI/EHCI.o
                0x1a000318                HcdRhPortReset
 .text.HcdGetDeviceSpeed
                0x1a00038c       0x50 ./lpcusblib/Drivers/USB/Core/HCD/EHCI/EHCI.o
                0x1a00038c                HcdGetDeviceSpeed
 .text.HcdOpenPipe
                0x1a0003dc      0x234 ./lpcusblib/Drivers/USB/Core/HCD/EHCI/EHCI.o
                0x1a0003dc                HcdOpenPipe
 .text.HcdClosePipe
                0x1a000610       0xac ./lpcusblib/Drivers/USB/Core/HCD/EHCI/EHCI.o
                0x1a000610                HcdClosePipe
 .text.HcdCancelTransfer
                0x1a0006bc      0x19c ./lpcusblib/Drivers/USB/Core/HCD/EHCI/EHCI.o
                0x1a0006bc                HcdCancelTransfer
 .text.HcdControlTransfer
                0x1a000858      0x1fc ./lpcusblib/Drivers/USB/Core/HCD/EHCI/EHCI.o
                0x1a000858                HcdControlTransfer
 .text.HcdDataTransfer
                0x1a000a54      0x204 ./lpcusblib/Drivers/USB/Core/HCD/EHCI/EHCI.o
                0x1a000a54                HcdDataTransfer
 .text.HcdGetPipeStatus
                0x1a000c58       0x44 ./lpcusblib/Drivers/USB/Core/HCD/EHCI/EHCI.o
                0x1a000c58                HcdGetPipeStatus
 .text.FreeQhd  0x1a000c9c       0x5c ./lpcusblib/Drivers/USB/Core/HCD/EHCI/EHCI.o
 .text.AllocQhd
                0x1a000cf8      0x3b4 ./lpcusblib/Drivers/USB/Core/HCD/EHCI/EHCI.o
 .text.InsertLinkPointer
                0x1a0010ac       0x40 ./lpcusblib/Drivers/USB/Core/HCD/EHCI/EHCI.o
 .text.RemoveQueueHead
                0x1a0010ec       0xe4 ./lpcusblib/Drivers/USB/Core/HCD/EHCI/EHCI.o
 .text.FreeQtd  0x1a0011d0       0x2c ./lpcusblib/Drivers/USB/Core/HCD/EHCI/EHCI.o
 .text.AllocQTD
                0x1a0011fc      0x22c ./lpcusblib/Drivers/USB/Core/HCD/EHCI/EHCI.o
 .text.QueueQTDs
                0x1a001428      0x1bc ./lpcusblib/Drivers/USB/Core/HCD/EHCI/EHCI.o
 .text.FreeHsItd
                0x1a0015e4       0x28 ./lpcusblib/Drivers/USB/Core/HCD/EHCI/EHCI.o
 .text.AllocHsItd
                0x1a00160c      0x2f4 ./lpcusblib/Drivers/USB/Core/HCD/EHCI/EHCI.o
 .text.QueueITDs
                0x1a001900      0x110 ./lpcusblib/Drivers/USB/Core/HCD/EHCI/EHCI.o
 .text.FreeSItd
                0x1a001a10       0x28 ./lpcusblib/Drivers/USB/Core/HCD/EHCI/EHCI.o
 .text.AllocSItd
                0x1a001a38      0x308 ./lpcusblib/Drivers/USB/Core/HCD/EHCI/EHCI.o
 .text.QueueSITDs
                0x1a001d40      0x124 ./lpcusblib/Drivers/USB/Core/HCD/EHCI/EHCI.o
 .text.WaitForTransferComplete
                0x1a001e64       0x40 ./lpcusblib/Drivers/USB/Core/HCD/EHCI/EHCI.o
 .text.PipehandleParse
                0x1a001ea4       0x94 ./lpcusblib/Drivers/USB/Core/HCD/EHCI/EHCI.o
 .text.PipehandleCreate
                0x1a001f38       0x44 ./lpcusblib/Drivers/USB/Core/HCD/EHCI/EHCI.o
 .text.HcdAsyncHead
                0x1a001f7c       0x2c ./lpcusblib/Drivers/USB/Core/HCD/EHCI/EHCI.o
 .text.HcdIntHead
                0x1a001fa8       0x2c ./lpcusblib/Drivers/USB/Core/HCD/EHCI/EHCI.o
 .text.HcdQHD   0x1a001fd4       0x38 ./lpcusblib/Drivers/USB/Core/HCD/EHCI/EHCI.o
 .text.HcdQTD   0x1a00200c       0x38 ./lpcusblib/Drivers/USB/Core/HCD/EHCI/EHCI.o
 .text.HcdSITD  0x1a002044       0x38 ./lpcusblib/Drivers/USB/Core/HCD/EHCI/EHCI.o
 .text.HcdHsITD
                0x1a00207c       0x3c ./lpcusblib/Drivers/USB/Core/HCD/EHCI/EHCI.o
 .text.isValidLink
                0x1a0020b8       0x24 ./lpcusblib/Drivers/USB/Core/HCD/EHCI/EHCI.o
 .text.IsInterruptQhd
                0x1a0020dc       0x34 ./lpcusblib/Drivers/USB/Core/HCD/EHCI/EHCI.o
 .text.HcdIrqHandler
                0x1a002110      0x164 ./lpcusblib/Drivers/USB/Core/HCD/EHCI/EHCI.o
                0x1a002110                HcdIrqHandler
 .text.RemoveCompletedQTD
                0x1a002274      0x158 ./lpcusblib/Drivers/USB/Core/HCD/EHCI/EHCI.o
 .text.RemoveErrorQTD
                0x1a0023cc       0xb4 ./lpcusblib/Drivers/USB/Core/HCD/EHCI/EHCI.o
 .text.AsyncScheduleIsr
                0x1a002480       0x60 ./lpcusblib/Drivers/USB/Core/HCD/EHCI/EHCI.o
 .text.PeriodScheduleIsr
                0x1a0024e0      0x238 ./lpcusblib/Drivers/USB/Core/HCD/EHCI/EHCI.o
 .text.UsbErrorIsr
                0x1a002718       0x5c ./lpcusblib/Drivers/USB/Core/HCD/EHCI/EHCI.o
 .text.PortStatusChangeIsr
                0x1a002774       0x30 ./lpcusblib/Drivers/USB/Core/HCD/EHCI/EHCI.o
 .text.AsyncAdvanceIsr
                0x1a0027a4       0x68 ./lpcusblib/Drivers/USB/Core/HCD/EHCI/EHCI.o
 .text.EHciHostRun
                0x1a00280c       0x50 ./lpcusblib/Drivers/USB/Core/HCD/EHCI/EHCI.o
 .text.EHciHostStop
                0x1a00285c       0x50 ./lpcusblib/Drivers/USB/Core/HCD/EHCI/EHCI.o
 .text.EHciHostReset
                0x1a0028ac       0x74 ./lpcusblib/Drivers/USB/Core/HCD/EHCI/EHCI.o
 .text.EHciHostInit
                0x1a002920      0x1ec ./lpcusblib/Drivers/USB/Core/HCD/EHCI/EHCI.o
 .text.DisableSchedule
                0x1a002b0c       0x88 ./lpcusblib/Drivers/USB/Core/HCD/EHCI/EHCI.o
 .text.EnableSchedule
                0x1a002b94       0x88 ./lpcusblib/Drivers/USB/Core/HCD/EHCI/EHCI.o
 .text.DisableAsyncSchedule
                0x1a002c1c       0x1c ./lpcusblib/Drivers/USB/Core/HCD/EHCI/EHCI.o
 .text.EnableAsyncSchedule
                0x1a002c38       0x1c ./lpcusblib/Drivers/USB/Core/HCD/EHCI/EHCI.o
 .text.DisablePeriodSchedule
                0x1a002c54       0x1c ./lpcusblib/Drivers/USB/Core/HCD/EHCI/EHCI.o
 .text.EnablePeriodSchedule
                0x1a002c70       0x1c ./lpcusblib/Drivers/USB/Core/HCD/EHCI/EHCI.o
 .text.HcdDelayUS
                0x1a002c8c       0x2c ./lpcusblib/Drivers/USB/Core/HCD/HCD.o
                0x1a002c8c                HcdDelayUS
 .text.HcdDelayMS
                0x1a002cb8       0x2c ./lpcusblib/Drivers/USB/Core/HCD/HCD.o
                0x1a002cb8                HcdDelayMS
 .text.OpenPipe_VerifyParameters
                0x1a002ce4      0x16c ./lpcusblib/Drivers/USB/Core/HCD/HCD.o
                0x1a002ce4                OpenPipe_VerifyParameters
 .text.NVIC_EnableIRQ
                0x1a002e50       0x34 ./lpcusblib/Drivers/USB/Core/HAL/LPC18XX/HAL_LPC18xx.o
 .text.Chip_CREG_EnableUSB0Phy
                0x1a002e84       0x20 ./lpcusblib/Drivers/USB/Core/HAL/LPC18XX/HAL_LPC18xx.o
 .text.HAL_USBInit
                0x1a002ea4       0xc4 ./lpcusblib/Drivers/USB/Core/HAL/LPC18XX/HAL_LPC18xx.o
                0x1a002ea4                HAL_USBInit
 .text.HAL_EnableUSBInterrupt
                0x1a002f68       0x24 ./lpcusblib/Drivers/USB/Core/HAL/LPC18XX/HAL_LPC18xx.o
                0x1a002f68                HAL_EnableUSBInterrupt
 .text.USB0_IRQHandler
                0x1a002f8c       0x20 ./lpcusblib/Drivers/USB/Core/HAL/LPC18XX/HAL_LPC18xx.o
                0x1a002f8c                USB0_IRQHandler
 .text.USB1_IRQHandler
                0x1a002fac       0x20 ./lpcusblib/Drivers/USB/Core/HAL/LPC18XX/HAL_LPC18xx.o
                0x1a002fac                USB1_IRQHandler
 .text.USB_GetNextDescriptor
                0x1a002fcc       0x4c ./lpcusblib/Drivers/USB/Core/ConfigDescriptor.o
 .text.USB_Host_GetDeviceConfigDescriptor
                0x1a003018       0xd0 ./lpcusblib/Drivers/USB/Core/ConfigDescriptor.o
                0x1a003018                USB_Host_GetDeviceConfigDescriptor
 .text.USB_GetNextDescriptorComp
                0x1a0030e8       0x60 ./lpcusblib/Drivers/USB/Core/ConfigDescriptor.o
                0x1a0030e8                USB_GetNextDescriptorComp
 .text.USB_Host_ProcessNextHostState
                0x1a003148      0x2f4 ./lpcusblib/Drivers/USB/Core/Host.o
                0x1a003148                USB_Host_ProcessNextHostState
 .text.USB_Host_WaitMS
                0x1a00343c       0x18 ./lpcusblib/Drivers/USB/Core/Host.o
                0x1a00343c                USB_Host_WaitMS
 .text.USB_Host_Enumerate
                0x1a003454       0x28 ./lpcusblib/Drivers/USB/Core/Host.o
                0x1a003454                USB_Host_Enumerate
 .text.USB_Host_DeEnumerate
                0x1a00347c       0x68 ./lpcusblib/Drivers/USB/Core/Host.o
                0x1a00347c                USB_Host_DeEnumerate
 .text.USB_Host_SetDeviceSpeed
                0x1a0034e4       0x28 ./lpcusblib/Drivers/USB/Core/Host.o
                0x1a0034e4                USB_Host_SetDeviceSpeed
 .text.USB_Host_SendControlRequest
                0x1a00350c      0x1ac ./lpcusblib/Drivers/USB/Core/HostStandardReq.o
                0x1a00350c                USB_Host_SendControlRequest
 .text.USB_Host_SetDeviceConfiguration
                0x1a0036b8       0x8c ./lpcusblib/Drivers/USB/Core/HostStandardReq.o
                0x1a0036b8                USB_Host_SetDeviceConfiguration
 .text.Pipe_ConfigurePipe
                0x1a003744      0x150 ./lpcusblib/Drivers/USB/Core/Pipe.o
                0x1a003744                Pipe_ConfigurePipe
 .text.Pipe_ClosePipe
                0x1a003894       0x8c ./lpcusblib/Drivers/USB/Core/Pipe.o
                0x1a003894                Pipe_ClosePipe
 .text.Pipe_IsEndpointBound
                0x1a003920       0x18 ./lpcusblib/Drivers/USB/Core/Pipe.o
                0x1a003920                Pipe_IsEndpointBound
 .text.Pipe_WaitUntilReady
                0x1a003938      0x16c ./lpcusblib/Drivers/USB/Core/Pipe.o
                0x1a003938                Pipe_WaitUntilReady
 .text.Pipe_IsINReceived
                0x1a003aa4       0xd0 ./lpcusblib/Drivers/USB/Core/Pipe.o
                0x1a003aa4                Pipe_IsINReceived
 .text.Pipe_Write_Stream_LE
                0x1a003b74       0xfc ./lpcusblib/Drivers/USB/Core/PipeStream.o
                0x1a003b74                Pipe_Write_Stream_LE
 .text.Pipe_Read_Stream_LE
                0x1a003c70      0x2e8 ./lpcusblib/Drivers/USB/Core/PipeStream.o
                0x1a003c70                Pipe_Read_Stream_LE
 .text.USB_Init
                0x1a003f58       0x6c ./lpcusblib/Drivers/USB/Core/USBController.o
                0x1a003f58                USB_Init
 .text.USB_ResetInterface
                0x1a003fc4       0x2c ./lpcusblib/Drivers/USB/Core/USBController.o
                0x1a003fc4                USB_ResetInterface
 .text.USB_Init_Host
                0x1a003ff0       0x68 ./lpcusblib/Drivers/USB/Core/USBController.o
 .text.USB_Memory_Init
                0x1a004058       0x4c ./lpcusblib/Drivers/USB/Core/USBMemory.o
                0x1a004058                USB_Memory_Init
 .text.USB_Memory_Alloc
                0x1a0040a4      0x128 ./lpcusblib/Drivers/USB/Core/USBMemory.o
                0x1a0040a4                USB_Memory_Alloc
 .text.USB_Memory_Free
                0x1a0041cc      0x150 ./lpcusblib/Drivers/USB/Core/USBMemory.o
                0x1a0041cc                USB_Memory_Free
 .text.USB_USBTask
                0x1a00431c       0x20 ./lpcusblib/Drivers/USB/Core/USBTask.o
                0x1a00431c                USB_USBTask
 .text.USB_HostTask
                0x1a00433c       0x48 ./lpcusblib/Drivers/USB/Core/USBTask.o
 .text.HID_Host_ConfigurePipes
                0x1a004384      0x228 ./lpcusblib/Drivers/USB/Class/Host/HIDClassHost.o
                0x1a004384                HID_Host_ConfigurePipes
 .text.DCOMP_HID_Host_NextHIDInterface
                0x1a0045ac       0x34 ./lpcusblib/Drivers/USB/Class/Host/HIDClassHost.o
 .text.DCOMP_HID_Host_NextHIDDescriptor
                0x1a0045e0       0x34 ./lpcusblib/Drivers/USB/Class/Host/HIDClassHost.o
 .text.DCOMP_HID_Host_NextHIDInterfaceEndpoint
                0x1a004614       0x48 ./lpcusblib/Drivers/USB/Class/Host/HIDClassHost.o
 .text.HID_Host_ReceiveReport
                0x1a00465c      0x1d0 ./lpcusblib/Drivers/USB/Class/Host/HIDClassHost.o
                0x1a00465c                HID_Host_ReceiveReport
 .text.HID_Host_IsReportReceived
                0x1a00482c       0x60 ./lpcusblib/Drivers/USB/Class/Host/HIDClassHost.o
                0x1a00482c                HID_Host_IsReportReceived
 .text.HID_Host_SetBootProtocol
                0x1a00488c       0x8c ./lpcusblib/Drivers/USB/Class/Host/HIDClassHost.o
                0x1a00488c                HID_Host_SetBootProtocol
 .text.USB_GetHIDReportSize
                0x1a004918       0x78 ./lpcusblib/Drivers/USB/Class/Common/HIDParser.o
                0x1a004918                USB_GetHIDReportSize
 .text.HID_Host_USBTask
                0x1a004990       0x14 ./example/src/KeyboardHost.o
 .text.KeyboardHost_Task
                0x1a0049a4       0xe4 ./example/src/KeyboardHost.o
 .text.SetupHardware
                0x1a004a88       0x38 ./example/src/KeyboardHost.o
 .text.main     0x1a004ac0       0x30 ./example/src/KeyboardHost.o
                0x1a004ac0                main
 .text.EVENT_USB_Host_DeviceAttached
                0x1a004af0       0x20 ./example/src/KeyboardHost.o
                0x1a004af0                EVENT_USB_Host_DeviceAttached
 .text.EVENT_USB_Host_DeviceUnattached
                0x1a004b10       0x20 ./example/src/KeyboardHost.o
                0x1a004b10                EVENT_USB_Host_DeviceUnattached
 .text.EVENT_USB_Host_DeviceEnumerationComplete
                0x1a004b30       0xbc ./example/src/KeyboardHost.o
                0x1a004b30                EVENT_USB_Host_DeviceEnumerationComplete
 .text.EVENT_USB_Host_DeviceEnumerationFailed
                0x1a004bec       0x3c ./example/src/KeyboardHost.o
                0x1a004bec                EVENT_USB_Host_DeviceEnumerationFailed
 .text.ResetISR
                0x1a004c28       0xc4 ./example/src/cr_startup_lpc43xx.o
                0x1a004c28                ResetISR
 .text.SystemInit
                0x1a004cec       0x28 ./example/src/sysinit.o
                0x1a004cec                SystemInit
 .text.Chip_SCU_PinMuxSet
                0x1a004d14       0x34 /home/michele/Scrivania/SE_project/Project/lpc_board_nxp_lpcxpresso_4337/Debug/liblpc_board_nxp_lpcxpresso_4337.a(board.o)
 .text.Chip_ENET_RMIIEnable
                0x1a004d48       0x28 /home/michele/Scrivania/SE_project/Project/lpc_board_nxp_lpcxpresso_4337/Debug/liblpc_board_nxp_lpcxpresso_4337.a(board.o)
 .text.Chip_GPIO_SetPinState
                0x1a004d70       0x38 /home/michele/Scrivania/SE_project/Project/lpc_board_nxp_lpcxpresso_4337/Debug/liblpc_board_nxp_lpcxpresso_4337.a(board.o)
 .text.Chip_GPIO_SetPinDIROutput
                0x1a004da8       0x40 /home/michele/Scrivania/SE_project/Project/lpc_board_nxp_lpcxpresso_4337/Debug/liblpc_board_nxp_lpcxpresso_4337.a(board.o)
 .text.Chip_UART_TXEnable
                0x1a004de8       0x1c /home/michele/Scrivania/SE_project/Project/lpc_board_nxp_lpcxpresso_4337/Debug/liblpc_board_nxp_lpcxpresso_4337.a(board.o)
 .text.Chip_UART_ConfigData
                0x1a004e04       0x1c /home/michele/Scrivania/SE_project/Project/lpc_board_nxp_lpcxpresso_4337/Debug/liblpc_board_nxp_lpcxpresso_4337.a(board.o)
 .text.Board_UART_Init
                0x1a004e20       0x24 /home/michele/Scrivania/SE_project/Project/lpc_board_nxp_lpcxpresso_4337/Debug/liblpc_board_nxp_lpcxpresso_4337.a(board.o)
                0x1a004e20                Board_UART_Init
 .text.Board_Debug_Init
                0x1a004e44       0x30 /home/michele/Scrivania/SE_project/Project/lpc_board_nxp_lpcxpresso_4337/Debug/liblpc_board_nxp_lpcxpresso_4337.a(board.o)
                0x1a004e44                Board_Debug_Init
 .text.Board_LED_Init
                0x1a004e74       0x5c /home/michele/Scrivania/SE_project/Project/lpc_board_nxp_lpcxpresso_4337/Debug/liblpc_board_nxp_lpcxpresso_4337.a(board.o)
 .text.Board_Init
                0x1a004ed0       0x20 /home/michele/Scrivania/SE_project/Project/lpc_board_nxp_lpcxpresso_4337/Debug/liblpc_board_nxp_lpcxpresso_4337.a(board.o)
                0x1a004ed0                Board_Init
 .text.Chip_SCU_PinMuxSet
                0x1a004ef0       0x34 /home/michele/Scrivania/SE_project/Project/lpc_board_nxp_lpcxpresso_4337/Debug/liblpc_board_nxp_lpcxpresso_4337.a(board_sysinit.o)
 .text.Chip_SCU_SetPinMuxing
                0x1a004f24       0x4c /home/michele/Scrivania/SE_project/Project/lpc_board_nxp_lpcxpresso_4337/Debug/liblpc_board_nxp_lpcxpresso_4337.a(board_sysinit.o)
 .text.Chip_CREG_SetFlashAcceleration
                0x1a004f70       0x54 /home/michele/Scrivania/SE_project/Project/lpc_board_nxp_lpcxpresso_4337/Debug/liblpc_board_nxp_lpcxpresso_4337.a(board_sysinit.o)
 .text.Board_SetupMuxing
                0x1a004fc4       0x14 /home/michele/Scrivania/SE_project/Project/lpc_board_nxp_lpcxpresso_4337/Debug/liblpc_board_nxp_lpcxpresso_4337.a(board_sysinit.o)
                0x1a004fc4                Board_SetupMuxing
 .text.Board_SetupClocking
                0x1a004fd8       0x80 /home/michele/Scrivania/SE_project/Project/lpc_board_nxp_lpcxpresso_4337/Debug/liblpc_board_nxp_lpcxpresso_4337.a(board_sysinit.o)
                0x1a004fd8                Board_SetupClocking
 .text.Board_SystemInit
                0x1a005058       0x10 /home/michele/Scrivania/SE_project/Project/lpc_board_nxp_lpcxpresso_4337/Debug/liblpc_board_nxp_lpcxpresso_4337.a(board_sysinit.o)
                0x1a005058                Board_SystemInit
 .text.Chip_CREG_EnableUSB0Phy
                0x1a005068       0x20 /home/michele/Scrivania/SE_project/Project/lpc_chip_43xx/Debug/liblpc_chip_43xx.a(chip_18xx_43xx.o)
 .text.Chip_USB_PllSetup
                0x1a005088       0x44 /home/michele/Scrivania/SE_project/Project/lpc_chip_43xx/Debug/liblpc_chip_43xx.a(chip_18xx_43xx.o)
 .text.Chip_USB0_Init
                0x1a0050cc       0x30 /home/michele/Scrivania/SE_project/Project/lpc_chip_43xx/Debug/liblpc_chip_43xx.a(chip_18xx_43xx.o)
                0x1a0050cc                Chip_USB0_Init
 .text.Chip_USB1_Init
                0x1a0050fc       0x4c /home/michele/Scrivania/SE_project/Project/lpc_chip_43xx/Debug/liblpc_chip_43xx.a(chip_18xx_43xx.o)
                0x1a0050fc                Chip_USB1_Init
 .text.SystemCoreClockUpdate
                0x1a005148       0x18 /home/michele/Scrivania/SE_project/Project/lpc_chip_43xx/Debug/liblpc_chip_43xx.a(chip_18xx_43xx.o)
                0x1a005148                SystemCoreClockUpdate
 .text.ABS      0x1a005160       0x24 /home/michele/Scrivania/SE_project/Project/lpc_chip_43xx/Debug/liblpc_chip_43xx.a(clock_18xx_43xx.o)
 .text.pll_calc_divs
                0x1a005184      0x124 /home/michele/Scrivania/SE_project/Project/lpc_chip_43xx/Debug/liblpc_chip_43xx.a(clock_18xx_43xx.o)
 .text.pll_get_frac
                0x1a0052a8      0x178 /home/michele/Scrivania/SE_project/Project/lpc_chip_43xx/Debug/liblpc_chip_43xx.a(clock_18xx_43xx.o)
 .text.Chip_Clock_GetDivRate
                0x1a005420       0x40 /home/michele/Scrivania/SE_project/Project/lpc_chip_43xx/Debug/liblpc_chip_43xx.a(clock_18xx_43xx.o)
 .text.Chip_Clock_FindBaseClock
                0x1a005460       0x90 /home/michele/Scrivania/SE_project/Project/lpc_chip_43xx/Debug/liblpc_chip_43xx.a(clock_18xx_43xx.o)
 .text.Chip_Clock_EnableCrystal
                0x1a0054f0       0x70 /home/michele/Scrivania/SE_project/Project/lpc_chip_43xx/Debug/liblpc_chip_43xx.a(clock_18xx_43xx.o)
                0x1a0054f0                Chip_Clock_EnableCrystal
 .text.Chip_Clock_CalcMainPLLValue
                0x1a005560       0xd8 /home/michele/Scrivania/SE_project/Project/lpc_chip_43xx/Debug/liblpc_chip_43xx.a(clock_18xx_43xx.o)
                0x1a005560                Chip_Clock_CalcMainPLLValue
 .text.Chip_Clock_GetMainPLLHz
                0x1a005638       0xc0 /home/michele/Scrivania/SE_project/Project/lpc_chip_43xx/Debug/liblpc_chip_43xx.a(clock_18xx_43xx.o)
                0x1a005638                Chip_Clock_GetMainPLLHz
 .text.Chip_Clock_SetDivider
                0x1a0056f8       0x88 /home/michele/Scrivania/SE_project/Project/lpc_chip_43xx/Debug/liblpc_chip_43xx.a(clock_18xx_43xx.o)
                0x1a0056f8                Chip_Clock_SetDivider
 .text.Chip_Clock_GetDividerSource
                0x1a005780       0x40 /home/michele/Scrivania/SE_project/Project/lpc_chip_43xx/Debug/liblpc_chip_43xx.a(clock_18xx_43xx.o)
                0x1a005780                Chip_Clock_GetDividerSource
 .text.Chip_Clock_GetDividerDivisor
                0x1a0057c0       0x38 /home/michele/Scrivania/SE_project/Project/lpc_chip_43xx/Debug/liblpc_chip_43xx.a(clock_18xx_43xx.o)
                0x1a0057c0                Chip_Clock_GetDividerDivisor
 .text.Chip_Clock_GetClockInputHz
                0x1a0057f8      0x140 /home/michele/Scrivania/SE_project/Project/lpc_chip_43xx/Debug/liblpc_chip_43xx.a(clock_18xx_43xx.o)
                0x1a0057f8                Chip_Clock_GetClockInputHz
 .text.Chip_Clock_GetBaseClocktHz
                0x1a005938       0x24 /home/michele/Scrivania/SE_project/Project/lpc_chip_43xx/Debug/liblpc_chip_43xx.a(clock_18xx_43xx.o)
                0x1a005938                Chip_Clock_GetBaseClocktHz
 .text.Chip_Clock_SetBaseClock
                0x1a00595c       0x9c /home/michele/Scrivania/SE_project/Project/lpc_chip_43xx/Debug/liblpc_chip_43xx.a(clock_18xx_43xx.o)
                0x1a00595c                Chip_Clock_SetBaseClock
 .text.Chip_Clock_EnableBaseClock
                0x1a0059f8       0x40 /home/michele/Scrivania/SE_project/Project/lpc_chip_43xx/Debug/liblpc_chip_43xx.a(clock_18xx_43xx.o)
                0x1a0059f8                Chip_Clock_EnableBaseClock
 .text.Chip_Clock_GetBaseClock
                0x1a005a38       0x4c /home/michele/Scrivania/SE_project/Project/lpc_chip_43xx/Debug/liblpc_chip_43xx.a(clock_18xx_43xx.o)
                0x1a005a38                Chip_Clock_GetBaseClock
 .text.Chip_Clock_EnableOpts
                0x1a005a84       0x7c /home/michele/Scrivania/SE_project/Project/lpc_chip_43xx/Debug/liblpc_chip_43xx.a(clock_18xx_43xx.o)
                0x1a005a84                Chip_Clock_EnableOpts
 .text.Chip_Clock_GetRate
                0x1a005b00       0x88 /home/michele/Scrivania/SE_project/Project/lpc_chip_43xx/Debug/liblpc_chip_43xx.a(clock_18xx_43xx.o)
                0x1a005b00                Chip_Clock_GetRate
 .text.Chip_Clock_SetupPLL
                0x1a005b88       0x7c /home/michele/Scrivania/SE_project/Project/lpc_chip_43xx/Debug/liblpc_chip_43xx.a(clock_18xx_43xx.o)
                0x1a005b88                Chip_Clock_SetupPLL
 .text.Chip_Clock_EnablePLL
                0x1a005c04       0x38 /home/michele/Scrivania/SE_project/Project/lpc_chip_43xx/Debug/liblpc_chip_43xx.a(clock_18xx_43xx.o)
                0x1a005c04                Chip_Clock_EnablePLL
 .text.Chip_Clock_GetPLLStatus
                0x1a005c3c       0x28 /home/michele/Scrivania/SE_project/Project/lpc_chip_43xx/Debug/liblpc_chip_43xx.a(clock_18xx_43xx.o)
                0x1a005c3c                Chip_Clock_GetPLLStatus
 .text.fpuInit  0x1a005c64       0x74 /home/michele/Scrivania/SE_project/Project/lpc_chip_43xx/Debug/liblpc_chip_43xx.a(fpu_init.o)
                0x1a005c64                fpuInit
 .text.Chip_GPIO_Init
                0x1a005cd8       0x14 /home/michele/Scrivania/SE_project/Project/lpc_chip_43xx/Debug/liblpc_chip_43xx.a(gpio_18xx_43xx.o)
                0x1a005cd8                Chip_GPIO_Init
 .text.Chip_Clock_DisableMainPLL
                0x1a005cec       0x20 /home/michele/Scrivania/SE_project/Project/lpc_chip_43xx/Debug/liblpc_chip_43xx.a(sysinit_18xx_43xx.o)
 .text.Chip_Clock_SetupMainPLL
                0x1a005d0c       0x44 /home/michele/Scrivania/SE_project/Project/lpc_chip_43xx/Debug/liblpc_chip_43xx.a(sysinit_18xx_43xx.o)
 .text.Chip_Clock_MainPLLLocked
                0x1a005d50       0x24 /home/michele/Scrivania/SE_project/Project/lpc_chip_43xx/Debug/liblpc_chip_43xx.a(sysinit_18xx_43xx.o)
 .text.Chip_SetupCoreClock
                0x1a005d74      0x15c /home/michele/Scrivania/SE_project/Project/lpc_chip_43xx/Debug/liblpc_chip_43xx.a(sysinit_18xx_43xx.o)
                0x1a005d74                Chip_SetupCoreClock
 .text.Chip_UART_TXDisable
                0x1a005ed0       0x1c /home/michele/Scrivania/SE_project/Project/lpc_chip_43xx/Debug/liblpc_chip_43xx.a(uart_18xx_43xx.o)
 .text.Chip_UART_SetupFIFOS
                0x1a005eec       0x1c /home/michele/Scrivania/SE_project/Project/lpc_chip_43xx/Debug/liblpc_chip_43xx.a(uart_18xx_43xx.o)
 .text.Chip_UART_ConfigData
                0x1a005f08       0x1c /home/michele/Scrivania/SE_project/Project/lpc_chip_43xx/Debug/liblpc_chip_43xx.a(uart_18xx_43xx.o)
 .text.Chip_UART_EnableDivisorAccess
                0x1a005f24       0x20 /home/michele/Scrivania/SE_project/Project/lpc_chip_43xx/Debug/liblpc_chip_43xx.a(uart_18xx_43xx.o)
 .text.Chip_UART_DisableDivisorAccess
                0x1a005f44       0x20 /home/michele/Scrivania/SE_project/Project/lpc_chip_43xx/Debug/liblpc_chip_43xx.a(uart_18xx_43xx.o)
 .text.Chip_UART_SetDivisorLatches
                0x1a005f64       0x28 /home/michele/Scrivania/SE_project/Project/lpc_chip_43xx/Debug/liblpc_chip_43xx.a(uart_18xx_43xx.o)
 .text.Chip_UART_GetIndex
                0x1a005f8c       0x60 /home/michele/Scrivania/SE_project/Project/lpc_chip_43xx/Debug/liblpc_chip_43xx.a(uart_18xx_43xx.o)
 .text.Chip_UART_Init
                0x1a005fec       0x84 /home/michele/Scrivania/SE_project/Project/lpc_chip_43xx/Debug/liblpc_chip_43xx.a(uart_18xx_43xx.o)
                0x1a005fec                Chip_UART_Init
 .text.Chip_UART_SetBaudFDR
                0x1a006070      0x170 /home/michele/Scrivania/SE_project/Project/lpc_chip_43xx/Debug/liblpc_chip_43xx.a(uart_18xx_43xx.o)
                0x1a006070                Chip_UART_SetBaudFDR
 .text.__main   0x1a0061e0       0x14 /usr/local/lpcxpresso_8.2.2_650/lpcxpresso/tools/bin/../lib/gcc/arm-none-eabi/5.4.1/../../../../arm-none-eabi/lib/armv7e-m/softfp/libcr_nohost.a(_cr__main.o)
                0x1a0061e0                __main
 .text.memset   0x1a0061f4        0x4 /usr/local/lpcxpresso_8.2.2_650/lpcxpresso/tools/bin/../lib/gcc/arm-none-eabi/5.4.1/../../../../arm-none-eabi/lib/armv7e-m/softfp/libcr_c.a(memset.o)
                0x1a0061f4                memset
 .text._deferredlazyseek
                0x1a0061f8       0x44 /usr/local/lpcxpresso_8.2.2_650/lpcxpresso/tools/bin/../lib/gcc/arm-none-eabi/5.4.1/../../../../arm-none-eabi/lib/armv7e-m/softfp/libcr_c.a(_deferredlazyseek.o)
                0x1a0061f8                _deferredlazyseek
 .text.__flsbuf
                0x1a00623c      0x140 /usr/local/lpcxpresso_8.2.2_650/lpcxpresso/tools/bin/../lib/gcc/arm-none-eabi/5.4.1/../../../../arm-none-eabi/lib/armv7e-m/softfp/libcr_c.a(_deferredlazyseek.o)
                0x1a00623c                __flsbuf
 .text._fflush  0x1a00637c       0x58 /usr/local/lpcxpresso_8.2.2_650/lpcxpresso/tools/bin/../lib/gcc/arm-none-eabi/5.4.1/../../../../arm-none-eabi/lib/armv7e-m/softfp/libcr_c.a(_fflush.o)
                0x1a00637c                _fflush
 .text._Cwritebuf
                0x1a0063d4       0x68 /usr/local/lpcxpresso_8.2.2_650/lpcxpresso/tools/bin/../lib/gcc/arm-none-eabi/5.4.1/../../../../arm-none-eabi/lib/armv7e-m/softfp/libcr_c.a(_writebuf.o)
                0x1a0063d4                _Cwritebuf
 .text.malloc   0x1a00643c       0xc8 /usr/local/lpcxpresso_8.2.2_650/lpcxpresso/tools/bin/../lib/gcc/arm-none-eabi/5.4.1/../../../../arm-none-eabi/lib/armv7e-m/softfp/libcr_c.a(alloc.o)
                0x1a00643c                malloc
 .text.free     0x1a006504       0x30 /usr/local/lpcxpresso_8.2.2_650/lpcxpresso/tools/bin/../lib/gcc/arm-none-eabi/5.4.1/../../../../arm-none-eabi/lib/armv7e-m/softfp/libcr_c.a(alloc.o)
                0x1a006504                free
 .text._Csys_alloc
                0x1a006534       0x20 /usr/local/lpcxpresso_8.2.2_650/lpcxpresso/tools/bin/../lib/gcc/arm-none-eabi/5.4.1/../../../../arm-none-eabi/lib/armv7e-m/softfp/libcr_c.a(alloc.o)
                0x1a006534                _Csys_alloc
 .text.fp_round
                0x1a006554       0x4e /usr/local/lpcxpresso_8.2.2_650/lpcxpresso/tools/bin/../lib/gcc/arm-none-eabi/5.4.1/../../../../arm-none-eabi/lib/armv7e-m/softfp/libcr_c.a(fpprintf.o)
 .text.pr_dec.constprop.1
                0x1a0065a2       0x26 /usr/local/lpcxpresso_8.2.2_650/lpcxpresso/tools/bin/../lib/gcc/arm-none-eabi/5.4.1/../../../../arm-none-eabi/lib/armv7e-m/softfp/libcr_c.a(fpprintf.o)
 .text.sprintf  0x1a0065c8       0x6c /usr/local/lpcxpresso_8.2.2_650/lpcxpresso/tools/bin/../lib/gcc/arm-none-eabi/5.4.1/../../../../arm-none-eabi/lib/armv7e-m/softfp/libcr_c.a(fpprintf.o)
                0x1a0065c8                sprintf
 *fill*         0x1a006634        0x4 ff
 .text.fp_display
                0x1a006638      0x8f8 /usr/local/lpcxpresso_8.2.2_650/lpcxpresso/tools/bin/../lib/gcc/arm-none-eabi/5.4.1/../../../../arm-none-eabi/lib/armv7e-m/softfp/libcr_c.a(fpprintf.o)
 .text.vsnprintf
                0x1a006f30       0x5c /usr/local/lpcxpresso_8.2.2_650/lpcxpresso/tools/bin/../lib/gcc/arm-none-eabi/5.4.1/../../../../arm-none-eabi/lib/armv7e-m/softfp/libcr_c.a(fpprintf.o)
                0x1a006f30                vsnprintf
 .text.printf   0x1a006f8c       0x54 /usr/local/lpcxpresso_8.2.2_650/lpcxpresso/tools/bin/../lib/gcc/arm-none-eabi/5.4.1/../../../../arm-none-eabi/lib/armv7e-m/softfp/libcr_c.a(fpprintf.o)
                0x1a006f8c                printf
 .text.fseek    0x1a006fe0      0x110 /usr/local/lpcxpresso_8.2.2_650/lpcxpresso/tools/bin/../lib/gcc/arm-none-eabi/5.4.1/../../../../arm-none-eabi/lib/armv7e-m/softfp/libcr_c.a(fseek.o)
                0x1a006fe0                fseek
 .text.ftell    0x1a0070f0       0x4c /usr/local/lpcxpresso_8.2.2_650/lpcxpresso/tools/bin/../lib/gcc/arm-none-eabi/5.4.1/../../../../arm-none-eabi/lib/armv7e-m/softfp/libcr_c.a(ftell.o)
                0x1a0070f0                ftell
 .text._initio  0x1a00713c       0xa4 /usr/local/lpcxpresso_8.2.2_650/lpcxpresso/tools/bin/../lib/gcc/arm-none-eabi/5.4.1/../../../../arm-none-eabi/lib/armv7e-m/softfp/libcr_c.a(initio.o)
                0x1a00713c                _initio
 .text.__vfprintf
                0x1a0071e0      0xd48 /usr/local/lpcxpresso_8.2.2_650/lpcxpresso/tools/bin/../lib/gcc/arm-none-eabi/5.4.1/../../../../arm-none-eabi/lib/armv7e-m/softfp/libcr_c.a(printf.o)
                0x1a0071e0                __vfprintf
 .text.setvbuf  0x1a007f28       0x40 /usr/local/lpcxpresso_8.2.2_650/lpcxpresso/tools/bin/../lib/gcc/arm-none-eabi/5.4.1/../../../../arm-none-eabi/lib/armv7e-m/softfp/libcr_c.a(setvbuf.o)
                0x1a007f28                setvbuf
 .text.strlen   0x1a007f68       0x4a /usr/local/lpcxpresso_8.2.2_650/lpcxpresso/tools/bin/../lib/gcc/arm-none-eabi/5.4.1/../../../../arm-none-eabi/lib/armv7e-m/softfp/libcr_c.a(strlen.o)
                0x1a007f68                strlen
 *fill*         0x1a007fb2        0x2 ff
 .text._sbrk    0x1a007fb4       0x40 /usr/local/lpcxpresso_8.2.2_650/lpcxpresso/tools/bin/../lib/gcc/arm-none-eabi/5.4.1/../../../../arm-none-eabi/lib/armv7e-m/softfp/libcr_c.a(_cr_sbrk.o)
                0x1a007fb4                _sbrk
 .text._fdopen  0x1a007ff4       0x6a /usr/local/lpcxpresso_8.2.2_650/lpcxpresso/tools/bin/../lib/gcc/arm-none-eabi/5.4.1/../../../../arm-none-eabi/lib/armv7e-m/softfp/libcr_c.a(_fdopen.o)
                0x1a007ff4                _fdopen
 .text._frexpl  0x1a00805e       0x5a /usr/local/lpcxpresso_8.2.2_650/lpcxpresso/tools/bin/../lib/gcc/arm-none-eabi/5.4.1/../../../../arm-none-eabi/lib/armv7e-m/softfp/libcr_c.a(_frexpl.o)
                0x1a00805e                _frexpl
 .text._ldexpl  0x1a0080b8       0x4c /usr/local/lpcxpresso_8.2.2_650/lpcxpresso/tools/bin/../lib/gcc/arm-none-eabi/5.4.1/../../../../arm-none-eabi/lib/armv7e-m/softfp/libcr_c.a(_ldexpl.o)
                0x1a0080b8                _ldexpl
 .text.fclose   0x1a008104       0x6c /usr/local/lpcxpresso_8.2.2_650/lpcxpresso/tools/bin/../lib/gcc/arm-none-eabi/5.4.1/../../../../arm-none-eabi/lib/armv7e-m/softfp/libcr_c.a(fclose.o)
                0x1a008104                fclose
 .text.fflush   0x1a008170       0x30 /usr/local/lpcxpresso_8.2.2_650/lpcxpresso/tools/bin/../lib/gcc/arm-none-eabi/5.4.1/../../../../arm-none-eabi/lib/armv7e-m/softfp/libcr_c.a(fflush.o)
                0x1a008170                fflush
 .text.remove   0x1a0081a0       0x14 /usr/local/lpcxpresso_8.2.2_650/lpcxpresso/tools/bin/../lib/gcc/arm-none-eabi/5.4.1/../../../../arm-none-eabi/lib/armv7e-m/softfp/libcr_c.a(remove.o)
                0x1a0081a0                remove
 .text.__check_heap_overflow
                0x1a0081b4       0x18 /usr/local/lpcxpresso_8.2.2_650/lpcxpresso/tools/bin/../lib/gcc/arm-none-eabi/5.4.1/../../../../arm-none-eabi/lib/armv7e-m/softfp/libcr_c.a(_cr_check_heap.o)
                0x1a0081b4                __check_heap_overflow
 .text._do_fflush
                0x1a0081cc       0x44 /usr/local/lpcxpresso_8.2.2_650/lpcxpresso/tools/bin/../lib/gcc/arm-none-eabi/5.4.1/../../../../arm-none-eabi/lib/armv7e-m/softfp/libcr_c.a(_do_fflush.o)
                0x1a0081cc                _do_fflush
 .text.__aeabi_division_uldivmod
                0x1a008210      0x174 /usr/local/lpcxpresso_8.2.2_650/lpcxpresso/tools/bin/../lib/gcc/arm-none-eabi/5.4.1/armv7e-m/softfp/libcr_eabihelpers.a(division_64.o)
                0x1a008210                __aeabi_uldivmod
                0x1a008214                __bhs_ldivmod1
 .text.__aeabi_division_idiv0
                0x1a008384        0x2 /usr/local/lpcxpresso_8.2.2_650/lpcxpresso/tools/bin/../lib/gcc/arm-none-eabi/5.4.1/armv7e-m/softfp/libcr_eabihelpers.a(division_idiv0.o)
                0x1a008384                __aeabi_idiv0
 *fill*         0x1a008386        0x2 ff
 .text.__aeabi_dmul
                0x1a008388      0x110 /usr/local/lpcxpresso_8.2.2_650/lpcxpresso/tools/bin/../lib/gcc/arm-none-eabi/5.4.1/armv7e-m/softfp/libcr_eabihelpers.a(double.o)
                0x1a008388                __aeabi_dmul
 .text.__aeabi_ddiv
                0x1a008498      0x13c /usr/local/lpcxpresso_8.2.2_650/lpcxpresso/tools/bin/../lib/gcc/arm-none-eabi/5.4.1/armv7e-m/softfp/libcr_eabihelpers.a(double.o)
                0x1a008498                __aeabi_ddiv
 .text.__aeabi_dsub
                0x1a0085d4      0x1b4 /usr/local/lpcxpresso_8.2.2_650/lpcxpresso/tools/bin/../lib/gcc/arm-none-eabi/5.4.1/armv7e-m/softfp/libcr_eabihelpers.a(double.o)
                0x1a0085d4                __aeabi_dsub
 .text.__aeabi_dadd
                0x1a008788      0x114 /usr/local/lpcxpresso_8.2.2_650/lpcxpresso/tools/bin/../lib/gcc/arm-none-eabi/5.4.1/armv7e-m/softfp/libcr_eabihelpers.a(double.o)
                0x1a008788                __aeabi_dadd
 .text.__aeabi_d2iz
                0x1a00889c       0x40 /usr/local/lpcxpresso_8.2.2_650/lpcxpresso/tools/bin/../lib/gcc/arm-none-eabi/5.4.1/armv7e-m/softfp/libcr_eabihelpers.a(double.o)
                0x1a00889c                __aeabi_d2iz
 .text.__bhs_ui2d
                0x1a0088dc       0x46 /usr/local/lpcxpresso_8.2.2_650/lpcxpresso/tools/bin/../lib/gcc/arm-none-eabi/5.4.1/armv7e-m/softfp/libcr_eabihelpers.a(double.o)
                0x1a0088dc                __bhs_ui2d
 .text.__aeabi_i2d
                0x1a008922       0x10 /usr/local/lpcxpresso_8.2.2_650/lpcxpresso/tools/bin/../lib/gcc/arm-none-eabi/5.4.1/armv7e-m/softfp/libcr_eabihelpers.a(double.o)
                0x1a008922                __aeabi_i2d
 .text.__aeabi_dcmpeq
                0x1a008932       0x30 /usr/local/lpcxpresso_8.2.2_650/lpcxpresso/tools/bin/../lib/gcc/arm-none-eabi/5.4.1/armv7e-m/softfp/libcr_eabihelpers.a(double.o)
                0x1a008932                __aeabi_dcmpeq
 .text.__aeabi_dcmplt
                0x1a008962       0x58 /usr/local/lpcxpresso_8.2.2_650/lpcxpresso/tools/bin/../lib/gcc/arm-none-eabi/5.4.1/armv7e-m/softfp/libcr_eabihelpers.a(double.o)
                0x1a008962                __aeabi_dcmplt
 .text.__aeabi_dcmple
                0x1a0089ba       0x54 /usr/local/lpcxpresso_8.2.2_650/lpcxpresso/tools/bin/../lib/gcc/arm-none-eabi/5.4.1/armv7e-m/softfp/libcr_eabihelpers.a(double.o)
                0x1a0089ba                __aeabi_dcmple
 .text.__aeabi_dcmpge
                0x1a008a0e       0x54 /usr/local/lpcxpresso_8.2.2_650/lpcxpresso/tools/bin/../lib/gcc/arm-none-eabi/5.4.1/armv7e-m/softfp/libcr_eabihelpers.a(double.o)
                0x1a008a0e                __aeabi_dcmpge
 .text.__aeabi_memset_lowlevel
                0x1a008a62       0x32 /usr/local/lpcxpresso_8.2.2_650/lpcxpresso/tools/bin/../lib/gcc/arm-none-eabi/5.4.1/armv7e-m/softfp/libcr_eabihelpers.a(memcpy.o)
                0x1a008a62                __aeabi_lowlevel_memset
 .text.__sys_appexit
                0x1a008a94        0x2 /usr/local/lpcxpresso_8.2.2_650/lpcxpresso/tools/bin/../lib/gcc/arm-none-eabi/5.4.1/../../../../arm-none-eabi/lib/armv7e-m/softfp/libcr_nohost.a(__sys_appexit.o)
                0x1a008a94                __exit
                0x1a008a94                __sys_appexit
 .text.__sys_close
                0x1a008a96        0x6 /usr/local/lpcxpresso_8.2.2_650/lpcxpresso/tools/bin/../lib/gcc/arm-none-eabi/5.4.1/../../../../arm-none-eabi/lib/armv7e-m/softfp/libcr_nohost.a(__sys_close.o)
                0x1a008a96                __sys_close
 .text.__sys_flen
                0x1a008a9c        0x6 /usr/local/lpcxpresso_8.2.2_650/lpcxpresso/tools/bin/../lib/gcc/arm-none-eabi/5.4.1/../../../../arm-none-eabi/lib/armv7e-m/softfp/libcr_nohost.a(__sys_flen.o)
                0x1a008a9c                __sys_flen
 .text.__sys_istty
                0x1a008aa2        0x6 /usr/local/lpcxpresso_8.2.2_650/lpcxpresso/tools/bin/../lib/gcc/arm-none-eabi/5.4.1/../../../../arm-none-eabi/lib/armv7e-m/softfp/libcr_nohost.a(__sys_istty.o)
                0x1a008aa2                __sys_istty
 .text.__sys_remove
                0x1a008aa8        0x6 /usr/local/lpcxpresso_8.2.2_650/lpcxpresso/tools/bin/../lib/gcc/arm-none-eabi/5.4.1/../../../../arm-none-eabi/lib/armv7e-m/softfp/libcr_nohost.a(__sys_remove.o)
                0x1a008aa8                __sys_remove
 .text.__sys_seek
                0x1a008aae        0x6 /usr/local/lpcxpresso_8.2.2_650/lpcxpresso/tools/bin/../lib/gcc/arm-none-eabi/5.4.1/../../../../arm-none-eabi/lib/armv7e-m/softfp/libcr_nohost.a(__sys_seek.o)
                0x1a008aae                __sys_seek
 .text.__sys_tmpnam
                0x1a008ab4        0x6 /usr/local/lpcxpresso_8.2.2_650/lpcxpresso/tools/bin/../lib/gcc/arm-none-eabi/5.4.1/../../../../arm-none-eabi/lib/armv7e-m/softfp/libcr_nohost.a(__sys_tmpnam.o)
                0x1a008ab4                __sys_tmpnam
 .text.__sys_write
                0x1a008aba        0x4 /usr/local/lpcxpresso_8.2.2_650/lpcxpresso/tools/bin/../lib/gcc/arm-none-eabi/5.4.1/../../../../arm-none-eabi/lib/armv7e-m/softfp/libcr_nohost.a(__sys_write.o)
                0x1a008aba                __write
                0x1a008aba                __sys_write
 *(.rodata .rodata.* .constdata .constdata.*)
 *fill*         0x1a008abe        0x2 ff
 .rodata.USB_REG_BASE_ADDR
                0x1a008ac0        0x8 ./lpcusblib/Drivers/USB/Core/HAL/LPC18XX/HAL_LPC18xx.o
                0x1a008ac0                USB_REG_BASE_ADDR
 .rodata        0x1a008ac8       0x10 ./lpcusblib/Drivers/USB/Core/Host.o
 .rodata        0x1a008ad8      0x1b7 ./example/src/KeyboardHost.o
 *fill*         0x1a008c8f        0x1 ff
 .rodata.ExtRateIn
                0x1a008c90        0x4 /home/michele/Scrivania/SE_project/Project/lpc_board_nxp_lpcxpresso_4337/Debug/liblpc_board_nxp_lpcxpresso_4337.a(board.o)
                0x1a008c90                ExtRateIn
 .rodata.OscRateIn
                0x1a008c94        0x4 /home/michele/Scrivania/SE_project/Project/lpc_board_nxp_lpcxpresso_4337/Debug/liblpc_board_nxp_lpcxpresso_4337.a(board.o)
                0x1a008c94                OscRateIn
 .rodata.gpioLEDBits
                0x1a008c98        0x6 /home/michele/Scrivania/SE_project/Project/lpc_board_nxp_lpcxpresso_4337/Debug/liblpc_board_nxp_lpcxpresso_4337.a(board.o)
 *fill*         0x1a008c9e        0x2 ff
 .rodata.InitClkStates
                0x1a008ca0        0xc /home/michele/Scrivania/SE_project/Project/lpc_board_nxp_lpcxpresso_4337/Debug/liblpc_board_nxp_lpcxpresso_4337.a(board_sysinit.o)
 .rodata.pinmuxing
                0x1a008cac       0x34 /home/michele/Scrivania/SE_project/Project/lpc_board_nxp_lpcxpresso_4337/Debug/liblpc_board_nxp_lpcxpresso_4337.a(board_sysinit.o)
 .rodata.usbPLLSetup
                0x1a008ce0       0x14 /home/michele/Scrivania/SE_project/Project/lpc_chip_43xx/Debug/liblpc_chip_43xx.a(chip_18xx_43xx.o)
 .rodata.periph_to_base
                0x1a008cf4       0x6c /home/michele/Scrivania/SE_project/Project/lpc_chip_43xx/Debug/liblpc_chip_43xx.a(clock_18xx_43xx.o)
 .rodata        0x1a008d60        0xa /home/michele/Scrivania/SE_project/Project/lpc_chip_43xx/Debug/liblpc_chip_43xx.a(clock_18xx_43xx.o)
 *fill*         0x1a008d6a        0x2 ff
 .rodata.InitClkStates
                0x1a008d6c       0x48 /home/michele/Scrivania/SE_project/Project/lpc_chip_43xx/Debug/liblpc_chip_43xx.a(sysinit_18xx_43xx.o)
 .rodata.UART_PClock
                0x1a008db4        0x8 /home/michele/Scrivania/SE_project/Project/lpc_chip_43xx/Debug/liblpc_chip_43xx.a(uart_18xx_43xx.o)
 .rodata.UART_BClock
                0x1a008dbc        0x8 /home/michele/Scrivania/SE_project/Project/lpc_chip_43xx/Debug/liblpc_chip_43xx.a(uart_18xx_43xx.o)
 .rodata.str1.1
                0x1a008dc4       0x18 /usr/local/lpcxpresso_8.2.2_650/lpcxpresso/tools/bin/../lib/gcc/arm-none-eabi/5.4.1/../../../../arm-none-eabi/lib/armv7e-m/softfp/libcr_c.a(alloc.o)
 .rodata.str1.1
                0x1a008ddc       0x34 /usr/local/lpcxpresso_8.2.2_650/lpcxpresso/tools/bin/../lib/gcc/arm-none-eabi/5.4.1/../../../../arm-none-eabi/lib/armv7e-m/softfp/libcr_c.a(fpprintf.o)
                                 0x35 (size before relaxing)
 .rodata.str1.1
                0x1a008e10        0x4 /usr/local/lpcxpresso_8.2.2_650/lpcxpresso/tools/bin/../lib/gcc/arm-none-eabi/5.4.1/../../../../arm-none-eabi/lib/armv7e-m/softfp/libcr_c.a(initio.o)
 .rodata.str1.1
                0x1a008e14       0x31 /usr/local/lpcxpresso_8.2.2_650/lpcxpresso/tools/bin/../lib/gcc/arm-none-eabi/5.4.1/../../../../arm-none-eabi/lib/armv7e-m/softfp/libcr_c.a(printf.o)
                                 0x38 (size before relaxing)
 *fill*         0x1a008e45        0x3 ff
 .rodata.__huge_vall
                0x1a008e48        0x8 /usr/local/lpcxpresso_8.2.2_650/lpcxpresso/tools/bin/../lib/gcc/arm-none-eabi/5.4.1/../../../../arm-none-eabi/lib/armv7e-m/softfp/libcr_c.a(_hugeval.o)
                0x1a008e48                __huge_vall
                0x1a008e50                . = ALIGN (0x4)

.glue_7         0x1a008e50        0x0
 .glue_7        0x1a008e50        0x0 linker stubs

.glue_7t        0x1a008e50        0x0
 .glue_7t       0x1a008e50        0x0 linker stubs

.vfp11_veneer   0x1a008e50        0x0
 .vfp11_veneer  0x1a008e50        0x0 linker stubs

.v4_bx          0x1a008e50        0x0
 .v4_bx         0x1a008e50        0x0 linker stubs

.iplt           0x1a008e50        0x0
 .iplt          0x1a008e50        0x0 ./lpcusblib/Drivers/USB/Core/HCD/EHCI/EHCI.o

.rel.dyn        0x1a008e50        0x0
 .rel.iplt      0x1a008e50        0x0 ./lpcusblib/Drivers/USB/Core/HCD/EHCI/EHCI.o

.ARM.extab
 *(.ARM.extab* .gnu.linkonce.armextab.*)
                0x1a008e50                __exidx_start = .

.ARM.exidx
 *(.ARM.exidx* .gnu.linkonce.armexidx.*)
                0x1a008e50                __exidx_end = .
                0x1a008e50                _etext = .

.data_RAM2      0x10080000        0x0 load address 0x1a008e50
 FILL mask 0xff
                [!provide]                PROVIDE (__start_data_RAM2, .)
 *(.ramfunc.$RAM2)
 *(.ramfunc.$RamLoc40)
 *(.data.$RAM2*)
 *(.data.$RamLoc40*)
                0x10080000                . = ALIGN (0x4)
                [!provide]                PROVIDE (__end_data_RAM2, .)

.data_RAM3      0x20000000        0x0 load address 0x1a008e50
 FILL mask 0xff
                [!provide]                PROVIDE (__start_data_RAM3, .)
 *(.ramfunc.$RAM3)
 *(.ramfunc.$RamAHB32)
 *(.data.$RAM3*)
 *(.data.$RamAHB32*)
                0x20000000                . = ALIGN (0x4)
                [!provide]                PROVIDE (__end_data_RAM3, .)

.data_RAM4      0x20008000        0x0 load address 0x1a008e50
 FILL mask 0xff
                [!provide]                PROVIDE (__start_data_RAM4, .)
 *(.ramfunc.$RAM4)
 *(.ramfunc.$RamAHB16)
 *(.data.$RAM4*)
 *(.data.$RamAHB16*)
                0x20008000                . = ALIGN (0x4)
                [!provide]                PROVIDE (__end_data_RAM4, .)

.data_RAM5      0x2000c000        0x0 load address 0x1a008e50
 FILL mask 0xff
                [!provide]                PROVIDE (__start_data_RAM5, .)
 *(.ramfunc.$RAM5)
 *(.ramfunc.$RamAHB_ETB16)
 *(.data.$RAM5*)
 *(.data.$RamAHB_ETB16*)
                0x2000c000                . = ALIGN (0x4)
                [!provide]                PROVIDE (__end_data_RAM5, .)

.uninit_RESERVED
                0x10000000        0x0
 *(.bss.$RESERVED*)
                0x10000000                . = ALIGN (0x4)
                0x10000000                _end_uninit_RESERVED = .

.data           0x10000000       0x20 load address 0x1a008e50
 FILL mask 0xff
                0x10000000                _data = .
 *(vtable)
 *(.ramfunc*)
 *(.data*)
 .data.Keyboard_HID_Interface
                0x10000000       0x20 ./example/src/KeyboardHost.o
                0x10000020                . = ALIGN (0x4)
                0x10000020                _edata = .

.igot.plt       0x10000020        0x0 load address 0x1a008e70
 .igot.plt      0x10000020        0x0 ./lpcusblib/Drivers/USB/Core/HCD/EHCI/EHCI.o

.bss_RAM2       0x10080000     0x3088
                [!provide]                PROVIDE (__start_bss_RAM2, .)
 *(.bss.$RAM2*)
 .bss.$RAM2     0x10080000     0x2080 ./lpcusblib/Drivers/USB/Core/HCD/EHCI/EHCI.o
                0x10080000                ehci_data
                0x10081000                PeriodFrameList0
                0x10082000                PeriodFrameList1
 .bss.$RAM2     0x10082080     0x1000 ./lpcusblib/Drivers/USB/Core/USBMemory.o
 .bss.$RAM2     0x10083080        0x8 ./lpcusblib/Drivers/USB/Core/USBTask.o
                0x10083080                USB_ControlRequest
 *(.bss.$RamLoc40*)
                0x10083088                . = ALIGN ((. != 0x0)?0x4:0x1)
                [!provide]                PROVIDE (__end_bss_RAM2, .)

.bss_RAM3       0x20000000        0x0
                [!provide]                PROVIDE (__start_bss_RAM3, .)
 *(.bss.$RAM3*)
 *(.bss.$RamAHB32*)
                0x20000000                . = ALIGN ((. != 0x0)?0x4:0x1)
                [!provide]                PROVIDE (__end_bss_RAM3, .)

.bss_RAM4       0x20008000        0x0
                [!provide]                PROVIDE (__start_bss_RAM4, .)
 *(.bss.$RAM4*)
 *(.bss.$RamAHB16*)
                0x20008000                . = ALIGN ((. != 0x0)?0x4:0x1)
                [!provide]                PROVIDE (__end_bss_RAM4, .)

.bss_RAM5       0x2000c000        0x0
                [!provide]                PROVIDE (__start_bss_RAM5, .)
 *(.bss.$RAM5*)
 *(.bss.$RamAHB_ETB16*)
                0x2000c000                . = ALIGN ((. != 0x0)?0x4:0x1)
                [!provide]                PROVIDE (__end_bss_RAM5, .)

.bss            0x10000020      0x298
                0x10000020                _bss = .
 *(.bss*)
 .bss.coreEnabled
                0x10000020        0x2 ./lpcusblib/Drivers/USB/Core/HAL/LPC18XX/HAL_LPC18xx.o
 .bss.WaitMSRemaining.10275
                0x10000022        0x2 ./lpcusblib/Drivers/USB/Core/Host.o
 .bss.PostWaitState.10276
                0x10000024        0x1 ./lpcusblib/Drivers/USB/Core/Host.o
 .bss.Mem_IsInitialized
                0x10000025        0x1 ./lpcusblib/Drivers/USB/Core/USBController.o
                0x10000025                Mem_IsInitialized
 *fill*         0x10000026        0x2 
 .bss.audio_usb_pll_freq
                0x10000028        0x8 /home/michele/Scrivania/SE_project/Project/lpc_chip_43xx/Debug/liblpc_chip_43xx.a(clock_18xx_43xx.o)
 .bss._extra    0x10000030        0x4 /usr/local/lpcxpresso_8.2.2_650/lpcxpresso/tools/bin/../lib/gcc/arm-none-eabi/5.4.1/../../../../arm-none-eabi/lib/armv7e-m/softfp/libcr_c.a(initio.o)
                0x10000030                _extra
 .bss.__Ciob    0x10000034      0x140 /usr/local/lpcxpresso_8.2.2_650/lpcxpresso/tools/bin/../lib/gcc/arm-none-eabi/5.4.1/../../../../arm-none-eabi/lib/armv7e-m/softfp/libcr_c.a(stdio.o)
                0x10000034                __Ciob
 .bss.__heaps   0x10000174        0x4 /usr/local/lpcxpresso_8.2.2_650/lpcxpresso/tools/bin/../lib/gcc/arm-none-eabi/5.4.1/../../../../arm-none-eabi/lib/armv7e-m/softfp/libcr_c.a(__init_alloc.o)
                0x10000174                __heaps
 .bss.__end_of_heap
                0x10000178        0x4 /usr/local/lpcxpresso_8.2.2_650/lpcxpresso/tools/bin/../lib/gcc/arm-none-eabi/5.4.1/../../../../arm-none-eabi/lib/armv7e-m/softfp/libcr_c.a(__init_alloc.o)
                0x10000178                __end_of_heap
 .bss.errno     0x1000017c        0x4 /usr/local/lpcxpresso_8.2.2_650/lpcxpresso/tools/bin/../lib/gcc/arm-none-eabi/5.4.1/../../../../arm-none-eabi/lib/armv7e-m/softfp/libcr_c.a(errno.o)
                0x1000017c                errno
 *(COMMON)
 COMMON         0x10000180       0x18 ./lpcusblib/Drivers/USB/Core/HCD/EHCI/EHCI.o
                0x10000180                PipeStreaming
 COMMON         0x10000198        0x2 ./lpcusblib/Drivers/USB/Core/Host.o
                0x10000198                USB_Host_ControlPipeSize
 COMMON         0x1000019a        0x1 ./lpcusblib/Drivers/USB/Core/HostStandardReq.o
                0x1000019a                USB_Host_ConfigurationNumber
 *fill*         0x1000019b        0x1 
 COMMON         0x1000019c      0x10a ./lpcusblib/Drivers/USB/Core/Pipe.o
                0x1000019c                hostportspeed
                0x100001a0                PipeInfo
                0x100002a0                hostselected
                0x100002a4                pipeselected
 *fill*         0x100002a6        0x2 
 COMMON         0x100002a8        0x2 ./lpcusblib/Drivers/USB/Core/USBController.o
                0x100002a8                USB_CurrentMode
 *fill*         0x100002aa        0x2 
 COMMON         0x100002ac        0x6 ./lpcusblib/Drivers/USB/Core/USBTask.o
                0x100002ac                USB_IsInitialized
                0x100002b0                USB_HostState
 *fill*         0x100002b2        0x2 
 COMMON         0x100002b4        0x4 /home/michele/Scrivania/SE_project/Project/lpc_chip_43xx/Debug/liblpc_chip_43xx.a(chip_18xx_43xx.o)
                0x100002b4                SystemCoreClock
                0x100002b8                . = ALIGN (0x4)
                0x100002b8                _ebss = .
                [!provide]                PROVIDE (end, .)

.noinit_RAM2    0x10083088        0x0
 *(.noinit.$RAM2*)
 *(.noinit.$RamLoc40*)
                0x10083088                . = ALIGN (0x4)

.noinit_RAM3    0x20000000        0x0
 *(.noinit.$RAM3*)
 *(.noinit.$RamAHB32*)
                0x20000000                . = ALIGN (0x4)

.noinit_RAM4    0x20008000        0x0
 *(.noinit.$RAM4*)
 *(.noinit.$RamAHB16*)
                0x20008000                . = ALIGN (0x4)

.noinit_RAM5    0x2000c000        0x0
 *(.noinit.$RAM5*)
 *(.noinit.$RamAHB_ETB16*)
                0x2000c000                . = ALIGN (0x4)

.noinit         0x100002b8        0x0
                0x100002b8                _noinit = .
 *(.noinit*)
                0x100002b8                . = ALIGN (0x4)
                0x100002b8                _end_noinit = .
                0x100002b8                PROVIDE (_pvHeapStart, DEFINED (__user_heap_base)?__user_heap_base:.)
                0x10008000                PROVIDE (_vStackTop, DEFINED (__user_stack_top)?__user_stack_top:(__top_RamLoc32 - 0x0))
                [!provide]                PROVIDE (__valid_user_code_checksum, (0x0 - ((((((_vStackTop + (ResetISR + 0x1)) + (NMI_Handler + 0x1)) + (HardFault_Handler + 0x1)) + (DEFINED (MemManage_Handler)?MemManage_Handler:0x0 + 0x1)) + (DEFINED (BusFault_Handler)?BusFault_Handler:0x0 + 0x1)) + (DEFINED (UsageFault_Handler)?UsageFault_Handler:0x0 + 0x1))))
OUTPUT(LPCUSBlib_KeyboardHost.axf elf32-littlearm)

.debug_info     0x00000000    0x111d4
 .debug_info    0x00000000     0x294b ./lpcusblib/Drivers/USB/Core/HCD/EHCI/EHCI.o
 .debug_info    0x0000294b      0x46a ./lpcusblib/Drivers/USB/Core/HCD/HCD.o
 .debug_info    0x00002db5     0x1129 ./lpcusblib/Drivers/USB/Core/HAL/LPC18XX/HAL_LPC18xx.o
 .debug_info    0x00003ede      0x687 ./lpcusblib/Drivers/USB/Core/ConfigDescriptor.o
 .debug_info    0x00004565      0xbdf ./lpcusblib/Drivers/USB/Core/Host.o
 .debug_info    0x00005144      0xb19 ./lpcusblib/Drivers/USB/Core/HostStandardReq.o
 .debug_info    0x00005c5d      0xabc ./lpcusblib/Drivers/USB/Core/Pipe.o
 .debug_info    0x00006719      0x8f1 ./lpcusblib/Drivers/USB/Core/PipeStream.o
 .debug_info    0x0000700a      0x883 ./lpcusblib/Drivers/USB/Core/USBController.o
 .debug_info    0x0000788d      0x767 ./lpcusblib/Drivers/USB/Core/USBMemory.o
 .debug_info    0x00007ff4      0x7b8 ./lpcusblib/Drivers/USB/Core/USBTask.o
 .debug_info    0x000087ac     0x10d1 ./lpcusblib/Drivers/USB/Class/Host/HIDClassHost.o
 .debug_info    0x0000987d      0x6bc ./lpcusblib/Drivers/USB/Class/Common/HIDParser.o
 .debug_info    0x00009f39      0xdf5 ./example/src/KeyboardHost.o
 .debug_info    0x0000ad2e      0x297 ./example/src/cr_startup_lpc43xx.o
 .debug_info    0x0000afc5       0xea ./example/src/sysinit.o
 .debug_info    0x0000b0af     0x193f /home/michele/Scrivania/SE_project/Project/lpc_board_nxp_lpcxpresso_4337/Debug/liblpc_board_nxp_lpcxpresso_4337.a(board.o)
 .debug_info    0x0000c9ee      0xb56 /home/michele/Scrivania/SE_project/Project/lpc_board_nxp_lpcxpresso_4337/Debug/liblpc_board_nxp_lpcxpresso_4337.a(board_sysinit.o)
 .debug_info    0x0000d544      0xa31 /home/michele/Scrivania/SE_project/Project/lpc_chip_43xx/Debug/liblpc_chip_43xx.a(chip_18xx_43xx.o)
 .debug_info    0x0000df75     0x1590 /home/michele/Scrivania/SE_project/Project/lpc_chip_43xx/Debug/liblpc_chip_43xx.a(clock_18xx_43xx.o)
 .debug_info    0x0000f505      0x128 /home/michele/Scrivania/SE_project/Project/lpc_chip_43xx/Debug/liblpc_chip_43xx.a(fpu_init.o)
 .debug_info    0x0000f62d      0x1fd /home/michele/Scrivania/SE_project/Project/lpc_chip_43xx/Debug/liblpc_chip_43xx.a(gpio_18xx_43xx.o)
 .debug_info    0x0000f82a      0x8fd /home/michele/Scrivania/SE_project/Project/lpc_chip_43xx/Debug/liblpc_chip_43xx.a(sysinit_18xx_43xx.o)
 .debug_info    0x00010127     0x10ad /home/michele/Scrivania/SE_project/Project/lpc_chip_43xx/Debug/liblpc_chip_43xx.a(uart_18xx_43xx.o)

.debug_abbrev   0x00000000     0x2bc8
 .debug_abbrev  0x00000000      0x358 ./lpcusblib/Drivers/USB/Core/HCD/EHCI/EHCI.o
 .debug_abbrev  0x00000358      0x143 ./lpcusblib/Drivers/USB/Core/HCD/HCD.o
 .debug_abbrev  0x0000049b      0x21f ./lpcusblib/Drivers/USB/Core/HAL/LPC18XX/HAL_LPC18xx.o
 .debug_abbrev  0x000006ba      0x1cd ./lpcusblib/Drivers/USB/Core/ConfigDescriptor.o
 .debug_abbrev  0x00000887      0x277 ./lpcusblib/Drivers/USB/Core/Host.o
 .debug_abbrev  0x00000afe      0x1e2 ./lpcusblib/Drivers/USB/Core/HostStandardReq.o
 .debug_abbrev  0x00000ce0      0x1e6 ./lpcusblib/Drivers/USB/Core/Pipe.o
 .debug_abbrev  0x00000ec6      0x200 ./lpcusblib/Drivers/USB/Core/PipeStream.o
 .debug_abbrev  0x000010c6      0x12f ./lpcusblib/Drivers/USB/Core/USBController.o
 .debug_abbrev  0x000011f5      0x15c ./lpcusblib/Drivers/USB/Core/USBMemory.o
 .debug_abbrev  0x00001351      0x195 ./lpcusblib/Drivers/USB/Core/USBTask.o
 .debug_abbrev  0x000014e6      0x2d5 ./lpcusblib/Drivers/USB/Class/Host/HIDClassHost.o
 .debug_abbrev  0x000017bb      0x1e0 ./lpcusblib/Drivers/USB/Class/Common/HIDParser.o
 .debug_abbrev  0x0000199b      0x22a ./example/src/KeyboardHost.o
 .debug_abbrev  0x00001bc5       0xed ./example/src/cr_startup_lpc43xx.o
 .debug_abbrev  0x00001cb2       0x9c ./example/src/sysinit.o
 .debug_abbrev  0x00001d4e      0x31e /home/michele/Scrivania/SE_project/Project/lpc_board_nxp_lpcxpresso_4337/Debug/liblpc_board_nxp_lpcxpresso_4337.a(board.o)
 .debug_abbrev  0x0000206c      0x19a /home/michele/Scrivania/SE_project/Project/lpc_board_nxp_lpcxpresso_4337/Debug/liblpc_board_nxp_lpcxpresso_4337.a(board_sysinit.o)
 .debug_abbrev  0x00002206      0x155 /home/michele/Scrivania/SE_project/Project/lpc_chip_43xx/Debug/liblpc_chip_43xx.a(chip_18xx_43xx.o)
 .debug_abbrev  0x0000235b      0x2cb /home/michele/Scrivania/SE_project/Project/lpc_chip_43xx/Debug/liblpc_chip_43xx.a(clock_18xx_43xx.o)
 .debug_abbrev  0x00002626       0x84 /home/michele/Scrivania/SE_project/Project/lpc_chip_43xx/Debug/liblpc_chip_43xx.a(fpu_init.o)
 .debug_abbrev  0x000026aa       0xd0 /home/michele/Scrivania/SE_project/Project/lpc_chip_43xx/Debug/liblpc_chip_43xx.a(gpio_18xx_43xx.o)
 .debug_abbrev  0x0000277a      0x18e /home/michele/Scrivania/SE_project/Project/lpc_chip_43xx/Debug/liblpc_chip_43xx.a(sysinit_18xx_43xx.o)
 .debug_abbrev  0x00002908      0x2c0 /home/michele/Scrivania/SE_project/Project/lpc_chip_43xx/Debug/liblpc_chip_43xx.a(uart_18xx_43xx.o)

.debug_aranges  0x00000000      0xb58
 .debug_aranges
                0x00000000      0x1f8 ./lpcusblib/Drivers/USB/Core/HCD/EHCI/EHCI.o
 .debug_aranges
                0x000001f8       0x30 ./lpcusblib/Drivers/USB/Core/HCD/HCD.o
 .debug_aranges
                0x00000228       0x60 ./lpcusblib/Drivers/USB/Core/HAL/LPC18XX/HAL_LPC18xx.o
 .debug_aranges
                0x00000288       0x48 ./lpcusblib/Drivers/USB/Core/ConfigDescriptor.o
 .debug_aranges
                0x000002d0       0x60 ./lpcusblib/Drivers/USB/Core/Host.o
 .debug_aranges
                0x00000330       0x50 ./lpcusblib/Drivers/USB/Core/HostStandardReq.o
 .debug_aranges
                0x00000380       0x48 ./lpcusblib/Drivers/USB/Core/Pipe.o
 .debug_aranges
                0x000003c8       0x80 ./lpcusblib/Drivers/USB/Core/PipeStream.o
 .debug_aranges
                0x00000448       0x38 ./lpcusblib/Drivers/USB/Core/USBController.o
 .debug_aranges
                0x00000480       0x30 ./lpcusblib/Drivers/USB/Core/USBMemory.o
 .debug_aranges
                0x000004b0       0x28 ./lpcusblib/Drivers/USB/Core/USBTask.o
 .debug_aranges
                0x000004d8       0x70 ./lpcusblib/Drivers/USB/Class/Host/HIDClassHost.o
 .debug_aranges
                0x00000548       0x38 ./lpcusblib/Drivers/USB/Class/Common/HIDParser.o
 .debug_aranges
                0x00000580       0x68 ./example/src/KeyboardHost.o
 .debug_aranges
                0x000005e8       0x80 ./example/src/cr_startup_lpc43xx.o
 .debug_aranges
                0x00000668       0x20 ./example/src/sysinit.o
 .debug_aranges
                0x00000688      0x160 /home/michele/Scrivania/SE_project/Project/lpc_board_nxp_lpcxpresso_4337/Debug/liblpc_board_nxp_lpcxpresso_4337.a(board.o)
 .debug_aranges
                0x000007e8       0x48 /home/michele/Scrivania/SE_project/Project/lpc_board_nxp_lpcxpresso_4337/Debug/liblpc_board_nxp_lpcxpresso_4337.a(board_sysinit.o)
 .debug_aranges
                0x00000830       0x40 /home/michele/Scrivania/SE_project/Project/lpc_chip_43xx/Debug/liblpc_chip_43xx.a(chip_18xx_43xx.o)
 .debug_aranges
                0x00000870      0x138 /home/michele/Scrivania/SE_project/Project/lpc_chip_43xx/Debug/liblpc_chip_43xx.a(clock_18xx_43xx.o)
 .debug_aranges
                0x000009a8       0x20 /home/michele/Scrivania/SE_project/Project/lpc_chip_43xx/Debug/liblpc_chip_43xx.a(fpu_init.o)
 .debug_aranges
                0x000009c8       0x28 /home/michele/Scrivania/SE_project/Project/lpc_chip_43xx/Debug/liblpc_chip_43xx.a(gpio_18xx_43xx.o)
 .debug_aranges
                0x000009f0       0x50 /home/michele/Scrivania/SE_project/Project/lpc_chip_43xx/Debug/liblpc_chip_43xx.a(sysinit_18xx_43xx.o)
 .debug_aranges
                0x00000a40      0x118 /home/michele/Scrivania/SE_project/Project/lpc_chip_43xx/Debug/liblpc_chip_43xx.a(uart_18xx_43xx.o)

.debug_ranges   0x00000000      0xa08
 .debug_ranges  0x00000000      0x1e8 ./lpcusblib/Drivers/USB/Core/HCD/EHCI/EHCI.o
 .debug_ranges  0x000001e8       0x20 ./lpcusblib/Drivers/USB/Core/HCD/HCD.o
 .debug_ranges  0x00000208       0x50 ./lpcusblib/Drivers/USB/Core/HAL/LPC18XX/HAL_LPC18xx.o
 .debug_ranges  0x00000258       0x38 ./lpcusblib/Drivers/USB/Core/ConfigDescriptor.o
 .debug_ranges  0x00000290       0x50 ./lpcusblib/Drivers/USB/Core/Host.o
 .debug_ranges  0x000002e0       0x40 ./lpcusblib/Drivers/USB/Core/HostStandardReq.o
 .debug_ranges  0x00000320       0x38 ./lpcusblib/Drivers/USB/Core/Pipe.o
 .debug_ranges  0x00000358       0x70 ./lpcusblib/Drivers/USB/Core/PipeStream.o
 .debug_ranges  0x000003c8       0x28 ./lpcusblib/Drivers/USB/Core/USBController.o
 .debug_ranges  0x000003f0       0x20 ./lpcusblib/Drivers/USB/Core/USBMemory.o
 .debug_ranges  0x00000410       0x18 ./lpcusblib/Drivers/USB/Core/USBTask.o
 .debug_ranges  0x00000428       0x60 ./lpcusblib/Drivers/USB/Class/Host/HIDClassHost.o
 .debug_ranges  0x00000488       0x28 ./lpcusblib/Drivers/USB/Class/Common/HIDParser.o
 .debug_ranges  0x000004b0       0x58 ./example/src/KeyboardHost.o
 .debug_ranges  0x00000508       0x70 ./example/src/cr_startup_lpc43xx.o
 .debug_ranges  0x00000578       0x10 ./example/src/sysinit.o
 .debug_ranges  0x00000588      0x150 /home/michele/Scrivania/SE_project/Project/lpc_board_nxp_lpcxpresso_4337/Debug/liblpc_board_nxp_lpcxpresso_4337.a(board.o)
 .debug_ranges  0x000006d8       0x38 /home/michele/Scrivania/SE_project/Project/lpc_board_nxp_lpcxpresso_4337/Debug/liblpc_board_nxp_lpcxpresso_4337.a(board_sysinit.o)
 .debug_ranges  0x00000710       0x30 /home/michele/Scrivania/SE_project/Project/lpc_chip_43xx/Debug/liblpc_chip_43xx.a(chip_18xx_43xx.o)
 .debug_ranges  0x00000740      0x140 /home/michele/Scrivania/SE_project/Project/lpc_chip_43xx/Debug/liblpc_chip_43xx.a(clock_18xx_43xx.o)
 .debug_ranges  0x00000880       0x10 /home/michele/Scrivania/SE_project/Project/lpc_chip_43xx/Debug/liblpc_chip_43xx.a(fpu_init.o)
 .debug_ranges  0x00000890       0x18 /home/michele/Scrivania/SE_project/Project/lpc_chip_43xx/Debug/liblpc_chip_43xx.a(gpio_18xx_43xx.o)
 .debug_ranges  0x000008a8       0x40 /home/michele/Scrivania/SE_project/Project/lpc_chip_43xx/Debug/liblpc_chip_43xx.a(sysinit_18xx_43xx.o)
 .debug_ranges  0x000008e8      0x120 /home/michele/Scrivania/SE_project/Project/lpc_chip_43xx/Debug/liblpc_chip_43xx.a(uart_18xx_43xx.o)

.debug_macro    0x00000000     0xbeec
 .debug_macro   0x00000000      0x483 ./lpcusblib/Drivers/USB/Core/HCD/EHCI/EHCI.o
 .debug_macro   0x00000483      0x8b0 ./lpcusblib/Drivers/USB/Core/HCD/EHCI/EHCI.o
 .debug_macro   0x00000d33       0x28 ./lpcusblib/Drivers/USB/Core/HCD/EHCI/EHCI.o
 .debug_macro   0x00000d5b       0x2e ./lpcusblib/Drivers/USB/Core/HCD/EHCI/EHCI.o
 .debug_macro   0x00000d89       0x10 ./lpcusblib/Drivers/USB/Core/HCD/EHCI/EHCI.o
 .debug_macro   0x00000d99       0x10 ./lpcusblib/Drivers/USB/Core/HCD/EHCI/EHCI.o
 .debug_macro   0x00000da9      0x12d ./lpcusblib/Drivers/USB/Core/HCD/EHCI/EHCI.o
 .debug_macro   0x00000ed6      0x5b2 ./lpcusblib/Drivers/USB/Core/HCD/EHCI/EHCI.o
 .debug_macro   0x00001488       0x22 ./lpcusblib/Drivers/USB/Core/HCD/EHCI/EHCI.o
 .debug_macro   0x000014aa       0x10 ./lpcusblib/Drivers/USB/Core/HCD/EHCI/EHCI.o
 .debug_macro   0x000014ba       0x1c ./lpcusblib/Drivers/USB/Core/HCD/EHCI/EHCI.o
 .debug_macro   0x000014d6       0xc7 ./lpcusblib/Drivers/USB/Core/HCD/EHCI/EHCI.o
 .debug_macro   0x0000159d       0x22 ./lpcusblib/Drivers/USB/Core/HCD/EHCI/EHCI.o
 .debug_macro   0x000015bf       0x86 ./lpcusblib/Drivers/USB/Core/HCD/EHCI/EHCI.o
 .debug_macro   0x00001645       0x2b ./lpcusblib/Drivers/USB/Core/HCD/EHCI/EHCI.o
 .debug_macro   0x00001670       0x3a ./lpcusblib/Drivers/USB/Core/HCD/EHCI/EHCI.o
 .debug_macro   0x000016aa       0x8d ./lpcusblib/Drivers/USB/Core/HCD/EHCI/EHCI.o
 .debug_macro   0x00001737       0x22 ./lpcusblib/Drivers/USB/Core/HCD/EHCI/EHCI.o
 .debug_macro   0x00001759       0x5d ./lpcusblib/Drivers/USB/Core/HCD/EHCI/EHCI.o
 .debug_macro   0x000017b6       0x82 ./lpcusblib/Drivers/USB/Core/HCD/EHCI/EHCI.o
 .debug_macro   0x00001838       0x10 ./lpcusblib/Drivers/USB/Core/HCD/EHCI/EHCI.o
 .debug_macro   0x00001848       0x6c ./lpcusblib/Drivers/USB/Core/HCD/EHCI/EHCI.o
 .debug_macro   0x000018b4       0x28 ./lpcusblib/Drivers/USB/Core/HCD/EHCI/EHCI.o
 .debug_macro   0x000018dc       0x3b ./lpcusblib/Drivers/USB/Core/HCD/EHCI/EHCI.o
 .debug_macro   0x00001917       0x2d ./lpcusblib/Drivers/USB/Core/HCD/EHCI/EHCI.o
 .debug_macro   0x00001944       0x42 ./lpcusblib/Drivers/USB/Core/HCD/EHCI/EHCI.o
 .debug_macro   0x00001986      0xd39 ./lpcusblib/Drivers/USB/Core/HCD/EHCI/EHCI.o
 .debug_macro   0x000026bf      0x2bc ./lpcusblib/Drivers/USB/Core/HCD/EHCI/EHCI.o
 .debug_macro   0x0000297b      0x112 ./lpcusblib/Drivers/USB/Core/HCD/EHCI/EHCI.o
 .debug_macro   0x00002a8d       0x11 ./lpcusblib/Drivers/USB/Core/HCD/EHCI/EHCI.o
 .debug_macro   0x00002a9e       0x2a ./lpcusblib/Drivers/USB/Core/HCD/EHCI/EHCI.o
 .debug_macro   0x00002ac8       0x16 ./lpcusblib/Drivers/USB/Core/HCD/EHCI/EHCI.o
 .debug_macro   0x00002ade      0x2e6 ./lpcusblib/Drivers/USB/Core/HCD/EHCI/EHCI.o
 .debug_macro   0x00002dc4       0x82 ./lpcusblib/Drivers/USB/Core/HCD/EHCI/EHCI.o
 .debug_macro   0x00002e46      0x13d ./lpcusblib/Drivers/USB/Core/HCD/EHCI/EHCI.o
 .debug_macro   0x00002f83      0x198 ./lpcusblib/Drivers/USB/Core/HCD/EHCI/EHCI.o
 .debug_macro   0x0000311b       0x34 ./lpcusblib/Drivers/USB/Core/HCD/EHCI/EHCI.o
 .debug_macro   0x0000314f       0x58 ./lpcusblib/Drivers/USB/Core/HCD/EHCI/EHCI.o
 .debug_macro   0x000031a7      0x236 ./lpcusblib/Drivers/USB/Core/HCD/EHCI/EHCI.o
 .debug_macro   0x000033dd      0x572 ./lpcusblib/Drivers/USB/Core/HCD/EHCI/EHCI.o
 .debug_macro   0x0000394f       0x16 ./lpcusblib/Drivers/USB/Core/HCD/EHCI/EHCI.o
 .debug_macro   0x00003965      0x18a ./lpcusblib/Drivers/USB/Core/HCD/EHCI/EHCI.o
 .debug_macro   0x00003aef       0x88 ./lpcusblib/Drivers/USB/Core/HCD/EHCI/EHCI.o
 .debug_macro   0x00003b77      0x1b9 ./lpcusblib/Drivers/USB/Core/HCD/EHCI/EHCI.o
 .debug_macro   0x00003d30      0x1da ./lpcusblib/Drivers/USB/Core/HCD/EHCI/EHCI.o
 .debug_macro   0x00003f0a       0x40 ./lpcusblib/Drivers/USB/Core/HCD/EHCI/EHCI.o
 .debug_macro   0x00003f4a       0x1c ./lpcusblib/Drivers/USB/Core/HCD/EHCI/EHCI.o
 .debug_macro   0x00003f66       0x2e ./lpcusblib/Drivers/USB/Core/HCD/EHCI/EHCI.o
 .debug_macro   0x00003f94       0x2e ./lpcusblib/Drivers/USB/Core/HCD/EHCI/EHCI.o
 .debug_macro   0x00003fc2       0x22 ./lpcusblib/Drivers/USB/Core/HCD/EHCI/EHCI.o
 .debug_macro   0x00003fe4      0x201 ./lpcusblib/Drivers/USB/Core/HCD/EHCI/EHCI.o
 .debug_macro   0x000041e5       0xe0 ./lpcusblib/Drivers/USB/Core/HCD/EHCI/EHCI.o
 .debug_macro   0x000042c5      0x34c ./lpcusblib/Drivers/USB/Core/HCD/EHCI/EHCI.o
 .debug_macro   0x00004611       0xdc ./lpcusblib/Drivers/USB/Core/HCD/EHCI/EHCI.o
 .debug_macro   0x000046ed       0xc4 ./lpcusblib/Drivers/USB/Core/HCD/EHCI/EHCI.o
 .debug_macro   0x000047b1       0x94 ./lpcusblib/Drivers/USB/Core/HCD/EHCI/EHCI.o
 .debug_macro   0x00004845       0xb8 ./lpcusblib/Drivers/USB/Core/HCD/EHCI/EHCI.o
 .debug_macro   0x000048fd       0x4c ./lpcusblib/Drivers/USB/Core/HCD/EHCI/EHCI.o
 .debug_macro   0x00004949       0x16 ./lpcusblib/Drivers/USB/Core/HCD/EHCI/EHCI.o
 .debug_macro   0x0000495f      0x328 ./lpcusblib/Drivers/USB/Core/HCD/EHCI/EHCI.o
 .debug_macro   0x00004c87       0x3a ./lpcusblib/Drivers/USB/Core/HCD/EHCI/EHCI.o
 .debug_macro   0x00004cc1       0xd0 ./lpcusblib/Drivers/USB/Core/HCD/EHCI/EHCI.o
 .debug_macro   0x00004d91       0x11 ./lpcusblib/Drivers/USB/Core/HCD/EHCI/EHCI.o
 .debug_macro   0x00004da2       0x22 ./lpcusblib/Drivers/USB/Core/HCD/EHCI/EHCI.o
 .debug_macro   0x00004dc4       0x40 ./lpcusblib/Drivers/USB/Core/HCD/EHCI/EHCI.o
 .debug_macro   0x00004e04       0x28 ./lpcusblib/Drivers/USB/Core/HCD/EHCI/EHCI.o
 .debug_macro   0x00004e2c       0x9a ./lpcusblib/Drivers/USB/Core/HCD/EHCI/EHCI.o
 .debug_macro   0x00004ec6       0x56 ./lpcusblib/Drivers/USB/Core/HCD/EHCI/EHCI.o
 .debug_macro   0x00004f1c       0x72 ./lpcusblib/Drivers/USB/Core/HCD/EHCI/EHCI.o
 .debug_macro   0x00004f8e       0x19 ./lpcusblib/Drivers/USB/Core/HCD/EHCI/EHCI.o
 .debug_macro   0x00004fa7       0x27 ./lpcusblib/Drivers/USB/Core/HCD/EHCI/EHCI.o
 .debug_macro   0x00004fce      0x20b ./lpcusblib/Drivers/USB/Core/HCD/EHCI/EHCI.o
 .debug_macro   0x000051d9      0x449 ./lpcusblib/Drivers/USB/Core/HCD/HCD.o
 .debug_macro   0x00005622      0x443 ./lpcusblib/Drivers/USB/Core/HAL/LPC18XX/HAL_LPC18xx.o
 .debug_macro   0x00005a65       0x7b ./lpcusblib/Drivers/USB/Core/HAL/LPC18XX/HAL_LPC18xx.o
 .debug_macro   0x00005ae0       0x18 ./lpcusblib/Drivers/USB/Core/HAL/LPC18XX/HAL_LPC18xx.o
 .debug_macro   0x00005af8       0x1e ./lpcusblib/Drivers/USB/Core/HAL/LPC18XX/HAL_LPC18xx.o
 .debug_macro   0x00005b16      0x446 ./lpcusblib/Drivers/USB/Core/ConfigDescriptor.o
 .debug_macro   0x00005f5c       0x63 ./lpcusblib/Drivers/USB/Core/ConfigDescriptor.o
 .debug_macro   0x00005fbf       0x1c ./lpcusblib/Drivers/USB/Core/ConfigDescriptor.o
 .debug_macro   0x00005fdb      0x451 ./lpcusblib/Drivers/USB/Core/Host.o
 .debug_macro   0x0000642c       0x87 ./lpcusblib/Drivers/USB/Core/Host.o
 .debug_macro   0x000064b3       0x12 ./lpcusblib/Drivers/USB/Core/Host.o
 .debug_macro   0x000064c5      0x43d ./lpcusblib/Drivers/USB/Core/HostStandardReq.o
 .debug_macro   0x00006902      0x441 ./lpcusblib/Drivers/USB/Core/Pipe.o
 .debug_macro   0x00006d43       0x1c ./lpcusblib/Drivers/USB/Core/Pipe.o
 .debug_macro   0x00006d5f      0x449 ./lpcusblib/Drivers/USB/Core/PipeStream.o
 .debug_macro   0x000071a8      0x43e ./lpcusblib/Drivers/USB/Core/USBController.o
 .debug_macro   0x000075e6       0x34 ./lpcusblib/Drivers/USB/Core/USBController.o
 .debug_macro   0x0000761a       0x10 ./lpcusblib/Drivers/USB/Core/USBController.o
 .debug_macro   0x0000762a      0x46d ./lpcusblib/Drivers/USB/Core/USBMemory.o
 .debug_macro   0x00007a97      0x44b ./lpcusblib/Drivers/USB/Core/USBTask.o
 .debug_macro   0x00007ee2      0x5ea ./lpcusblib/Drivers/USB/Class/Host/HIDClassHost.o
 .debug_macro   0x000084cc       0x12 ./lpcusblib/Drivers/USB/Class/Host/HIDClassHost.o
 .debug_macro   0x000084de       0x22 ./lpcusblib/Drivers/USB/Class/Host/HIDClassHost.o
 .debug_macro   0x00008500       0x16 ./lpcusblib/Drivers/USB/Class/Host/HIDClassHost.o
 .debug_macro   0x00008516      0x12a ./lpcusblib/Drivers/USB/Class/Host/HIDClassHost.o
 .debug_macro   0x00008640       0x16 ./lpcusblib/Drivers/USB/Class/Host/HIDClassHost.o
 .debug_macro   0x00008656       0x46 ./lpcusblib/Drivers/USB/Class/Host/HIDClassHost.o
 .debug_macro   0x0000869c       0x16 ./lpcusblib/Drivers/USB/Class/Host/HIDClassHost.o
 .debug_macro   0x000086b2       0x16 ./lpcusblib/Drivers/USB/Class/Host/HIDClassHost.o
 .debug_macro   0x000086c8      0x129 ./lpcusblib/Drivers/USB/Class/Host/HIDClassHost.o
 .debug_macro   0x000087f1       0x11 ./lpcusblib/Drivers/USB/Class/Host/HIDClassHost.o
 .debug_macro   0x00008802       0x16 ./lpcusblib/Drivers/USB/Class/Host/HIDClassHost.o
 .debug_macro   0x00008818       0x10 ./lpcusblib/Drivers/USB/Class/Host/HIDClassHost.o
 .debug_macro   0x00008828       0x1c ./lpcusblib/Drivers/USB/Class/Host/HIDClassHost.o
 .debug_macro   0x00008844       0x16 ./lpcusblib/Drivers/USB/Class/Host/HIDClassHost.o
 .debug_macro   0x0000885a       0x1c ./lpcusblib/Drivers/USB/Class/Host/HIDClassHost.o
 .debug_macro   0x00008876       0x16 ./lpcusblib/Drivers/USB/Class/Host/HIDClassHost.o
 .debug_macro   0x0000888c       0x10 ./lpcusblib/Drivers/USB/Class/Host/HIDClassHost.o
 .debug_macro   0x0000889c      0x1bd ./lpcusblib/Drivers/USB/Class/Host/HIDClassHost.o
 .debug_macro   0x00008a59       0x16 ./lpcusblib/Drivers/USB/Class/Host/HIDClassHost.o
 .debug_macro   0x00008a6f       0x1c ./lpcusblib/Drivers/USB/Class/Host/HIDClassHost.o
 .debug_macro   0x00008a8b       0x11 ./lpcusblib/Drivers/USB/Class/Host/HIDClassHost.o
 .debug_macro   0x00008a9c      0x154 ./lpcusblib/Drivers/USB/Class/Host/HIDClassHost.o
 .debug_macro   0x00008bf0       0x29 ./lpcusblib/Drivers/USB/Class/Host/HIDClassHost.o
 .debug_macro   0x00008c19      0x640 ./lpcusblib/Drivers/USB/Class/Host/HIDClassHost.o
 .debug_macro   0x00009259      0x10a ./lpcusblib/Drivers/USB/Class/Common/HIDParser.o
 .debug_macro   0x00009363      0x5f4 ./example/src/KeyboardHost.o
 .debug_macro   0x00009957       0xfc ./example/src/KeyboardHost.o
 .debug_macro   0x00009a53       0x20 ./example/src/KeyboardHost.o
 .debug_macro   0x00009a73       0x10 ./example/src/KeyboardHost.o
 .debug_macro   0x00009a83       0x20 ./example/src/KeyboardHost.o
 .debug_macro   0x00009aa3       0x1d ./example/src/cr_startup_lpc43xx.o
 .debug_macro   0x00009ac0      0x310 ./example/src/sysinit.o
 .debug_macro   0x00009dd0      0x32d /home/michele/Scrivania/SE_project/Project/lpc_board_nxp_lpcxpresso_4337/Debug/liblpc_board_nxp_lpcxpresso_4337.a(board.o)
 .debug_macro   0x0000a0fd      0x89e /home/michele/Scrivania/SE_project/Project/lpc_board_nxp_lpcxpresso_4337/Debug/liblpc_board_nxp_lpcxpresso_4337.a(board.o)
 .debug_macro   0x0000a99b      0x339 /home/michele/Scrivania/SE_project/Project/lpc_board_nxp_lpcxpresso_4337/Debug/liblpc_board_nxp_lpcxpresso_4337.a(board.o)
 .debug_macro   0x0000acd4      0x310 /home/michele/Scrivania/SE_project/Project/lpc_board_nxp_lpcxpresso_4337/Debug/liblpc_board_nxp_lpcxpresso_4337.a(board_sysinit.o)
 .debug_macro   0x0000afe4      0x2da /home/michele/Scrivania/SE_project/Project/lpc_chip_43xx/Debug/liblpc_chip_43xx.a(chip_18xx_43xx.o)
 .debug_macro   0x0000b2be      0x2e0 /home/michele/Scrivania/SE_project/Project/lpc_chip_43xx/Debug/liblpc_chip_43xx.a(clock_18xx_43xx.o)
 .debug_macro   0x0000b59e       0xc0 /home/michele/Scrivania/SE_project/Project/lpc_chip_43xx/Debug/liblpc_chip_43xx.a(fpu_init.o)
 .debug_macro   0x0000b65e      0x2da /home/michele/Scrivania/SE_project/Project/lpc_chip_43xx/Debug/liblpc_chip_43xx.a(gpio_18xx_43xx.o)
 .debug_macro   0x0000b938      0x2da /home/michele/Scrivania/SE_project/Project/lpc_chip_43xx/Debug/liblpc_chip_43xx.a(sysinit_18xx_43xx.o)
 .debug_macro   0x0000bc12      0x2da /home/michele/Scrivania/SE_project/Project/lpc_chip_43xx/Debug/liblpc_chip_43xx.a(uart_18xx_43xx.o)

.debug_line     0x00000000     0xeaa9
 .debug_line    0x00000000     0x16cc ./lpcusblib/Drivers/USB/Core/HCD/EHCI/EHCI.o
 .debug_line    0x000016cc      0xad0 ./lpcusblib/Drivers/USB/Core/HCD/HCD.o
 .debug_line    0x0000219c      0xb98 ./lpcusblib/Drivers/USB/Core/HAL/LPC18XX/HAL_LPC18xx.o
 .debug_line    0x00002d34      0xa41 ./lpcusblib/Drivers/USB/Core/ConfigDescriptor.o
 .debug_line    0x00003775      0xa80 ./lpcusblib/Drivers/USB/Core/Host.o
 .debug_line    0x000041f5      0xa6b ./lpcusblib/Drivers/USB/Core/HostStandardReq.o
 .debug_line    0x00004c60      0xa74 ./lpcusblib/Drivers/USB/Core/Pipe.o
 .debug_line    0x000056d4      0xb3f ./lpcusblib/Drivers/USB/Core/PipeStream.o
 .debug_line    0x00006213      0x9d8 ./lpcusblib/Drivers/USB/Core/USBController.o
 .debug_line    0x00006beb      0xa97 ./lpcusblib/Drivers/USB/Core/USBMemory.o
 .debug_line    0x00007682      0x9c4 ./lpcusblib/Drivers/USB/Core/USBTask.o
 .debug_line    0x00008046     0x1196 ./lpcusblib/Drivers/USB/Class/Host/HIDClassHost.o
 .debug_line    0x000091dc      0x49e ./lpcusblib/Drivers/USB/Class/Common/HIDParser.o
 .debug_line    0x0000967a     0x13b0 ./example/src/KeyboardHost.o
 .debug_line    0x0000aa2a      0x102 ./example/src/cr_startup_lpc43xx.o
 .debug_line    0x0000ab2c      0x65a ./example/src/sysinit.o
 .debug_line    0x0000b186      0x9e6 /home/michele/Scrivania/SE_project/Project/lpc_board_nxp_lpcxpresso_4337/Debug/liblpc_board_nxp_lpcxpresso_4337.a(board.o)
 .debug_line    0x0000bb6c      0x6e1 /home/michele/Scrivania/SE_project/Project/lpc_board_nxp_lpcxpresso_4337/Debug/liblpc_board_nxp_lpcxpresso_4337.a(board_sysinit.o)
 .debug_line    0x0000c24d      0x64b /home/michele/Scrivania/SE_project/Project/lpc_chip_43xx/Debug/liblpc_chip_43xx.a(chip_18xx_43xx.o)
 .debug_line    0x0000c898      0xa48 /home/michele/Scrivania/SE_project/Project/lpc_chip_43xx/Debug/liblpc_chip_43xx.a(clock_18xx_43xx.o)
 .debug_line    0x0000d2e0      0x1f7 /home/michele/Scrivania/SE_project/Project/lpc_chip_43xx/Debug/liblpc_chip_43xx.a(fpu_init.o)
 .debug_line    0x0000d4d7      0x5f1 /home/michele/Scrivania/SE_project/Project/lpc_chip_43xx/Debug/liblpc_chip_43xx.a(gpio_18xx_43xx.o)
 .debug_line    0x0000dac8      0x6b9 /home/michele/Scrivania/SE_project/Project/lpc_chip_43xx/Debug/liblpc_chip_43xx.a(sysinit_18xx_43xx.o)
 .debug_line    0x0000e181      0x928 /home/michele/Scrivania/SE_project/Project/lpc_chip_43xx/Debug/liblpc_chip_43xx.a(uart_18xx_43xx.o)

.debug_str      0x00000000    0x241b9
 .debug_str     0x00000000    0x1935d ./lpcusblib/Drivers/USB/Core/HCD/EHCI/EHCI.o
                              0x19586 (size before relaxing)
 .debug_str     0x0001935d       0x5e ./lpcusblib/Drivers/USB/Core/HCD/HCD.o
                              0x1745b (size before relaxing)
 .debug_str     0x000193bb      0x63a ./lpcusblib/Drivers/USB/Core/HAL/LPC18XX/HAL_LPC18xx.o
                              0x180d1 (size before relaxing)
 .debug_str     0x000199f5      0x7fe ./lpcusblib/Drivers/USB/Core/ConfigDescriptor.o
                              0x17775 (size before relaxing)
 .debug_str     0x0001a1f3      0x561 ./lpcusblib/Drivers/USB/Core/Host.o
                              0x181f7 (size before relaxing)
 .debug_str     0x0001a754      0x212 ./lpcusblib/Drivers/USB/Core/HostStandardReq.o
                              0x17f80 (size before relaxing)
 .debug_str     0x0001a966      0x186 ./lpcusblib/Drivers/USB/Core/Pipe.o
                              0x180dd (size before relaxing)
 .debug_str     0x0001aaec      0x236 ./lpcusblib/Drivers/USB/Core/PipeStream.o
                              0x17596 (size before relaxing)
 .debug_str     0x0001ad22       0xa9 ./lpcusblib/Drivers/USB/Core/USBController.o
                              0x17f62 (size before relaxing)
 .debug_str     0x0001adcb      0x1ec ./lpcusblib/Drivers/USB/Core/USBMemory.o
                              0x17aef (size before relaxing)
 .debug_str     0x0001afb7       0x78 ./lpcusblib/Drivers/USB/Core/USBTask.o
                              0x17a13 (size before relaxing)
 .debug_str     0x0001b02f     0x60fa ./lpcusblib/Drivers/USB/Class/Host/HIDClassHost.o
                              0x1d90e (size before relaxing)
 .debug_str     0x00021129      0x16d ./lpcusblib/Drivers/USB/Class/Common/HIDParser.o
                               0x8b04 (size before relaxing)
 .debug_str     0x00021296      0x6b3 ./example/src/KeyboardHost.o
                              0x1e0d5 (size before relaxing)
 .debug_str     0x00021949      0x1ca ./example/src/cr_startup_lpc43xx.o
                               0x2789 (size before relaxing)
 .debug_str     0x00021b13       0x23 ./example/src/sysinit.o
                              0x15759 (size before relaxing)
 .debug_str     0x00021b36     0x19b0 /home/michele/Scrivania/SE_project/Project/lpc_board_nxp_lpcxpresso_4337/Debug/liblpc_board_nxp_lpcxpresso_4337.a(board.o)
                              0x17b58 (size before relaxing)
 .debug_str     0x000234e6      0x125 /home/michele/Scrivania/SE_project/Project/lpc_board_nxp_lpcxpresso_4337/Debug/liblpc_board_nxp_lpcxpresso_4337.a(board_sysinit.o)
                              0x164c9 (size before relaxing)
 .debug_str     0x0002360b       0xd8 /home/michele/Scrivania/SE_project/Project/lpc_chip_43xx/Debug/liblpc_chip_43xx.a(chip_18xx_43xx.o)
                              0x15deb (size before relaxing)
 .debug_str     0x000236e3      0x5dc /home/michele/Scrivania/SE_project/Project/lpc_chip_43xx/Debug/liblpc_chip_43xx.a(clock_18xx_43xx.o)
                              0x1636e (size before relaxing)
 .debug_str     0x00023cbf       0xb5 /home/michele/Scrivania/SE_project/Project/lpc_chip_43xx/Debug/liblpc_chip_43xx.a(fpu_init.o)
                               0x9954 (size before relaxing)
 .debug_str     0x00023d74       0x38 /home/michele/Scrivania/SE_project/Project/lpc_chip_43xx/Debug/liblpc_chip_43xx.a(gpio_18xx_43xx.o)
                              0x15101 (size before relaxing)
 .debug_str     0x00023dac       0xb4 /home/michele/Scrivania/SE_project/Project/lpc_chip_43xx/Debug/liblpc_chip_43xx.a(sysinit_18xx_43xx.o)
                              0x15dba (size before relaxing)
 .debug_str     0x00023e60      0x359 /home/michele/Scrivania/SE_project/Project/lpc_chip_43xx/Debug/liblpc_chip_43xx.a(uart_18xx_43xx.o)
                              0x15f1e (size before relaxing)

.comment        0x00000000       0xdc
 .comment       0x00000000       0x6e ./lpcusblib/Drivers/USB/Core/HCD/EHCI/EHCI.o
                                 0x6f (size before relaxing)
 .comment       0x0000006e       0x6f ./lpcusblib/Drivers/USB/Core/HCD/HCD.o
 .comment       0x0000006e       0x6f ./lpcusblib/Drivers/USB/Core/HAL/LPC18XX/HAL_LPC18xx.o
 .comment       0x0000006e       0x6f ./lpcusblib/Drivers/USB/Core/ConfigDescriptor.o
 .comment       0x0000006e       0x6f ./lpcusblib/Drivers/USB/Core/Host.o
 .comment       0x0000006e       0x6f ./lpcusblib/Drivers/USB/Core/HostStandardReq.o
 .comment       0x0000006e       0x6f ./lpcusblib/Drivers/USB/Core/Pipe.o
 .comment       0x0000006e       0x6f ./lpcusblib/Drivers/USB/Core/PipeStream.o
 .comment       0x0000006e       0x6f ./lpcusblib/Drivers/USB/Core/USBController.o
 .comment       0x0000006e       0x6f ./lpcusblib/Drivers/USB/Core/USBMemory.o
 .comment       0x0000006e       0x6f ./lpcusblib/Drivers/USB/Core/USBTask.o
 .comment       0x0000006e       0x6f ./lpcusblib/Drivers/USB/Class/Host/HIDClassHost.o
 .comment       0x0000006e       0x6f ./lpcusblib/Drivers/USB/Class/Common/HIDParser.o
 .comment       0x0000006e       0x6f ./example/src/KeyboardHost.o
 .comment       0x0000006e       0x6f ./example/src/cr_startup_lpc43xx.o
 .comment       0x0000006e       0x6f ./example/src/sysinit.o
 .comment       0x0000006e       0x6f /home/michele/Scrivania/SE_project/Project/lpc_board_nxp_lpcxpresso_4337/Debug/liblpc_board_nxp_lpcxpresso_4337.a(board.o)
 .comment       0x0000006e       0x6f /home/michele/Scrivania/SE_project/Project/lpc_board_nxp_lpcxpresso_4337/Debug/liblpc_board_nxp_lpcxpresso_4337.a(board_sysinit.o)
 .comment       0x0000006e       0x6f /home/michele/Scrivania/SE_project/Project/lpc_chip_43xx/Debug/liblpc_chip_43xx.a(chip_18xx_43xx.o)
 .comment       0x0000006e       0x6f /home/michele/Scrivania/SE_project/Project/lpc_chip_43xx/Debug/liblpc_chip_43xx.a(clock_18xx_43xx.o)
 .comment       0x0000006e       0x6f /home/michele/Scrivania/SE_project/Project/lpc_chip_43xx/Debug/liblpc_chip_43xx.a(fpu_init.o)
 .comment       0x0000006e       0x6f /home/michele/Scrivania/SE_project/Project/lpc_chip_43xx/Debug/liblpc_chip_43xx.a(gpio_18xx_43xx.o)
 .comment       0x0000006e       0x6f /home/michele/Scrivania/SE_project/Project/lpc_chip_43xx/Debug/liblpc_chip_43xx.a(sysinit_18xx_43xx.o)
 .comment       0x0000006e       0x6f /home/michele/Scrivania/SE_project/Project/lpc_chip_43xx/Debug/liblpc_chip_43xx.a(uart_18xx_43xx.o)
 .comment       0x0000006e       0x6e /usr/local/lpcxpresso_8.2.2_650/lpcxpresso/tools/bin/../lib/gcc/arm-none-eabi/5.4.1/../../../../arm-none-eabi/lib/armv7e-m/softfp/libcr_nohost.a(_cr__main.o)
                                 0x6f (size before relaxing)
 .comment       0x000000dc       0x6f /usr/local/lpcxpresso_8.2.2_650/lpcxpresso/tools/bin/../lib/gcc/arm-none-eabi/5.4.1/../../../../arm-none-eabi/lib/armv7e-m/softfp/libcr_c.a(memset.o)
 .comment       0x000000dc       0x6f /usr/local/lpcxpresso_8.2.2_650/lpcxpresso/tools/bin/../lib/gcc/arm-none-eabi/5.4.1/../../../../arm-none-eabi/lib/armv7e-m/softfp/libcr_c.a(_deferredlazyseek.o)
 .comment       0x000000dc       0x6f /usr/local/lpcxpresso_8.2.2_650/lpcxpresso/tools/bin/../lib/gcc/arm-none-eabi/5.4.1/../../../../arm-none-eabi/lib/armv7e-m/softfp/libcr_c.a(_fflush.o)